Archive member included to satisfy reference by file (symbol)

/usr/local/Cellar/arm-none-eabi-gcc/7-2018-q2-update/gcc/bin/../lib/gcc/arm-none-eabi/7.3.1/../../../../arm-none-eabi/lib/thumb/v7e-m/fpv4-sp/hard/libc_nano.a(lib_a-exit.o)
                              /usr/local/Cellar/arm-none-eabi-gcc/7-2018-q2-update/gcc/bin/../lib/gcc/arm-none-eabi/7.3.1/../../../../arm-none-eabi/lib/thumb/v7e-m/fpv4-sp/hard/crt0.o (exit)
/usr/local/Cellar/arm-none-eabi-gcc/7-2018-q2-update/gcc/bin/../lib/gcc/arm-none-eabi/7.3.1/../../../../arm-none-eabi/lib/thumb/v7e-m/fpv4-sp/hard/libc_nano.a(lib_a-impure.o)
                              /usr/local/Cellar/arm-none-eabi-gcc/7-2018-q2-update/gcc/bin/../lib/gcc/arm-none-eabi/7.3.1/../../../../arm-none-eabi/lib/thumb/v7e-m/fpv4-sp/hard/libc_nano.a(lib_a-exit.o) (_global_impure_ptr)
/usr/local/Cellar/arm-none-eabi-gcc/7-2018-q2-update/gcc/bin/../lib/gcc/arm-none-eabi/7.3.1/../../../../arm-none-eabi/lib/thumb/v7e-m/fpv4-sp/hard/libc_nano.a(lib_a-init.o)
                              /usr/local/Cellar/arm-none-eabi-gcc/7-2018-q2-update/gcc/bin/../lib/gcc/arm-none-eabi/7.3.1/../../../../arm-none-eabi/lib/thumb/v7e-m/fpv4-sp/hard/crt0.o (__libc_init_array)
/usr/local/Cellar/arm-none-eabi-gcc/7-2018-q2-update/gcc/bin/../lib/gcc/arm-none-eabi/7.3.1/../../../../arm-none-eabi/lib/thumb/v7e-m/fpv4-sp/hard/libc_nano.a(lib_a-memset.o)
                              /usr/local/Cellar/arm-none-eabi-gcc/7-2018-q2-update/gcc/bin/../lib/gcc/arm-none-eabi/7.3.1/../../../../arm-none-eabi/lib/thumb/v7e-m/fpv4-sp/hard/crt0.o (memset)
/usr/local/Cellar/arm-none-eabi-gcc/7-2018-q2-update/gcc/bin/../lib/gcc/arm-none-eabi/7.3.1/../../../../arm-none-eabi/lib/thumb/v7e-m/fpv4-sp/hard/libnosys.a(_exit.o)
                              /usr/local/Cellar/arm-none-eabi-gcc/7-2018-q2-update/gcc/bin/../lib/gcc/arm-none-eabi/7.3.1/../../../../arm-none-eabi/lib/thumb/v7e-m/fpv4-sp/hard/libc_nano.a(lib_a-exit.o) (_exit)

Allocating common symbols
Common symbol       size              file

htim4               0x40              build/tim.o
uwTick              0x4               build/stm32f3xx_hal.o
pFlash              0x20              build/stm32f3xx_hal_flash.o
htim3               0x40              build/tim.o
ledupdate           0x1               build/main.o
leds                0xc               build/main.o
htim6               0x40              build/tim.o

Discarded input sections

 .text          0x0000000000000000        0x0 /usr/local/Cellar/arm-none-eabi-gcc/7-2018-q2-update/gcc/bin/../lib/gcc/arm-none-eabi/7.3.1/thumb/v7e-m/fpv4-sp/hard/crti.o
 .data          0x0000000000000000        0x0 /usr/local/Cellar/arm-none-eabi-gcc/7-2018-q2-update/gcc/bin/../lib/gcc/arm-none-eabi/7.3.1/thumb/v7e-m/fpv4-sp/hard/crti.o
 .bss           0x0000000000000000        0x0 /usr/local/Cellar/arm-none-eabi-gcc/7-2018-q2-update/gcc/bin/../lib/gcc/arm-none-eabi/7.3.1/thumb/v7e-m/fpv4-sp/hard/crti.o
 .data          0x0000000000000000        0x4 /usr/local/Cellar/arm-none-eabi-gcc/7-2018-q2-update/gcc/bin/../lib/gcc/arm-none-eabi/7.3.1/thumb/v7e-m/fpv4-sp/hard/crtbegin.o
 .text          0x0000000000000000       0x74 /usr/local/Cellar/arm-none-eabi-gcc/7-2018-q2-update/gcc/bin/../lib/gcc/arm-none-eabi/7.3.1/../../../../arm-none-eabi/lib/thumb/v7e-m/fpv4-sp/hard/crt0.o
 .data          0x0000000000000000        0x0 /usr/local/Cellar/arm-none-eabi-gcc/7-2018-q2-update/gcc/bin/../lib/gcc/arm-none-eabi/7.3.1/../../../../arm-none-eabi/lib/thumb/v7e-m/fpv4-sp/hard/crt0.o
 .bss           0x0000000000000000        0x0 /usr/local/Cellar/arm-none-eabi-gcc/7-2018-q2-update/gcc/bin/../lib/gcc/arm-none-eabi/7.3.1/../../../../arm-none-eabi/lib/thumb/v7e-m/fpv4-sp/hard/crt0.o
 .ARM.extab     0x0000000000000000        0x0 /usr/local/Cellar/arm-none-eabi-gcc/7-2018-q2-update/gcc/bin/../lib/gcc/arm-none-eabi/7.3.1/../../../../arm-none-eabi/lib/thumb/v7e-m/fpv4-sp/hard/crt0.o
 .ARM.exidx     0x0000000000000000        0x8 /usr/local/Cellar/arm-none-eabi-gcc/7-2018-q2-update/gcc/bin/../lib/gcc/arm-none-eabi/7.3.1/../../../../arm-none-eabi/lib/thumb/v7e-m/fpv4-sp/hard/crt0.o
 .ARM.attributes
                0x0000000000000000       0x20 /usr/local/Cellar/arm-none-eabi-gcc/7-2018-q2-update/gcc/bin/../lib/gcc/arm-none-eabi/7.3.1/../../../../arm-none-eabi/lib/thumb/v7e-m/fpv4-sp/hard/crt0.o
 .text          0x0000000000000000        0x0 build/main.o
 .data          0x0000000000000000        0x0 build/main.o
 .bss           0x0000000000000000        0x0 build/main.o
 .text          0x0000000000000000        0x0 build/led.o
 .data          0x0000000000000000        0x0 build/led.o
 .bss           0x0000000000000000        0x0 build/led.o
 .text          0x0000000000000000        0x0 build/tim.o
 .data          0x0000000000000000        0x0 build/tim.o
 .bss           0x0000000000000000        0x0 build/tim.o
 .text.HAL_TIM_Base_MspDeInit
                0x0000000000000000       0x54 build/tim.o
[...]
Memory Configuration

Name             Origin             Length             Attributes
RAM              0x0000000020000000 0x0000000000008000 xrw
FLASH            0x0000000008000000 0x0000000000002800 xr
*default*        0x0000000000000000 0xffffffffffffffff

Linker script and memory map

LOAD /usr/local/Cellar/arm-none-eabi-gcc/7-2018-q2-update/gcc/bin/../lib/gcc/arm-none-eabi/7.3.1/thumb/v7e-m/fpv4-sp/hard/crti.o
LOAD /usr/local/Cellar/arm-none-eabi-gcc/7-2018-q2-update/gcc/bin/../lib/gcc/arm-none-eabi/7.3.1/thumb/v7e-m/fpv4-sp/hard/crtbegin.o
LOAD /usr/local/Cellar/arm-none-eabi-gcc/7-2018-q2-update/gcc/bin/../lib/gcc/arm-none-eabi/7.3.1/../../../../arm-none-eabi/lib/thumb/v7e-m/fpv4-sp/hard/crt0.o
LOAD build/main.o
LOAD build/led.o
LOAD build/tim.o
LOAD build/system_stm32f3xx.o
LOAD build/stm32f3xx_it.o
LOAD build/stm32f3xx_hal_msp.o
LOAD build/stm32f3xx_hal.o
LOAD build/stm32f3xx_hal_cortex.o
LOAD build/stm32f3xx_hal_flash.o
LOAD build/stm32f3xx_hal_flash_ex.o
LOAD build/stm32f3xx_hal_rcc.o
LOAD build/stm32f3xx_hal_rcc_ex.o
LOAD build/stm32f3xx_hal_tim.o
LOAD build/stm32f3xx_hal_tim_ex.o
LOAD build/stm32f3xx_hal_pwr.o
LOAD build/stm32f3xx_hal_gpio.o
LOAD build/stm32f3xx_hal_pwr_ex.o
LOAD build/startup_stm32f373xc.o
LOAD /usr/local/Cellar/arm-none-eabi-gcc/7-2018-q2-update/gcc/bin/../lib/gcc/arm-none-eabi/7.3.1/../../../../arm-none-eabi/lib/thumb/v7e-m/fpv4-sp/hard/libc_nano.a
LOAD /usr/local/Cellar/arm-none-eabi-gcc/7-2018-q2-update/gcc/bin/../lib/gcc/arm-none-eabi/7.3.1/../../../../arm-none-eabi/lib/thumb/v7e-m/fpv4-sp/hard/libm.a
LOAD /usr/local/Cellar/arm-none-eabi-gcc/7-2018-q2-update/gcc/bin/../lib/gcc/arm-none-eabi/7.3.1/../../../../arm-none-eabi/lib/thumb/v7e-m/fpv4-sp/hard/libnosys.a
START GROUP
LOAD /usr/local/Cellar/arm-none-eabi-gcc/7-2018-q2-update/gcc/bin/../lib/gcc/arm-none-eabi/7.3.1/thumb/v7e-m/fpv4-sp/hard/libgcc.a
LOAD /usr/local/Cellar/arm-none-eabi-gcc/7-2018-q2-update/gcc/bin/../lib/gcc/arm-none-eabi/7.3.1/../../../../arm-none-eabi/lib/thumb/v7e-m/fpv4-sp/hard/libc_nano.a
END GROUP
START GROUP
LOAD /usr/local/Cellar/arm-none-eabi-gcc/7-2018-q2-update/gcc/bin/../lib/gcc/arm-none-eabi/7.3.1/thumb/v7e-m/fpv4-sp/hard/libgcc.a
LOAD /usr/local/Cellar/arm-none-eabi-gcc/7-2018-q2-update/gcc/bin/../lib/gcc/arm-none-eabi/7.3.1/../../../../arm-none-eabi/lib/thumb/v7e-m/fpv4-sp/hard/libc_nano.a
END GROUP
LOAD /usr/local/Cellar/arm-none-eabi-gcc/7-2018-q2-update/gcc/bin/../lib/gcc/arm-none-eabi/7.3.1/thumb/v7e-m/fpv4-sp/hard/crtend.o
LOAD /usr/local/Cellar/arm-none-eabi-gcc/7-2018-q2-update/gcc/bin/../lib/gcc/arm-none-eabi/7.3.1/thumb/v7e-m/fpv4-sp/hard/crtn.o
                0x0000000020008000                _estack = 0x20008000
                0x0000000000000200                _Min_Heap_Size = 0x200
                0x0000000000000400                _Min_Stack_Size = 0x400

.isr_vector     0x0000000008000000      0x188
                0x0000000008000000                . = ALIGN (0x4)
 *(.isr_vector)
 .isr_vector    0x0000000008000000      0x188 build/startup_stm32f373xc.o
                0x0000000008000000                g_pfnVectors
                0x0000000008000188                . = ALIGN (0x4)

.text           0x0000000008000188     0x1d18
                0x0000000008000188                . = ALIGN (0x4)
 *(.text)
 .text          0x0000000008000188       0x40 /usr/local/Cellar/arm-none-eabi-gcc/7-2018-q2-update/gcc/bin/../lib/gcc/arm-none-eabi/7.3.1/thumb/v7e-m/fpv4-sp/hard/crtbegin.o
 *(.text*)
 .text.Jump     0x00000000080001c8       0x24 build/main.o
                0x00000000080001c8                Jump
 .text.EraseAppPage
                0x00000000080001ec       0x36 build/main.o
                0x00000000080001ec                EraseAppPage
 .text.ReadWord
                0x0000000008000222        0xc build/main.o
                0x0000000008000222                ReadWord
 .text.FlashWord
                0x000000000800022e       0x18 build/main.o
                0x000000000800022e                FlashWord
 *fill*         0x0000000008000246        0x2 
 .text.CheckUpdate
                0x0000000008000248       0x24 build/main.o
                0x0000000008000248                CheckUpdate
 .text.UpdateApp
                0x000000000800026c       0x38 build/main.o
                0x000000000800026c                UpdateApp
 .text.SystemClock_Config
                0x00000000080002a4       0x6a build/main.o
                0x00000000080002a4                SystemClock_Config
 .text.main     0x000000000800030e       0x52 build/main.o
                0x000000000800030e                main
 .text.Error_Handler
                0x0000000008000360        0x2 build/main.o
                0x0000000008000360                Error_Handler
 *fill*         0x0000000008000362        0x2 
 .text.LED_Update
                0x0000000008000364       0x38 build/led.o
                0x0000000008000364                LED_Update
 .text.LED_SetRed
                0x000000000800039c       0x28 build/led.o
                0x000000000800039c                LED_SetRed
 .text.LED_SetOrange
                0x00000000080003c4       0x28 build/led.o
                0x00000000080003c4                LED_SetOrange
 .text.LED_SetGreen
                0x00000000080003ec       0x28 build/led.o
                0x00000000080003ec                LED_SetGreen
 .text.LED_Init
                0x0000000008000414       0x54 build/led.o
                0x0000000008000414                LED_Init
 .text.HAL_TIM_Base_MspInit
                0x0000000008000468       0x80 build/tim.o
                0x0000000008000468                HAL_TIM_Base_MspInit
 .text.HAL_TIM_MspPostInit
                0x00000000080004e8       0xb0 build/tim.o
                0x00000000080004e8                HAL_TIM_MspPostInit
 .text.MX_TIM3_Init
                0x0000000008000598       0xf0 build/tim.o
                0x0000000008000598                MX_TIM3_Init
 .text.MX_TIM4_Init
                0x0000000008000688       0xf0 build/tim.o
                0x0000000008000688                MX_TIM4_Init
 .text.SystemInit
                0x0000000008000778       0x68 build/system_stm32f3xx.o
                0x0000000008000778                SystemInit
 .text.NMI_Handler
                0x00000000080007e0        0x2 build/stm32f3xx_it.o
                0x00000000080007e0                NMI_Handler
 .text.HardFault_Handler
                0x00000000080007e2        0x2 build/stm32f3xx_it.o
                0x00000000080007e2                HardFault_Handler
 .text.MemManage_Handler
                0x00000000080007e4        0x2 build/stm32f3xx_it.o
                0x00000000080007e4                MemManage_Handler
 .text.BusFault_Handler
                0x00000000080007e6        0x2 build/stm32f3xx_it.o
                0x00000000080007e6                BusFault_Handler
 .text.UsageFault_Handler
                0x00000000080007e8        0x2 build/stm32f3xx_it.o
                0x00000000080007e8                UsageFault_Handler
 .text.SVC_Handler
                0x00000000080007ea        0x2 build/stm32f3xx_it.o
                0x00000000080007ea                SVC_Handler
 .text.DebugMon_Handler
                0x00000000080007ec        0x2 build/stm32f3xx_it.o
                0x00000000080007ec                DebugMon_Handler
 .text.PendSV_Handler
                0x00000000080007ee        0x2 build/stm32f3xx_it.o
                0x00000000080007ee                PendSV_Handler
 .text.SysTick_Handler
                0x00000000080007f0        0x8 build/stm32f3xx_it.o
                0x00000000080007f0                SysTick_Handler
 .text.HAL_MspInit
                0x00000000080007f8       0x30 build/stm32f3xx_hal_msp.o
                0x00000000080007f8                HAL_MspInit
 .text.HAL_MspDeInit
                0x0000000008000828        0x2 build/stm32f3xx_hal.o
                0x0000000008000828                HAL_MspDeInit
 *fill*         0x000000000800082a        0x2 
 .text.HAL_DeInit
                0x000000000800082c       0x24 build/stm32f3xx_hal.o
                0x000000000800082c                HAL_DeInit
 .text.HAL_InitTick
                0x0000000008000850       0x2c build/stm32f3xx_hal.o
                0x0000000008000850                HAL_InitTick
 .text.HAL_Init
                0x000000000800087c       0x24 build/stm32f3xx_hal.o
                0x000000000800087c                HAL_Init
 .text.HAL_IncTick
                0x00000000080008a0       0x10 build/stm32f3xx_hal.o
                0x00000000080008a0                HAL_IncTick
 .text.HAL_GetTick
                0x00000000080008b0        0xc build/stm32f3xx_hal.o
                0x00000000080008b0                HAL_GetTick
 .text.HAL_Delay
                0x00000000080008bc       0x1c build/stm32f3xx_hal.o
                0x00000000080008bc                HAL_Delay
 .text.HAL_NVIC_SetPriorityGrouping
                0x00000000080008d8       0x24 build/stm32f3xx_hal_cortex.o
                0x00000000080008d8                HAL_NVIC_SetPriorityGrouping
 .text.HAL_NVIC_SetPriority
                0x00000000080008fc       0x68 build/stm32f3xx_hal_cortex.o
                0x00000000080008fc                HAL_NVIC_SetPriority
 .text.HAL_NVIC_EnableIRQ
                0x0000000008000964       0x18 build/stm32f3xx_hal_cortex.o
                0x0000000008000964                HAL_NVIC_EnableIRQ
 .text.HAL_SYSTICK_Config
                0x000000000800097c       0x2c build/stm32f3xx_hal_cortex.o
                0x000000000800097c                HAL_SYSTICK_Config
 .text.FLASH_Program_HalfWord
                0x00000000080009a8       0x1c build/stm32f3xx_hal_flash.o
 .text.FLASH_SetErrorCode
                0x00000000080009c4       0x40 build/stm32f3xx_hal_flash.o
 .text.HAL_FLASH_Unlock
                0x0000000008000a04       0x28 build/stm32f3xx_hal_flash.o
                0x0000000008000a04                HAL_FLASH_Unlock
 .text.HAL_FLASH_Lock
                0x0000000008000a2c       0x14 build/stm32f3xx_hal_flash.o
                0x0000000008000a2c                HAL_FLASH_Lock
 .text.FLASH_WaitForLastOperation
                0x0000000008000a40       0x64 build/stm32f3xx_hal_flash.o
                0x0000000008000a40                FLASH_WaitForLastOperation
 .text.HAL_FLASH_Program
                0x0000000008000aa4       0x9c build/stm32f3xx_hal_flash.o
                0x0000000008000aa4                HAL_FLASH_Program
 .text.FLASH_MassErase
                0x0000000008000b40       0x24 build/stm32f3xx_hal_flash_ex.o
 .text.FLASH_PageErase
                0x0000000008000b64       0x24 build/stm32f3xx_hal_flash_ex.o
                0x0000000008000b64                FLASH_PageErase
 .text.HAL_FLASHEx_Erase
                0x0000000008000b88       0xa4 build/stm32f3xx_hal_flash_ex.o
                0x0000000008000b88                HAL_FLASHEx_Erase
 .text.HAL_RCC_OscConfig
                0x0000000008000c2c      0x610 build/stm32f3xx_hal_rcc.o
                0x0000000008000c2c                HAL_RCC_OscConfig
 .text.HAL_RCC_GetSysClockFreq
                0x000000000800123c       0x70 build/stm32f3xx_hal_rcc.o
                0x000000000800123c                HAL_RCC_GetSysClockFreq
 .text.HAL_RCC_ClockConfig
                0x00000000080012ac      0x1d4 build/stm32f3xx_hal_rcc.o
                0x00000000080012ac                HAL_RCC_ClockConfig
 .text.HAL_RCCEx_PeriphCLKConfig
                0x0000000008001480      0x210 build/stm32f3xx_hal_rcc_ex.o
                0x0000000008001480                HAL_RCCEx_PeriphCLKConfig
 .text.TIM_TI1_ConfigInputStage
                0x0000000008001690       0x26 build/stm32f3xx_hal_tim.o
 .text.TIM_TI2_ConfigInputStage
                0x00000000080016b6       0x28 build/stm32f3xx_hal_tim.o
 .text.TIM_ITRx_SetConfig
                0x00000000080016de       0x10 build/stm32f3xx_hal_tim.o
 .text.HAL_TIM_PWM_MspInit
                0x00000000080016ee        0x2 build/stm32f3xx_hal_tim.o
                0x00000000080016ee                HAL_TIM_PWM_MspInit
 .text.TIM_Base_SetConfig
                0x00000000080016f0       0xc4 build/stm32f3xx_hal_tim.o
                0x00000000080016f0                TIM_Base_SetConfig
 .text.HAL_TIM_Base_Init
                0x00000000080017b4       0x32 build/stm32f3xx_hal_tim.o
                0x00000000080017b4                HAL_TIM_Base_Init
 .text.HAL_TIM_PWM_Init
                0x00000000080017e6       0x32 build/stm32f3xx_hal_tim.o
                0x00000000080017e6                HAL_TIM_PWM_Init
 .text.TIM_OC1_SetConfig
                0x0000000008001818       0x78 build/stm32f3xx_hal_tim.o
                0x0000000008001818                TIM_OC1_SetConfig
 .text.TIM_OC2_SetConfig
                0x0000000008001890       0x5c build/stm32f3xx_hal_tim.o
                0x0000000008001890                TIM_OC2_SetConfig
 .text.TIM_OC3_SetConfig
                0x00000000080018ec       0x58 build/stm32f3xx_hal_tim.o
                0x00000000080018ec                TIM_OC3_SetConfig
 .text.TIM_OC4_SetConfig
                0x0000000008001944       0x54 build/stm32f3xx_hal_tim.o
                0x0000000008001944                TIM_OC4_SetConfig
 .text.HAL_TIM_PWM_ConfigChannel
                0x0000000008001998       0xdc build/stm32f3xx_hal_tim.o
                0x0000000008001998                HAL_TIM_PWM_ConfigChannel
 .text.TIM_ETR_SetConfig
                0x0000000008001a74       0x18 build/stm32f3xx_hal_tim.o
                0x0000000008001a74                TIM_ETR_SetConfig
 .text.HAL_TIM_ConfigClockSource
                0x0000000008001a8c      0x108 build/stm32f3xx_hal_tim.o
                0x0000000008001a8c                HAL_TIM_ConfigClockSource
 .text.TIM_CCxChannelCmd
                0x0000000008001b94       0x1e build/stm32f3xx_hal_tim.o
                0x0000000008001b94                TIM_CCxChannelCmd
 *fill*         0x0000000008001bb2        0x2 
 .text.HAL_TIM_PWM_Start
                0x0000000008001bb4       0x40 build/stm32f3xx_hal_tim.o
                0x0000000008001bb4                HAL_TIM_PWM_Start
 .text.HAL_TIMEx_MasterConfigSynchronization
                0x0000000008001bf4       0x52 build/stm32f3xx_hal_tim_ex.o
                0x0000000008001bf4                HAL_TIMEx_MasterConfigSynchronization
 *fill*         0x0000000008001c46        0x2 
 .text.HAL_GPIO_Init
                0x0000000008001c48      0x194 build/stm32f3xx_hal_gpio.o
                0x0000000008001c48                HAL_GPIO_Init
 .text.Reset_Handler
                0x0000000008001ddc       0x50 build/startup_stm32f373xc.o
                0x0000000008001ddc                Reset_Handler
 .text.Default_Handler
                0x0000000008001e2c        0x2 build/startup_stm32f373xc.o
                0x0000000008001e2c                EXTI2_TSC_IRQHandler
                0x0000000008001e2c                USB_HP_IRQHandler
                0x0000000008001e2c                PVD_IRQHandler
                0x0000000008001e2c                TAMP_STAMP_IRQHandler
                0x0000000008001e2c                EXTI3_IRQHandler
                0x0000000008001e2c                EXTI0_IRQHandler
                0x0000000008001e2c                I2C2_EV_IRQHandler
                0x0000000008001e2c                FPU_IRQHandler
                0x0000000008001e2c                CAN_TX_IRQHandler
                0x0000000008001e2c                SPI1_IRQHandler
                0x0000000008001e2c                CAN_SCE_IRQHandler
                0x0000000008001e2c                DMA2_Channel2_IRQHandler
                0x0000000008001e2c                DMA1_Channel4_IRQHandler
                0x0000000008001e2c                ADC1_IRQHandler
                0x0000000008001e2c                TIM17_IRQHandler
                0x0000000008001e2c                USART3_IRQHandler
                0x0000000008001e2c                DMA1_Channel7_IRQHandler
                0x0000000008001e2c                TIM4_IRQHandler
                0x0000000008001e2c                CAN_RX1_IRQHandler
                0x0000000008001e2c                DMA2_Channel1_IRQHandler
                0x0000000008001e2c                I2C1_EV_IRQHandler
                0x0000000008001e2c                DMA1_Channel6_IRQHandler
                0x0000000008001e2c                TIM16_IRQHandler
                0x0000000008001e2c                DMA2_Channel4_IRQHandler
                0x0000000008001e2c                TIM3_IRQHandler
                0x0000000008001e2c                RCC_IRQHandler
                0x0000000008001e2c                DMA1_Channel1_IRQHandler
                0x0000000008001e2c                Default_Handler
                0x0000000008001e2c                CEC_IRQHandler
                0x0000000008001e2c                EXTI15_10_IRQHandler
                0x0000000008001e2c                TIM14_IRQHandler
                0x0000000008001e2c                TIM13_IRQHandler
                0x0000000008001e2c                TIM12_IRQHandler
                0x0000000008001e2c                TIM7_IRQHandler
                0x0000000008001e2c                TIM5_IRQHandler
                0x0000000008001e2c                SDADC2_IRQHandler
                0x0000000008001e2c                TIM15_IRQHandler
                0x0000000008001e2c                TIM6_DAC1_IRQHandler
                0x0000000008001e2c                EXTI9_5_IRQHandler
                0x0000000008001e2c                RTC_WKUP_IRQHandler
                0x0000000008001e2c                SPI2_IRQHandler
                0x0000000008001e2c                DMA2_Channel5_IRQHandler
                0x0000000008001e2c                DMA1_Channel5_IRQHandler
                0x0000000008001e2c                USB_LP_IRQHandler
                0x0000000008001e2c                EXTI4_IRQHandler
                0x0000000008001e2c                COMP1_2_IRQHandler
                0x0000000008001e2c                TIM18_DAC2_IRQHandler
                0x0000000008001e2c                DMA1_Channel3_IRQHandler
                0x0000000008001e2c                WWDG_IRQHandler
                0x0000000008001e2c                SDADC1_IRQHandler
                0x0000000008001e2c                TIM2_IRQHandler
                0x0000000008001e2c                EXTI1_IRQHandler
                0x0000000008001e2c                SDADC3_IRQHandler
                0x0000000008001e2c                USART2_IRQHandler
                0x0000000008001e2c                TIM19_IRQHandler
                0x0000000008001e2c                I2C2_ER_IRQHandler
                0x0000000008001e2c                DMA1_Channel2_IRQHandler
                0x0000000008001e2c                FLASH_IRQHandler
                0x0000000008001e2c                USART1_IRQHandler
                0x0000000008001e2c                SPI3_IRQHandler
                0x0000000008001e2c                CAN_RX0_IRQHandler
                0x0000000008001e2c                I2C1_ER_IRQHandler
                0x0000000008001e2c                USBWakeUp_IRQHandler
                0x0000000008001e2c                DMA2_Channel3_IRQHandler
                0x0000000008001e2c                RTC_Alarm_IRQHandler
 *fill*         0x0000000008001e2e        0x2 
 .text.__libc_init_array
                0x0000000008001e30       0x48 /usr/local/Cellar/arm-none-eabi-gcc/7-2018-q2-update/gcc/bin/../lib/gcc/arm-none-eabi/7.3.1/../../../../arm-none-eabi/lib/thumb/v7e-m/fpv4-sp/hard/libc_nano.a(lib_a-init.o)
                0x0000000008001e30                __libc_init_array
 .text.memset   0x0000000008001e78       0x10 /usr/local/Cellar/arm-none-eabi-gcc/7-2018-q2-update/gcc/bin/../lib/gcc/arm-none-eabi/7.3.1/../../../../arm-none-eabi/lib/thumb/v7e-m/fpv4-sp/hard/libc_nano.a(lib_a-memset.o)
                0x0000000008001e78                memset
 *(.glue_7)
 .glue_7        0x0000000008001e88        0x0 linker stubs
 *(.glue_7t)
 .glue_7t       0x0000000008001e88        0x0 linker stubs
 *(.eh_frame)
 .eh_frame      0x0000000008001e88        0x0 /usr/local/Cellar/arm-none-eabi-gcc/7-2018-q2-update/gcc/bin/../lib/gcc/arm-none-eabi/7.3.1/thumb/v7e-m/fpv4-sp/hard/crtbegin.o
 *(.init)
 .init          0x0000000008001e88        0x4 /usr/local/Cellar/arm-none-eabi-gcc/7-2018-q2-update/gcc/bin/../lib/gcc/arm-none-eabi/7.3.1/thumb/v7e-m/fpv4-sp/hard/crti.o
                0x0000000008001e88                _init
 .init          0x0000000008001e8c        0x8 /usr/local/Cellar/arm-none-eabi-gcc/7-2018-q2-update/gcc/bin/../lib/gcc/arm-none-eabi/7.3.1/thumb/v7e-m/fpv4-sp/hard/crtn.o
 *(.fini)
 .fini          0x0000000008001e94        0x4 /usr/local/Cellar/arm-none-eabi-gcc/7-2018-q2-update/gcc/bin/../lib/gcc/arm-none-eabi/7.3.1/thumb/v7e-m/fpv4-sp/hard/crti.o
                0x0000000008001e94                _fini
 .fini          0x0000000008001e98        0x8 /usr/local/Cellar/arm-none-eabi-gcc/7-2018-q2-update/gcc/bin/../lib/gcc/arm-none-eabi/7.3.1/thumb/v7e-m/fpv4-sp/hard/crtn.o
                0x0000000008001ea0                . = ALIGN (0x4)
                0x0000000008001ea0                _etext = .

.vfp11_veneer   0x0000000008001ea0        0x0
 .vfp11_veneer  0x0000000008001ea0        0x0 linker stubs

.v4_bx          0x0000000008001ea0        0x0
 .v4_bx         0x0000000008001ea0        0x0 linker stubs

.iplt           0x0000000008001ea0        0x0
 .iplt          0x0000000008001ea0        0x0 /usr/local/Cellar/arm-none-eabi-gcc/7-2018-q2-update/gcc/bin/../lib/gcc/arm-none-eabi/7.3.1/thumb/v7e-m/fpv4-sp/hard/crtbegin.o

.rodata         0x0000000008001ea0       0x30
                0x0000000008001ea0                . = ALIGN (0x4)
 *(.rodata)
 *(.rodata*)
 .rodata.AHBPrescTable
                0x0000000008001ea0       0x10 build/system_stm32f3xx.o
                0x0000000008001ea0                AHBPrescTable
 .rodata.aPLLMULFactorTable
                0x0000000008001eb0       0x10 build/stm32f3xx_hal_rcc.o
                0x0000000008001eb0                aPLLMULFactorTable
 .rodata.aPredivFactorTable
                0x0000000008001ec0       0x10 build/stm32f3xx_hal_rcc.o
                0x0000000008001ec0                aPredivFactorTable
                0x0000000008001ed0                . = ALIGN (0x4)

.rel.dyn        0x0000000008001ed0        0x0
 .rel.iplt      0x0000000008001ed0        0x0 /usr/local/Cellar/arm-none-eabi-gcc/7-2018-q2-update/gcc/bin/../lib/gcc/arm-none-eabi/7.3.1/thumb/v7e-m/fpv4-sp/hard/crtbegin.o

.ARM.extab
 *(.ARM.extab* .gnu.linkonce.armextab.*)

.ARM            0x0000000008001ed0        0x0
                0x0000000008001ed0                __exidx_start = .
 *(.ARM.exidx*)
                0x0000000008001ed0                __exidx_end = .

.preinit_array  0x0000000008001ed0        0x0
                0x0000000008001ed0                PROVIDE (__preinit_array_start = .)
 *(.preinit_array*)
                0x0000000008001ed0                PROVIDE (__preinit_array_end = .)

.init_array     0x0000000008001ed0        0x4
                0x0000000008001ed0                PROVIDE (__init_array_start = .)
 *(SORT_BY_NAME(.init_array.*))
 *(.init_array*)
 .init_array    0x0000000008001ed0        0x4 /usr/local/Cellar/arm-none-eabi-gcc/7-2018-q2-update/gcc/bin/../lib/gcc/arm-none-eabi/7.3.1/thumb/v7e-m/fpv4-sp/hard/crtbegin.o
                0x0000000008001ed4                PROVIDE (__init_array_end = .)

.fini_array     0x0000000008001ed4        0x4
                [!provide]                        PROVIDE (__fini_array_start = .)
 *(SORT_BY_NAME(.fini_array.*))
 *(.fini_array*)
 .fini_array    0x0000000008001ed4        0x4 /usr/local/Cellar/arm-none-eabi-gcc/7-2018-q2-update/gcc/bin/../lib/gcc/arm-none-eabi/7.3.1/thumb/v7e-m/fpv4-sp/hard/crtbegin.o
                [!provide]                        PROVIDE (__fini_array_end = .)
                0x0000000008001ed8                _sidata = LOADADDR (.data)

.data           0x0000000020000000        0x4 load address 0x0000000008001ed8
                0x0000000020000000                . = ALIGN (0x4)
                0x0000000020000000                _sdata = .
 *(.data)
 *(.data*)
 .data.SystemCoreClock
                0x0000000020000000        0x4 build/system_stm32f3xx.o
                0x0000000020000000                SystemCoreClock
                0x0000000020000004                . = ALIGN (0x4)
                0x0000000020000004                _edata = .

.igot.plt       0x0000000020000004        0x0 load address 0x0000000008001edc
 .igot.plt      0x0000000020000004        0x0 /usr/local/Cellar/arm-none-eabi-gcc/7-2018-q2-update/gcc/bin/../lib/gcc/arm-none-eabi/7.3.1/thumb/v7e-m/fpv4-sp/hard/crtbegin.o
                0x0000000020000004                . = ALIGN (0x4)

.bss            0x0000000020000008      0x110 load address 0x0000000008001edc
                0x0000000020000008                _sbss = .
                0x0000000020000008                __bss_start__ = _sbss
 *(.bss)
 .bss           0x0000000020000008       0x1c /usr/local/Cellar/arm-none-eabi-gcc/7-2018-q2-update/gcc/bin/../lib/gcc/arm-none-eabi/7.3.1/thumb/v7e-m/fpv4-sp/hard/crtbegin.o
 *(.bss*)
 *(COMMON)
 COMMON         0x0000000020000024       0x10 build/main.o
                0x0000000020000024                ledupdate
                0x0000000020000028                leds
 COMMON         0x0000000020000034       0xc0 build/tim.o
                0x0000000020000034                htim4
                0x0000000020000074                htim3
                0x00000000200000b4                htim6
 COMMON         0x00000000200000f4        0x4 build/stm32f3xx_hal.o
                0x00000000200000f4                uwTick
 COMMON         0x00000000200000f8       0x20 build/stm32f3xx_hal_flash.o
                0x00000000200000f8                pFlash
                0x0000000020000118                . = ALIGN (0x4)
                0x0000000020000118                _ebss = .
                0x0000000020000118                __bss_end__ = _ebss

._user_heap_stack
                0x0000000020000118      0x600 load address 0x0000000008001edc
                0x0000000020000118                . = ALIGN (0x8)
                [!provide]                        PROVIDE (end = .)
                [!provide]                        PROVIDE (_end = .)
                0x0000000020000318                . = (. + _Min_Heap_Size)
 *fill*         0x0000000020000118      0x200 
                0x0000000020000718                . = (. + _Min_Stack_Size)
 *fill*         0x0000000020000318      0x400 
                0x0000000020000718                . = ALIGN (0x8)

/DISCARD/
 libc.a(*)
 libm.a(*)
 libgcc.a(*)

.ARM.attributes
                0x0000000000000000       0x30
 *(.ARM.attributes)
 .ARM.attributes
                0x0000000000000000       0x22 /usr/local/Cellar/arm-none-eabi-gcc/7-2018-q2-update/gcc/bin/../lib/gcc/arm-none-eabi/7.3.1/thumb/v7e-m/fpv4-sp/hard/crti.o
 .ARM.attributes
                0x0000000000000022       0x34 /usr/local/Cellar/arm-none-eabi-gcc/7-2018-q2-update/gcc/bin/../lib/gcc/arm-none-eabi/7.3.1/thumb/v7e-m/fpv4-sp/hard/crtbegin.o
 .ARM.attributes
                0x0000000000000056       0x39 build/main.o
 .ARM.attributes
                0x000000000000008f       0x39 build/led.o
 .ARM.attributes
                0x00000000000000c8       0x39 build/tim.o
 .ARM.attributes
                0x0000000000000101       0x39 build/system_stm32f3xx.o
 .ARM.attributes
                0x000000000000013a       0x39 build/stm32f3xx_it.o
 .ARM.attributes
                0x0000000000000173       0x39 build/stm32f3xx_hal_msp.o
 .ARM.attributes
                0x00000000000001ac       0x39 build/stm32f3xx_hal.o
 .ARM.attributes
                0x00000000000001e5       0x39 build/stm32f3xx_hal_cortex.o
 .ARM.attributes
                0x000000000000021e       0x39 build/stm32f3xx_hal_flash.o
 .ARM.attributes
                0x0000000000000257       0x39 build/stm32f3xx_hal_flash_ex.o
 .ARM.attributes
                0x0000000000000290       0x39 build/stm32f3xx_hal_rcc.o
 .ARM.attributes
                0x00000000000002c9       0x39 build/stm32f3xx_hal_rcc_ex.o
 .ARM.attributes
                0x0000000000000302       0x39 build/stm32f3xx_hal_tim.o
 .ARM.attributes
                0x000000000000033b       0x39 build/stm32f3xx_hal_tim_ex.o
 .ARM.attributes
                0x0000000000000374       0x39 build/stm32f3xx_hal_gpio.o
 .ARM.attributes
                0x00000000000003ad       0x21 build/startup_stm32f373xc.o
 .ARM.attributes
                0x00000000000003ce       0x34 /usr/local/Cellar/arm-none-eabi-gcc/7-2018-q2-update/gcc/bin/../lib/gcc/arm-none-eabi/7.3.1/../../../../arm-none-eabi/lib/thumb/v7e-m/fpv4-sp/hard/libc_nano.a(lib_a-init.o)
 .ARM.attributes
                0x0000000000000402       0x34 /usr/local/Cellar/arm-none-eabi-gcc/7-2018-q2-update/gcc/bin/../lib/gcc/arm-none-eabi/7.3.1/../../../../arm-none-eabi/lib/thumb/v7e-m/fpv4-sp/hard/libc_nano.a(lib_a-memset.o)
 .ARM.attributes
                0x0000000000000436       0x22 /usr/local/Cellar/arm-none-eabi-gcc/7-2018-q2-update/gcc/bin/../lib/gcc/arm-none-eabi/7.3.1/thumb/v7e-m/fpv4-sp/hard/crtn.o
OUTPUT(build/BOOTLOADER.elf elf32-littlearm)

.debug_info     0x0000000000000000    0x15248
 .debug_info    0x0000000000000000     0x1895 build/main.o
 .debug_info    0x0000000000001895     0x117c build/led.o
 .debug_info    0x0000000000002a11     0x19ca build/tim.o
 .debug_info    0x00000000000043db      0xd62 build/system_stm32f3xx.o
 .debug_info    0x000000000000513d     0x1436 build/stm32f3xx_it.o
 .debug_info    0x0000000000006573      0xb4c build/stm32f3xx_hal_msp.o
 .debug_info    0x00000000000070bf     0x10e0 build/stm32f3xx_hal.o
 .debug_info    0x000000000000819f     0x1871 build/stm32f3xx_hal_cortex.o
 .debug_info    0x0000000000009a10      0xfe6 build/stm32f3xx_hal_flash.o
 .debug_info    0x000000000000a9f6     0x148f build/stm32f3xx_hal_flash_ex.o
 .debug_info    0x000000000000be85     0x1d4c build/stm32f3xx_hal_rcc.o
 .debug_info    0x000000000000dbd1     0x1024 build/stm32f3xx_hal_rcc_ex.o
 .debug_info    0x000000000000ebf5     0x39f6 build/stm32f3xx_hal_tim.o
 .debug_info    0x00000000000125eb     0x1c5e build/stm32f3xx_hal_tim_ex.o
 .debug_info    0x0000000000014249      0xfdd build/stm32f3xx_hal_gpio.o
 .debug_info    0x0000000000015226       0x22 build/startup_stm32f373xc.o

.debug_abbrev   0x0000000000000000     0x2a41
 .debug_abbrev  0x0000000000000000      0x35e build/main.o
 .debug_abbrev  0x000000000000035e      0x243 build/led.o
 .debug_abbrev  0x00000000000005a1      0x289 build/tim.o
 .debug_abbrev  0x000000000000082a      0x1e6 build/system_stm32f3xx.o
 .debug_abbrev  0x0000000000000a10      0x210 build/stm32f3xx_it.o
 .debug_abbrev  0x0000000000000c20      0x1c4 build/stm32f3xx_hal_msp.o
 .debug_abbrev  0x0000000000000de4      0x2ab build/stm32f3xx_hal.o
 .debug_abbrev  0x000000000000108f      0x3c0 build/stm32f3xx_hal_cortex.o
 .debug_abbrev  0x000000000000144f      0x317 build/stm32f3xx_hal_flash.o
 .debug_abbrev  0x0000000000001766      0x38e build/stm32f3xx_hal_flash_ex.o
 .debug_abbrev  0x0000000000001af4      0x35d build/stm32f3xx_hal_rcc.o
 .debug_abbrev  0x0000000000001e51      0x318 build/stm32f3xx_hal_rcc_ex.o
 .debug_abbrev  0x0000000000002169      0x310 build/stm32f3xx_hal_tim.o
 .debug_abbrev  0x0000000000002479      0x2f8 build/stm32f3xx_hal_tim_ex.o
 .debug_abbrev  0x0000000000002771      0x2be build/stm32f3xx_hal_gpio.o
 .debug_abbrev  0x0000000000002a2f       0x12 build/startup_stm32f373xc.o

.debug_loc      0x0000000000000000     0x81f0
 .debug_loc     0x0000000000000000      0x259 build/main.o
 .debug_loc     0x0000000000000259       0xfe build/led.o
 .debug_loc     0x0000000000000357      0x1fb build/tim.o
 .debug_loc     0x0000000000000552       0xff build/system_stm32f3xx.o
 .debug_loc     0x0000000000000651       0x20 build/stm32f3xx_it.o
 .debug_loc     0x0000000000000671       0x2c build/stm32f3xx_hal_msp.o
 .debug_loc     0x000000000000069d       0xe3 build/stm32f3xx_hal.o
 .debug_loc     0x0000000000000780      0x65e build/stm32f3xx_hal_cortex.o
 .debug_loc     0x0000000000000dde      0x3a1 build/stm32f3xx_hal_flash.o
 .debug_loc     0x000000000000117f      0x9f1 build/stm32f3xx_hal_flash_ex.o
 .debug_loc     0x0000000000001b70      0x9d2 build/stm32f3xx_hal_rcc.o
 .debug_loc     0x0000000000002542      0x69c build/stm32f3xx_hal_rcc_ex.o
 .debug_loc     0x0000000000002bde     0x3ffc build/stm32f3xx_hal_tim.o
 .debug_loc     0x0000000000006bda     0x11d5 build/stm32f3xx_hal_tim_ex.o
 .debug_loc     0x0000000000007daf      0x441 build/stm32f3xx_hal_gpio.o

.debug_aranges  0x0000000000000000      0x9d0
 .debug_aranges
                0x0000000000000000       0x60 build/main.o
 .debug_aranges
                0x0000000000000060       0x40 build/led.o
 .debug_aranges
                0x00000000000000a0       0x40 build/tim.o
 .debug_aranges
                0x00000000000000e0       0x28 build/system_stm32f3xx.o
 .debug_aranges
                0x0000000000000108       0x60 build/stm32f3xx_it.o
 .debug_aranges
                0x0000000000000168       0x20 build/stm32f3xx_hal_msp.o
 .debug_aranges
                0x0000000000000188       0xb0 build/stm32f3xx_hal.o
 .debug_aranges
                0x0000000000000238       0xa8 build/stm32f3xx_hal_cortex.o
 .debug_aranges
                0x00000000000002e0       0x88 build/stm32f3xx_hal_flash.o
 .debug_aranges
                0x0000000000000368       0x98 build/stm32f3xx_hal_flash_ex.o
 .debug_aranges
                0x0000000000000400       0x88 build/stm32f3xx_hal_rcc.o
 .debug_aranges
                0x0000000000000488       0x38 build/stm32f3xx_hal_rcc_ex.o
 .debug_aranges
                0x00000000000004c0      0x368 build/stm32f3xx_hal_tim.o
 .debug_aranges
                0x0000000000000828      0x128 build/stm32f3xx_hal_tim_ex.o
 .debug_aranges
                0x0000000000000950       0x58 build/stm32f3xx_hal_gpio.o
 .debug_aranges
                0x00000000000009a8       0x28 build/startup_stm32f373xc.o

.debug_ranges   0x0000000000000000      0x970
 .debug_ranges  0x0000000000000000       0x50 build/main.o
 .debug_ranges  0x0000000000000050       0x30 build/led.o
 .debug_ranges  0x0000000000000080       0x30 build/tim.o
 .debug_ranges  0x00000000000000b0       0x18 build/system_stm32f3xx.o
 .debug_ranges  0x00000000000000c8       0x50 build/stm32f3xx_it.o
 .debug_ranges  0x0000000000000118       0x10 build/stm32f3xx_hal_msp.o
 .debug_ranges  0x0000000000000128       0xa0 build/stm32f3xx_hal.o
 .debug_ranges  0x00000000000001c8       0xf8 build/stm32f3xx_hal_cortex.o
 .debug_ranges  0x00000000000002c0       0x78 build/stm32f3xx_hal_flash.o
 .debug_ranges  0x0000000000000338       0x88 build/stm32f3xx_hal_flash_ex.o
 .debug_ranges  0x00000000000003c0       0x98 build/stm32f3xx_hal_rcc.o
 .debug_ranges  0x0000000000000458       0x40 build/stm32f3xx_hal_rcc_ex.o
 .debug_ranges  0x0000000000000498      0x358 build/stm32f3xx_hal_tim.o
 .debug_ranges  0x00000000000007f0      0x118 build/stm32f3xx_hal_tim_ex.o
 .debug_ranges  0x0000000000000908       0x48 build/stm32f3xx_hal_gpio.o
 .debug_ranges  0x0000000000000950       0x20 build/startup_stm32f373xc.o

.debug_line     0x0000000000000000     0x5093
 .debug_line    0x0000000000000000      0x40e build/main.o
 .debug_line    0x000000000000040e      0x318 build/led.o
 .debug_line    0x0000000000000726      0x39e build/tim.o
 .debug_line    0x0000000000000ac4      0x249 build/system_stm32f3xx.o
 .debug_line    0x0000000000000d0d      0x328 build/stm32f3xx_it.o
 .debug_line    0x0000000000001035      0x217 build/stm32f3xx_hal_msp.o
 .debug_line    0x000000000000124c      0x3db build/stm32f3xx_hal.o
 .debug_line    0x0000000000001627      0x4a6 build/stm32f3xx_hal_cortex.o
 .debug_line    0x0000000000001acd      0x465 build/stm32f3xx_hal_flash.o
 .debug_line    0x0000000000001f32      0x551 build/stm32f3xx_hal_flash_ex.o
 .debug_line    0x0000000000002483      0x778 build/stm32f3xx_hal_rcc.o
 .debug_line    0x0000000000002bfb      0x4cd build/stm32f3xx_hal_rcc_ex.o
 .debug_line    0x00000000000030c8     0x138e build/stm32f3xx_hal_tim.o
 .debug_line    0x0000000000004456      0x7dd build/stm32f3xx_hal_tim_ex.o
 .debug_line    0x0000000000004c33      0x3ed build/stm32f3xx_hal_gpio.o
 .debug_line    0x0000000000005020       0x73 build/startup_stm32f373xc.o

.debug_str      0x0000000000000000     0x36b8
 .debug_str     0x0000000000000000      0xda3 build/main.o
                                        0xe79 (size before relaxing)
 .debug_str     0x0000000000000da3       0x23 build/led.o
                                        0xa01 (size before relaxing)
 .debug_str     0x0000000000000dc6      0x6ba build/tim.o
                                       0x10bc (size before relaxing)
 .debug_str     0x0000000000001480       0x53 build/system_stm32f3xx.o
                                        0x6cf (size before relaxing)
 .debug_str     0x00000000000014d3      0x329 build/stm32f3xx_it.o
                                        0xcca (size before relaxing)
 .debug_str     0x00000000000017fc       0x20 build/stm32f3xx_hal_msp.o
                                        0x645 (size before relaxing)
 .debug_str     0x000000000000181c      0x224 build/stm32f3xx_hal.o
                                        0xc93 (size before relaxing)
 .debug_str     0x0000000000001a40      0x348 build/stm32f3xx_hal_cortex.o
                                        0xf12 (size before relaxing)
 .debug_str     0x0000000000001d88      0x26c build/stm32f3xx_hal_flash.o
                                        0x954 (size before relaxing)
 .debug_str     0x0000000000001ff4      0x26f build/stm32f3xx_hal_flash_ex.o
                                        0xa8f (size before relaxing)
 .debug_str     0x0000000000002263      0x1d8 build/stm32f3xx_hal_rcc.o
                                        0xa59 (size before relaxing)
 .debug_str     0x000000000000243b       0xbf build/stm32f3xx_hal_rcc_ex.o
                                        0x8f9 (size before relaxing)
 .debug_str     0x00000000000024fa      0xc25 build/stm32f3xx_hal_tim.o
                                       0x1781 (size before relaxing)
 .debug_str     0x000000000000311f      0x421 build/stm32f3xx_hal_tim_ex.o
                                        0xfb6 (size before relaxing)
 .debug_str     0x0000000000003540      0x154 build/stm32f3xx_hal_gpio.o
                                        0x852 (size before relaxing)
 .debug_str     0x0000000000003694       0x24 build/startup_stm32f373xc.o
                                         0x54 (size before relaxing)

.comment        0x0000000000000000       0x7f
 .comment       0x0000000000000000       0x7f build/main.o
                                         0x80 (size before relaxing)
 .comment       0x000000000000007f       0x80 build/led.o
 .comment       0x000000000000007f       0x80 build/tim.o
 .comment       0x000000000000007f       0x80 build/system_stm32f3xx.o
 .comment       0x000000000000007f       0x80 build/stm32f3xx_it.o
 .comment       0x000000000000007f       0x80 build/stm32f3xx_hal_msp.o
 .comment       0x000000000000007f       0x80 build/stm32f3xx_hal.o
 .comment       0x000000000000007f       0x80 build/stm32f3xx_hal_cortex.o
 .comment       0x000000000000007f       0x80 build/stm32f3xx_hal_flash.o
 .comment       0x000000000000007f       0x80 build/stm32f3xx_hal_flash_ex.o
 .comment       0x000000000000007f       0x80 build/stm32f3xx_hal_rcc.o
 .comment       0x000000000000007f       0x80 build/stm32f3xx_hal_rcc_ex.o
 .comment       0x000000000000007f       0x80 build/stm32f3xx_hal_tim.o
 .comment       0x000000000000007f       0x80 build/stm32f3xx_hal_tim_ex.o
 .comment       0x000000000000007f       0x80 build/stm32f3xx_hal_gpio.o

.debug_frame    0x0000000000000000     0x1b34
 .debug_frame   0x0000000000000000      0x10c build/main.o
 .debug_frame   0x000000000000010c       0x90 build/led.o
 .debug_frame   0x000000000000019c       0xb8 build/tim.o
 .debug_frame   0x0000000000000254       0x30 build/system_stm32f3xx.o
 .debug_frame   0x0000000000000284       0xac build/stm32f3xx_it.o
 .debug_frame   0x0000000000000330       0x28 build/stm32f3xx_hal_msp.o
 .debug_frame   0x0000000000000358      0x174 build/stm32f3xx_hal.o
 .debug_frame   0x00000000000004cc      0x16c build/stm32f3xx_hal_cortex.o
 .debug_frame   0x0000000000000638      0x150 build/stm32f3xx_hal_flash.o
 .debug_frame   0x0000000000000788      0x1c8 build/stm32f3xx_hal_flash_ex.o
 .debug_frame   0x0000000000000950      0x154 build/stm32f3xx_hal_rcc.o
 .debug_frame   0x0000000000000aa4       0x88 build/stm32f3xx_hal_rcc_ex.o
 .debug_frame   0x0000000000000b2c      0xb04 build/stm32f3xx_hal_tim.o
 .debug_frame   0x0000000000001630      0x3ac build/stm32f3xx_hal_tim_ex.o
 .debug_frame   0x00000000000019dc      0x10c build/stm32f3xx_hal_gpio.o
 .debug_frame   0x0000000000001ae8       0x2c /usr/local/Cellar/arm-none-eabi-gcc/7-2018-q2-update/gcc/bin/../lib/gcc/arm-none-eabi/7.3.1/../../../../arm-none-eabi/lib/thumb/v7e-m/fpv4-sp/hard/libc_nano.a(lib_a-init.o)
 .debug_frame   0x0000000000001b14       0x20 /usr/local/Cellar/arm-none-eabi-gcc/7-2018-q2-update/gcc/bin/../lib/gcc/arm-none-eabi/7.3.1/../../../../arm-none-eabi/lib/thumb/v7e-m/fpv4-sp/hard/libc_nano.a(lib_a-memset.o)

Cross Reference Table

Symbol                                            File
ADC1_IRQHandler                                   build/startup_stm32f373xc.o
AHBPrescTable                                     build/system_stm32f3xx.o
                                                  build/stm32f3xx_hal_rcc.o
APBPrescTable                                     build/system_stm32f3xx.o
                                                  build/stm32f3xx_hal_rcc.o
BusFault_Handler                                  build/stm32f3xx_it.o
CAN_RX0_IRQHandler                                build/startup_stm32f373xc.o
CAN_RX1_IRQHandler                                build/startup_stm32f373xc.o
CAN_SCE_IRQHandler                                build/startup_stm32f373xc.o
CAN_TX_IRQHandler                                 build/startup_stm32f373xc.o
CEC_IRQHandler                                    build/startup_stm32f373xc.o
COMP1_2_IRQHandler                                build/startup_stm32f373xc.o
CheckUpdate                                       build/main.o
DMA1_Channel1_IRQHandler                          build/startup_stm32f373xc.o
DMA1_Channel2_IRQHandler                          build/startup_stm32f373xc.o
DMA1_Channel3_IRQHandler                          build/startup_stm32f373xc.o
DMA1_Channel4_IRQHandler                          build/startup_stm32f373xc.o
DMA1_Channel5_IRQHandler                          build/startup_stm32f373xc.o
DMA1_Channel6_IRQHandler                          build/startup_stm32f373xc.o
DMA1_Channel7_IRQHandler                          build/startup_stm32f373xc.o
DMA2_Channel1_IRQHandler                          build/startup_stm32f373xc.o
DMA2_Channel2_IRQHandler                          build/startup_stm32f373xc.o
DMA2_Channel3_IRQHandler                          build/startup_stm32f373xc.o
DMA2_Channel4_IRQHandler                          build/startup_stm32f373xc.o
DMA2_Channel5_IRQHandler                          build/startup_stm32f373xc.o
DebugMon_Handler                                  build/stm32f3xx_it.o
Default_Handler                                   build/startup_stm32f373xc.o
EXTI0_IRQHandler                                  build/startup_stm32f373xc.o
EXTI15_10_IRQHandler                              build/startup_stm32f373xc.o
EXTI1_IRQHandler                                  build/startup_stm32f373xc.o
EXTI2_TSC_IRQHandler                              build/startup_stm32f373xc.o
EXTI3_IRQHandler                                  build/startup_stm32f373xc.o
EXTI4_IRQHandler                                  build/startup_stm32f373xc.o
EXTI9_5_IRQHandler                                build/startup_stm32f373xc.o
EraseAppPage                                      build/main.o
Error_Handler                                     build/main.o
                                                  build/tim.o
FLASH_IRQHandler                                  build/startup_stm32f373xc.o
FLASH_PageErase                                   build/stm32f3xx_hal_flash_ex.o
                                                  build/stm32f3xx_hal_flash.o
FLASH_WaitForLastOperation                        build/stm32f3xx_hal_flash.o
                                                  build/stm32f3xx_hal_flash_ex.o
FPU_IRQHandler                                    build/startup_stm32f373xc.o
FlashWord                                         build/main.o
HAL_DBGMCU_DisableDBGSleepMode                    build/stm32f3xx_hal.o
HAL_DBGMCU_DisableDBGStandbyMode                  build/stm32f3xx_hal.o
HAL_DBGMCU_DisableDBGStopMode                     build/stm32f3xx_hal.o
HAL_DBGMCU_EnableDBGSleepMode                     build/stm32f3xx_hal.o
HAL_DBGMCU_EnableDBGStandbyMode                   build/stm32f3xx_hal.o
HAL_DBGMCU_EnableDBGStopMode                      build/stm32f3xx_hal.o
HAL_DMA_Abort                                     build/stm32f3xx_hal_tim.o
HAL_DMA_Start_IT                                  build/stm32f3xx_hal_tim_ex.o
                                                  build/stm32f3xx_hal_tim.o
HAL_DeInit                                        build/stm32f3xx_hal.o
                                                  build/main.o
HAL_Delay                                         build/stm32f3xx_hal.o
                                                  build/main.o
HAL_FLASHEx_Erase                                 build/stm32f3xx_hal_flash_ex.o
                                                  build/main.o
HAL_FLASHEx_Erase_IT                              build/stm32f3xx_hal_flash_ex.o
HAL_FLASHEx_OBErase                               build/stm32f3xx_hal_flash_ex.o
HAL_FLASHEx_OBGetConfig                           build/stm32f3xx_hal_flash_ex.o
HAL_FLASHEx_OBGetUserData                         build/stm32f3xx_hal_flash_ex.o
HAL_FLASHEx_OBProgram                             build/stm32f3xx_hal_flash_ex.o
HAL_FLASH_EndOfOperationCallback                  build/stm32f3xx_hal_flash.o
HAL_FLASH_GetError                                build/stm32f3xx_hal_flash.o
HAL_FLASH_IRQHandler                              build/stm32f3xx_hal_flash.o
HAL_FLASH_Lock                                    build/stm32f3xx_hal_flash.o
                                                  build/main.o
HAL_FLASH_OB_Launch                               build/stm32f3xx_hal_flash.o
HAL_FLASH_OB_Lock                                 build/stm32f3xx_hal_flash.o
HAL_FLASH_OB_Unlock                               build/stm32f3xx_hal_flash.o
HAL_FLASH_OperationErrorCallback                  build/stm32f3xx_hal_flash.o
HAL_FLASH_Program                                 build/stm32f3xx_hal_flash.o
                                                  build/main.o
HAL_FLASH_Program_IT                              build/stm32f3xx_hal_flash.o
HAL_FLASH_Unlock                                  build/stm32f3xx_hal_flash.o
                                                  build/main.o
HAL_GPIO_DeInit                                   build/stm32f3xx_hal_gpio.o
HAL_GPIO_EXTI_Callback                            build/stm32f3xx_hal_gpio.o
HAL_GPIO_EXTI_IRQHandler                          build/stm32f3xx_hal_gpio.o
HAL_GPIO_Init                                     build/stm32f3xx_hal_gpio.o
                                                  build/stm32f3xx_hal_rcc.o
                                                  build/tim.o
HAL_GPIO_LockPin                                  build/stm32f3xx_hal_gpio.o
HAL_GPIO_ReadPin                                  build/stm32f3xx_hal_gpio.o
HAL_GPIO_TogglePin                                build/stm32f3xx_hal_gpio.o
HAL_GPIO_WritePin                                 build/stm32f3xx_hal_gpio.o
HAL_GetDEVID                                      build/stm32f3xx_hal.o
HAL_GetHalVersion                                 build/stm32f3xx_hal.o
HAL_GetREVID                                      build/stm32f3xx_hal.o
HAL_GetTick                                       build/stm32f3xx_hal.o
                                                  build/stm32f3xx_hal_rcc_ex.o
                                                  build/stm32f3xx_hal_rcc.o
                                                  build/stm32f3xx_hal_flash.o
HAL_IncTick                                       build/stm32f3xx_hal.o
                                                  build/stm32f3xx_it.o
HAL_Init                                          build/stm32f3xx_hal.o
                                                  build/main.o
HAL_InitTick                                      build/stm32f3xx_hal.o
                                                  build/stm32f3xx_hal_rcc.o
HAL_MPU_ConfigRegion                              build/stm32f3xx_hal_cortex.o
HAL_MPU_Disable                                   build/stm32f3xx_hal_cortex.o
HAL_MPU_Enable                                    build/stm32f3xx_hal_cortex.o
HAL_MspDeInit                                     build/stm32f3xx_hal.o
HAL_MspInit                                       build/stm32f3xx_hal_msp.o
HAL_NVIC_ClearPendingIRQ                          build/stm32f3xx_hal_cortex.o
HAL_NVIC_DisableIRQ                               build/stm32f3xx_hal_cortex.o
                                                  build/tim.o
HAL_NVIC_EnableIRQ                                build/stm32f3xx_hal_cortex.o
                                                  build/tim.o
HAL_NVIC_GetActive                                build/stm32f3xx_hal_cortex.o
HAL_NVIC_GetPendingIRQ                            build/stm32f3xx_hal_cortex.o
HAL_NVIC_GetPriority                              build/stm32f3xx_hal_cortex.o
HAL_NVIC_GetPriorityGrouping                      build/stm32f3xx_hal_cortex.o
HAL_NVIC_SetPendingIRQ                            build/stm32f3xx_hal_cortex.o
HAL_NVIC_SetPriority                              build/stm32f3xx_hal_cortex.o
                                                  build/stm32f3xx_hal.o
                                                  build/tim.o
HAL_NVIC_SetPriorityGrouping                      build/stm32f3xx_hal_cortex.o
                                                  build/stm32f3xx_hal.o
HAL_NVIC_SystemReset                              build/stm32f3xx_hal_cortex.o
HAL_PWREx_DisableSDADC                            build/stm32f3xx_hal_pwr_ex.o
HAL_PWREx_EnableSDADC                             build/stm32f3xx_hal_pwr_ex.o
HAL_PWR_ConfigPVD                                 build/stm32f3xx_hal_pwr_ex.o
HAL_PWR_DeInit                                    build/stm32f3xx_hal_pwr.o
HAL_PWR_DisableBkUpAccess                         build/stm32f3xx_hal_pwr.o
HAL_PWR_DisablePVD                                build/stm32f3xx_hal_pwr_ex.o
HAL_PWR_DisableSEVOnPend                          build/stm32f3xx_hal_pwr.o
HAL_PWR_DisableSleepOnExit                        build/stm32f3xx_hal_pwr.o
HAL_PWR_DisableWakeUpPin                          build/stm32f3xx_hal_pwr.o
HAL_PWR_EnableBkUpAccess                          build/stm32f3xx_hal_pwr.o
HAL_PWR_EnablePVD                                 build/stm32f3xx_hal_pwr_ex.o
HAL_PWR_EnableSEVOnPend                           build/stm32f3xx_hal_pwr.o
HAL_PWR_EnableSleepOnExit                         build/stm32f3xx_hal_pwr.o
HAL_PWR_EnableWakeUpPin                           build/stm32f3xx_hal_pwr.o
HAL_PWR_EnterSLEEPMode                            build/stm32f3xx_hal_pwr.o
HAL_PWR_EnterSTANDBYMode                          build/stm32f3xx_hal_pwr.o
HAL_PWR_EnterSTOPMode                             build/stm32f3xx_hal_pwr.o
HAL_PWR_PVDCallback                               build/stm32f3xx_hal_pwr_ex.o
HAL_PWR_PVD_IRQHandler                            build/stm32f3xx_hal_pwr_ex.o
HAL_RCCEx_GetPeriphCLKConfig                      build/stm32f3xx_hal_rcc_ex.o
HAL_RCCEx_GetPeriphCLKFreq                        build/stm32f3xx_hal_rcc_ex.o
HAL_RCCEx_PeriphCLKConfig                         build/stm32f3xx_hal_rcc_ex.o
                                                  build/main.o
HAL_RCC_CSSCallback                               build/stm32f3xx_hal_rcc.o
HAL_RCC_ClockConfig                               build/stm32f3xx_hal_rcc.o
                                                  build/main.o
HAL_RCC_DeInit                                    build/stm32f3xx_hal_rcc.o
HAL_RCC_DisableCSS                                build/stm32f3xx_hal_rcc.o
HAL_RCC_EnableCSS                                 build/stm32f3xx_hal_rcc.o
HAL_RCC_GetClockConfig                            build/stm32f3xx_hal_rcc.o
HAL_RCC_GetHCLKFreq                               build/stm32f3xx_hal_rcc.o
HAL_RCC_GetOscConfig                              build/stm32f3xx_hal_rcc.o
HAL_RCC_GetPCLK1Freq                              build/stm32f3xx_hal_rcc.o
                                                  build/stm32f3xx_hal_rcc_ex.o
HAL_RCC_GetPCLK2Freq                              build/stm32f3xx_hal_rcc.o
                                                  build/stm32f3xx_hal_rcc_ex.o
HAL_RCC_GetSysClockFreq                           build/stm32f3xx_hal_rcc.o
                                                  build/stm32f3xx_hal_rcc_ex.o
HAL_RCC_MCOConfig                                 build/stm32f3xx_hal_rcc.o
HAL_RCC_NMI_IRQHandler                            build/stm32f3xx_hal_rcc.o
HAL_RCC_OscConfig                                 build/stm32f3xx_hal_rcc.o
                                                  build/main.o
HAL_ResumeTick                                    build/stm32f3xx_hal.o
HAL_SYSTICK_CLKSourceConfig                       build/stm32f3xx_hal_cortex.o
HAL_SYSTICK_Callback                              build/stm32f3xx_hal_cortex.o
HAL_SYSTICK_Config                                build/stm32f3xx_hal_cortex.o
                                                  build/stm32f3xx_hal.o
HAL_SYSTICK_IRQHandler                            build/stm32f3xx_hal_cortex.o
HAL_SuspendTick                                   build/stm32f3xx_hal.o
HAL_TIMEx_BreakCallback                           build/stm32f3xx_hal_tim_ex.o
                                                  build/stm32f3xx_hal_tim.o
HAL_TIMEx_CommutationCallback                     build/stm32f3xx_hal_tim_ex.o
                                                  build/stm32f3xx_hal_tim.o
HAL_TIMEx_ConfigBreakDeadTime                     build/stm32f3xx_hal_tim_ex.o
HAL_TIMEx_HallSensor_DeInit                       build/stm32f3xx_hal_tim_ex.o
HAL_TIMEx_HallSensor_GetState                     build/stm32f3xx_hal_tim_ex.o
HAL_TIMEx_HallSensor_Init                         build/stm32f3xx_hal_tim_ex.o
HAL_TIMEx_HallSensor_MspDeInit                    build/stm32f3xx_hal_tim_ex.o
HAL_TIMEx_HallSensor_MspInit                      build/stm32f3xx_hal_tim_ex.o
HAL_TIMEx_HallSensor_Start                        build/stm32f3xx_hal_tim_ex.o
HAL_TIMEx_HallSensor_Start_DMA                    build/stm32f3xx_hal_tim_ex.o
HAL_TIMEx_HallSensor_Start_IT                     build/stm32f3xx_hal_tim_ex.o
HAL_TIMEx_HallSensor_Stop                         build/stm32f3xx_hal_tim_ex.o
HAL_TIMEx_HallSensor_Stop_DMA                     build/stm32f3xx_hal_tim_ex.o
HAL_TIMEx_HallSensor_Stop_IT                      build/stm32f3xx_hal_tim_ex.o
HAL_TIMEx_MasterConfigSynchronization             build/stm32f3xx_hal_tim_ex.o
                                                  build/tim.o
HAL_TIMEx_OCN_Start                               build/stm32f3xx_hal_tim_ex.o
HAL_TIMEx_OCN_Start_DMA                           build/stm32f3xx_hal_tim_ex.o
HAL_TIMEx_OCN_Start_IT                            build/stm32f3xx_hal_tim_ex.o
HAL_TIMEx_OCN_Stop                                build/stm32f3xx_hal_tim_ex.o
HAL_TIMEx_OCN_Stop_DMA                            build/stm32f3xx_hal_tim_ex.o
HAL_TIMEx_OCN_Stop_IT                             build/stm32f3xx_hal_tim_ex.o
HAL_TIMEx_OnePulseN_Start                         build/stm32f3xx_hal_tim_ex.o
HAL_TIMEx_OnePulseN_Start_IT                      build/stm32f3xx_hal_tim_ex.o
HAL_TIMEx_OnePulseN_Stop                          build/stm32f3xx_hal_tim_ex.o
HAL_TIMEx_OnePulseN_Stop_IT                       build/stm32f3xx_hal_tim_ex.o
HAL_TIMEx_PWMN_Start                              build/stm32f3xx_hal_tim_ex.o
HAL_TIMEx_PWMN_Start_DMA                          build/stm32f3xx_hal_tim_ex.o
HAL_TIMEx_PWMN_Start_IT                           build/stm32f3xx_hal_tim_ex.o
HAL_TIMEx_PWMN_Stop                               build/stm32f3xx_hal_tim_ex.o
HAL_TIMEx_PWMN_Stop_DMA                           build/stm32f3xx_hal_tim_ex.o
HAL_TIMEx_PWMN_Stop_IT                            build/stm32f3xx_hal_tim_ex.o
HAL_TIMEx_RemapConfig                             build/stm32f3xx_hal_tim_ex.o
HAL_TIM_Base_DeInit                               build/stm32f3xx_hal_tim.o
HAL_TIM_Base_GetState                             build/stm32f3xx_hal_tim.o
HAL_TIM_Base_Init                                 build/stm32f3xx_hal_tim.o
                                                  build/tim.o
HAL_TIM_Base_MspDeInit                            build/tim.o
HAL_TIM_Base_MspInit                              build/tim.o
HAL_TIM_Base_Start                                build/stm32f3xx_hal_tim.o
HAL_TIM_Base_Start_DMA                            build/stm32f3xx_hal_tim.o
HAL_TIM_Base_Start_IT                             build/stm32f3xx_hal_tim.o
HAL_TIM_Base_Stop                                 build/stm32f3xx_hal_tim.o
HAL_TIM_Base_Stop_DMA                             build/stm32f3xx_hal_tim.o
HAL_TIM_Base_Stop_IT                              build/stm32f3xx_hal_tim.o
HAL_TIM_ConfigClockSource                         build/stm32f3xx_hal_tim.o
                                                  build/tim.o
HAL_TIM_ConfigOCrefClear                          build/stm32f3xx_hal_tim.o
HAL_TIM_ConfigTI1Input                            build/stm32f3xx_hal_tim.o
HAL_TIM_DMABurst_ReadStart                        build/stm32f3xx_hal_tim.o
HAL_TIM_DMABurst_ReadStop                         build/stm32f3xx_hal_tim.o
HAL_TIM_DMABurst_WriteStart                       build/stm32f3xx_hal_tim.o
HAL_TIM_DMABurst_WriteStop                        build/stm32f3xx_hal_tim.o
HAL_TIM_Encoder_DeInit                            build/stm32f3xx_hal_tim.o
HAL_TIM_Encoder_GetState                          build/stm32f3xx_hal_tim.o
HAL_TIM_Encoder_Init                              build/stm32f3xx_hal_tim.o
HAL_TIM_Encoder_MspDeInit                         build/stm32f3xx_hal_tim.o
HAL_TIM_Encoder_MspInit                           build/stm32f3xx_hal_tim.o
HAL_TIM_Encoder_Start                             build/stm32f3xx_hal_tim.o
HAL_TIM_Encoder_Start_DMA                         build/stm32f3xx_hal_tim.o
HAL_TIM_Encoder_Start_IT                          build/stm32f3xx_hal_tim.o
HAL_TIM_Encoder_Stop                              build/stm32f3xx_hal_tim.o
HAL_TIM_Encoder_Stop_DMA                          build/stm32f3xx_hal_tim.o
HAL_TIM_Encoder_Stop_IT                           build/stm32f3xx_hal_tim.o
HAL_TIM_ErrorCallback                             build/stm32f3xx_hal_tim.o
HAL_TIM_GenerateEvent                             build/stm32f3xx_hal_tim.o
HAL_TIM_IC_CaptureCallback                        build/stm32f3xx_hal_tim.o
HAL_TIM_IC_ConfigChannel                          build/stm32f3xx_hal_tim.o
HAL_TIM_IC_DeInit                                 build/stm32f3xx_hal_tim.o
HAL_TIM_IC_GetState                               build/stm32f3xx_hal_tim.o
HAL_TIM_IC_Init                                   build/stm32f3xx_hal_tim.o
HAL_TIM_IC_MspDeInit                              build/stm32f3xx_hal_tim.o
HAL_TIM_IC_MspInit                                build/stm32f3xx_hal_tim.o
HAL_TIM_IC_Start                                  build/stm32f3xx_hal_tim.o
HAL_TIM_IC_Start_DMA                              build/stm32f3xx_hal_tim.o
HAL_TIM_IC_Start_IT                               build/stm32f3xx_hal_tim.o
HAL_TIM_IC_Stop                                   build/stm32f3xx_hal_tim.o
HAL_TIM_IC_Stop_DMA                               build/stm32f3xx_hal_tim.o
HAL_TIM_IC_Stop_IT                                build/stm32f3xx_hal_tim.o
HAL_TIM_IRQHandler                                build/stm32f3xx_hal_tim.o
HAL_TIM_MspPostInit                               build/tim.o
HAL_TIM_OC_ConfigChannel                          build/stm32f3xx_hal_tim.o
HAL_TIM_OC_DeInit                                 build/stm32f3xx_hal_tim.o
HAL_TIM_OC_DelayElapsedCallback                   build/stm32f3xx_hal_tim.o
HAL_TIM_OC_GetState                               build/stm32f3xx_hal_tim.o
HAL_TIM_OC_Init                                   build/stm32f3xx_hal_tim.o
HAL_TIM_OC_MspDeInit                              build/stm32f3xx_hal_tim.o
HAL_TIM_OC_MspInit                                build/stm32f3xx_hal_tim.o
HAL_TIM_OC_Start                                  build/stm32f3xx_hal_tim.o
HAL_TIM_OC_Start_DMA                              build/stm32f3xx_hal_tim.o
HAL_TIM_OC_Start_IT                               build/stm32f3xx_hal_tim.o
HAL_TIM_OC_Stop                                   build/stm32f3xx_hal_tim.o
HAL_TIM_OC_Stop_DMA                               build/stm32f3xx_hal_tim.o
HAL_TIM_OC_Stop_IT                                build/stm32f3xx_hal_tim.o
HAL_TIM_OnePulse_ConfigChannel                    build/stm32f3xx_hal_tim.o
HAL_TIM_OnePulse_DeInit                           build/stm32f3xx_hal_tim.o
HAL_TIM_OnePulse_GetState                         build/stm32f3xx_hal_tim.o
HAL_TIM_OnePulse_Init                             build/stm32f3xx_hal_tim.o
HAL_TIM_OnePulse_MspDeInit                        build/stm32f3xx_hal_tim.o
HAL_TIM_OnePulse_MspInit                          build/stm32f3xx_hal_tim.o
HAL_TIM_OnePulse_Start                            build/stm32f3xx_hal_tim.o
HAL_TIM_OnePulse_Start_IT                         build/stm32f3xx_hal_tim.o
HAL_TIM_OnePulse_Stop                             build/stm32f3xx_hal_tim.o
HAL_TIM_OnePulse_Stop_IT                          build/stm32f3xx_hal_tim.o
HAL_TIM_PWM_ConfigChannel                         build/stm32f3xx_hal_tim.o
                                                  build/tim.o
HAL_TIM_PWM_DeInit                                build/stm32f3xx_hal_tim.o
HAL_TIM_PWM_GetState                              build/stm32f3xx_hal_tim.o
HAL_TIM_PWM_Init                                  build/stm32f3xx_hal_tim.o
                                                  build/tim.o
HAL_TIM_PWM_MspDeInit                             build/stm32f3xx_hal_tim.o
HAL_TIM_PWM_MspInit                               build/stm32f3xx_hal_tim.o
HAL_TIM_PWM_PulseFinishedCallback                 build/stm32f3xx_hal_tim.o
HAL_TIM_PWM_Start                                 build/stm32f3xx_hal_tim.o
                                                  build/led.o
HAL_TIM_PWM_Start_DMA                             build/stm32f3xx_hal_tim.o
HAL_TIM_PWM_Start_IT                              build/stm32f3xx_hal_tim.o
HAL_TIM_PWM_Stop                                  build/stm32f3xx_hal_tim.o
HAL_TIM_PWM_Stop_DMA                              build/stm32f3xx_hal_tim.o
HAL_TIM_PWM_Stop_IT                               build/stm32f3xx_hal_tim.o
HAL_TIM_PeriodElapsedCallback                     build/stm32f3xx_hal_tim.o
HAL_TIM_ReadCapturedValue                         build/stm32f3xx_hal_tim.o
HAL_TIM_SlaveConfigSynchronization                build/stm32f3xx_hal_tim.o
HAL_TIM_SlaveConfigSynchronization_IT             build/stm32f3xx_hal_tim.o
HAL_TIM_TriggerCallback                           build/stm32f3xx_hal_tim.o
HardFault_Handler                                 build/stm32f3xx_it.o
I2C1_ER_IRQHandler                                build/startup_stm32f373xc.o
I2C1_EV_IRQHandler                                build/startup_stm32f373xc.o
I2C2_ER_IRQHandler                                build/startup_stm32f373xc.o
I2C2_EV_IRQHandler                                build/startup_stm32f373xc.o
Jump                                              build/main.o
LED_Init                                          build/led.o
                                                  build/main.o
LED_SetGreen                                      build/led.o
                                                  build/main.o
LED_SetOrange                                     build/led.o
                                                  build/main.o
LED_SetRed                                        build/led.o
                                                  build/main.o
LED_Update                                        build/led.o
MX_TIM3_Init                                      build/tim.o
                                                  build/main.o
MX_TIM4_Init                                      build/tim.o
                                                  build/main.o
MemManage_Handler                                 build/stm32f3xx_it.o
NMI_Handler                                       build/stm32f3xx_it.o
PVD_IRQHandler                                    build/startup_stm32f373xc.o
PendSV_Handler                                    build/stm32f3xx_it.o
RCC_IRQHandler                                    build/startup_stm32f373xc.o
RTC_Alarm_IRQHandler                              build/startup_stm32f373xc.o
RTC_WKUP_IRQHandler                               build/startup_stm32f373xc.o
ReadWord                                          build/main.o
Reset_Handler                                     build/startup_stm32f373xc.o
SDADC1_IRQHandler                                 build/startup_stm32f373xc.o
SDADC2_IRQHandler                                 build/startup_stm32f373xc.o
SDADC3_IRQHandler                                 build/startup_stm32f373xc.o
SPI1_IRQHandler                                   build/startup_stm32f373xc.o
SPI2_IRQHandler                                   build/startup_stm32f373xc.o
SPI3_IRQHandler                                   build/startup_stm32f373xc.o
SVC_Handler                                       build/stm32f3xx_it.o
SysTick_Handler                                   build/stm32f3xx_it.o
SystemClock_Config                                build/main.o
SystemCoreClock                                   build/system_stm32f3xx.o
                                                  build/stm32f3xx_hal_rcc_ex.o
                                                  build/stm32f3xx_hal_rcc.o
                                                  build/stm32f3xx_hal.o
SystemCoreClockUpdate                             build/system_stm32f3xx.o
SystemInit                                        build/system_stm32f3xx.o
                                                  build/startup_stm32f373xc.o
TAMP_STAMP_IRQHandler                             build/startup_stm32f373xc.o
TIM12_IRQHandler                                  build/startup_stm32f373xc.o
TIM13_IRQHandler                                  build/startup_stm32f373xc.o
TIM14_IRQHandler                                  build/startup_stm32f373xc.o
TIM15_IRQHandler                                  build/startup_stm32f373xc.o
TIM16_IRQHandler                                  build/startup_stm32f373xc.o
TIM17_IRQHandler                                  build/startup_stm32f373xc.o
TIM18_DAC2_IRQHandler                             build/startup_stm32f373xc.o
TIM19_IRQHandler                                  build/startup_stm32f373xc.o
TIM2_IRQHandler                                   build/startup_stm32f373xc.o
TIM3_IRQHandler                                   build/startup_stm32f373xc.o
TIM4_IRQHandler                                   build/startup_stm32f373xc.o
TIM5_IRQHandler                                   build/startup_stm32f373xc.o
TIM6_DAC1_IRQHandler                              build/startup_stm32f373xc.o
TIM7_IRQHandler                                   build/startup_stm32f373xc.o
TIMEx_DMACommutationCplt                          build/stm32f3xx_hal_tim_ex.o
                                                  build/stm32f3xx_hal_tim.o
TIM_Base_SetConfig                                build/stm32f3xx_hal_tim.o
                                                  build/stm32f3xx_hal_tim_ex.o
TIM_CCxChannelCmd                                 build/stm32f3xx_hal_tim.o
                                                  build/stm32f3xx_hal_tim_ex.o
TIM_DMACaptureCplt                                build/stm32f3xx_hal_tim.o
                                                  build/stm32f3xx_hal_tim_ex.o
TIM_DMADelayPulseCplt                             build/stm32f3xx_hal_tim.o
                                                  build/stm32f3xx_hal_tim_ex.o
TIM_DMAError                                      build/stm32f3xx_hal_tim.o
                                                  build/stm32f3xx_hal_tim_ex.o
TIM_ETR_SetConfig                                 build/stm32f3xx_hal_tim.o
TIM_OC1_SetConfig                                 build/stm32f3xx_hal_tim.o
TIM_OC2_SetConfig                                 build/stm32f3xx_hal_tim.o
                                                  build/stm32f3xx_hal_tim_ex.o
TIM_OC3_SetConfig                                 build/stm32f3xx_hal_tim.o
TIM_OC4_SetConfig                                 build/stm32f3xx_hal_tim.o
TIM_TI1_SetConfig                                 build/stm32f3xx_hal_tim.o
                                                  build/stm32f3xx_hal_tim_ex.o
USART1_IRQHandler                                 build/startup_stm32f373xc.o
USART2_IRQHandler                                 build/startup_stm32f373xc.o
USART3_IRQHandler                                 build/startup_stm32f373xc.o
USBWakeUp_IRQHandler                              build/startup_stm32f373xc.o
USB_HP_IRQHandler                                 build/startup_stm32f373xc.o
USB_LP_IRQHandler                                 build/startup_stm32f373xc.o
UpdateApp                                         build/main.o
UsageFault_Handler                                build/stm32f3xx_it.o
WWDG_IRQHandler                                   build/startup_stm32f373xc.o
__bss_end__                                       /usr/local/Cellar/arm-none-eabi-gcc/7-2018-q2-update/gcc/bin/../lib/gcc/arm-none-eabi/7.3.1/../../../../arm-none-eabi/lib/thumb/v7e-m/fpv4-sp/hard/crt0.o
__bss_start__                                     /usr/local/Cellar/arm-none-eabi-gcc/7-2018-q2-update/gcc/bin/../lib/gcc/arm-none-eabi/7.3.1/../../../../arm-none-eabi/lib/thumb/v7e-m/fpv4-sp/hard/crt0.o
__call_exitprocs                                  /usr/local/Cellar/arm-none-eabi-gcc/7-2018-q2-update/gcc/bin/../lib/gcc/arm-none-eabi/7.3.1/../../../../arm-none-eabi/lib/thumb/v7e-m/fpv4-sp/hard/libc_nano.a(lib_a-exit.o)
__deregister_frame_info                           /usr/local/Cellar/arm-none-eabi-gcc/7-2018-q2-update/gcc/bin/../lib/gcc/arm-none-eabi/7.3.1/thumb/v7e-m/fpv4-sp/hard/crtbegin.o
__dso_handle                                      /usr/local/Cellar/arm-none-eabi-gcc/7-2018-q2-update/gcc/bin/../lib/gcc/arm-none-eabi/7.3.1/thumb/v7e-m/fpv4-sp/hard/crtbegin.o
__init_array_end                                  /usr/local/Cellar/arm-none-eabi-gcc/7-2018-q2-update/gcc/bin/../lib/gcc/arm-none-eabi/7.3.1/../../../../arm-none-eabi/lib/thumb/v7e-m/fpv4-sp/hard/libc_nano.a(lib_a-init.o)
__init_array_start                                /usr/local/Cellar/arm-none-eabi-gcc/7-2018-q2-update/gcc/bin/../lib/gcc/arm-none-eabi/7.3.1/../../../../arm-none-eabi/lib/thumb/v7e-m/fpv4-sp/hard/libc_nano.a(lib_a-init.o)
__libc_fini_array                                 /usr/local/Cellar/arm-none-eabi-gcc/7-2018-q2-update/gcc/bin/../lib/gcc/arm-none-eabi/7.3.1/../../../../arm-none-eabi/lib/thumb/v7e-m/fpv4-sp/hard/crt0.o
__libc_init_array                                 /usr/local/Cellar/arm-none-eabi-gcc/7-2018-q2-update/gcc/bin/../lib/gcc/arm-none-eabi/7.3.1/../../../../arm-none-eabi/lib/thumb/v7e-m/fpv4-sp/hard/libc_nano.a(lib_a-init.o)
                                                  build/startup_stm32f373xc.o
                                                  /usr/local/Cellar/arm-none-eabi-gcc/7-2018-q2-update/gcc/bin/../lib/gcc/arm-none-eabi/7.3.1/../../../../arm-none-eabi/lib/thumb/v7e-m/fpv4-sp/hard/crt0.o
__preinit_array_end                               /usr/local/Cellar/arm-none-eabi-gcc/7-2018-q2-update/gcc/bin/../lib/gcc/arm-none-eabi/7.3.1/../../../../arm-none-eabi/lib/thumb/v7e-m/fpv4-sp/hard/libc_nano.a(lib_a-init.o)
__preinit_array_start                             /usr/local/Cellar/arm-none-eabi-gcc/7-2018-q2-update/gcc/bin/../lib/gcc/arm-none-eabi/7.3.1/../../../../arm-none-eabi/lib/thumb/v7e-m/fpv4-sp/hard/libc_nano.a(lib_a-init.o)
__register_frame_info                             /usr/local/Cellar/arm-none-eabi-gcc/7-2018-q2-update/gcc/bin/../lib/gcc/arm-none-eabi/7.3.1/thumb/v7e-m/fpv4-sp/hard/crtbegin.o
__sf_fake_stderr                                  /usr/local/Cellar/arm-none-eabi-gcc/7-2018-q2-update/gcc/bin/../lib/gcc/arm-none-eabi/7.3.1/../../../../arm-none-eabi/lib/thumb/v7e-m/fpv4-sp/hard/libc_nano.a(lib_a-impure.o)
__sf_fake_stdin                                   /usr/local/Cellar/arm-none-eabi-gcc/7-2018-q2-update/gcc/bin/../lib/gcc/arm-none-eabi/7.3.1/../../../../arm-none-eabi/lib/thumb/v7e-m/fpv4-sp/hard/libc_nano.a(lib_a-impure.o)
__sf_fake_stdout                                  /usr/local/Cellar/arm-none-eabi-gcc/7-2018-q2-update/gcc/bin/../lib/gcc/arm-none-eabi/7.3.1/../../../../arm-none-eabi/lib/thumb/v7e-m/fpv4-sp/hard/libc_nano.a(lib_a-impure.o)
__stack                                           /usr/local/Cellar/arm-none-eabi-gcc/7-2018-q2-update/gcc/bin/../lib/gcc/arm-none-eabi/7.3.1/../../../../arm-none-eabi/lib/thumb/v7e-m/fpv4-sp/hard/crt0.o
_ebss                                             build/startup_stm32f373xc.o
_edata                                            build/startup_stm32f373xc.o
_estack                                           build/startup_stm32f373xc.o
_exit                                             /usr/local/Cellar/arm-none-eabi-gcc/7-2018-q2-update/gcc/bin/../lib/gcc/arm-none-eabi/7.3.1/../../../../arm-none-eabi/lib/thumb/v7e-m/fpv4-sp/hard/libnosys.a(_exit.o)
                                                  /usr/local/Cellar/arm-none-eabi-gcc/7-2018-q2-update/gcc/bin/../lib/gcc/arm-none-eabi/7.3.1/../../../../arm-none-eabi/lib/thumb/v7e-m/fpv4-sp/hard/libc_nano.a(lib_a-exit.o)
_fini                                             /usr/local/Cellar/arm-none-eabi-gcc/7-2018-q2-update/gcc/bin/../lib/gcc/arm-none-eabi/7.3.1/thumb/v7e-m/fpv4-sp/hard/crti.o
_global_impure_ptr                                /usr/local/Cellar/arm-none-eabi-gcc/7-2018-q2-update/gcc/bin/../lib/gcc/arm-none-eabi/7.3.1/../../../../arm-none-eabi/lib/thumb/v7e-m/fpv4-sp/hard/libc_nano.a(lib_a-impure.o)
                                                  /usr/local/Cellar/arm-none-eabi-gcc/7-2018-q2-update/gcc/bin/../lib/gcc/arm-none-eabi/7.3.1/../../../../arm-none-eabi/lib/thumb/v7e-m/fpv4-sp/hard/libc_nano.a(lib_a-exit.o)
_impure_ptr                                       /usr/local/Cellar/arm-none-eabi-gcc/7-2018-q2-update/gcc/bin/../lib/gcc/arm-none-eabi/7.3.1/../../../../arm-none-eabi/lib/thumb/v7e-m/fpv4-sp/hard/libc_nano.a(lib_a-impure.o)
_init                                             /usr/local/Cellar/arm-none-eabi-gcc/7-2018-q2-update/gcc/bin/../lib/gcc/arm-none-eabi/7.3.1/thumb/v7e-m/fpv4-sp/hard/crti.o
                                                  /usr/local/Cellar/arm-none-eabi-gcc/7-2018-q2-update/gcc/bin/../lib/gcc/arm-none-eabi/7.3.1/../../../../arm-none-eabi/lib/thumb/v7e-m/fpv4-sp/hard/libc_nano.a(lib_a-init.o)
_mainCRTStartup                                   /usr/local/Cellar/arm-none-eabi-gcc/7-2018-q2-update/gcc/bin/../lib/gcc/arm-none-eabi/7.3.1/../../../../arm-none-eabi/lib/thumb/v7e-m/fpv4-sp/hard/crt0.o
_sbss                                             build/startup_stm32f373xc.o
_sdata                                            build/startup_stm32f373xc.o
_sidata                                           build/startup_stm32f373xc.o
_start                                            /usr/local/Cellar/arm-none-eabi-gcc/7-2018-q2-update/gcc/bin/../lib/gcc/arm-none-eabi/7.3.1/../../../../arm-none-eabi/lib/thumb/v7e-m/fpv4-sp/hard/crt0.o
aPLLMULFactorTable                                build/stm32f3xx_hal_rcc.o
aPredivFactorTable                                build/stm32f3xx_hal_rcc.o
atexit                                            /usr/local/Cellar/arm-none-eabi-gcc/7-2018-q2-update/gcc/bin/../lib/gcc/arm-none-eabi/7.3.1/../../../../arm-none-eabi/lib/thumb/v7e-m/fpv4-sp/hard/crt0.o
exit                                              /usr/local/Cellar/arm-none-eabi-gcc/7-2018-q2-update/gcc/bin/../lib/gcc/arm-none-eabi/7.3.1/../../../../arm-none-eabi/lib/thumb/v7e-m/fpv4-sp/hard/libc_nano.a(lib_a-exit.o)
                                                  /usr/local/Cellar/arm-none-eabi-gcc/7-2018-q2-update/gcc/bin/../lib/gcc/arm-none-eabi/7.3.1/../../../../arm-none-eabi/lib/thumb/v7e-m/fpv4-sp/hard/crt0.o
g_pfnVectors                                      build/startup_stm32f373xc.o
hardware_init_hook                                /usr/local/Cellar/arm-none-eabi-gcc/7-2018-q2-update/gcc/bin/../lib/gcc/arm-none-eabi/7.3.1/../../../../arm-none-eabi/lib/thumb/v7e-m/fpv4-sp/hard/crt0.o
htim3                                             build/tim.o
                                                  build/led.o
htim4                                             build/tim.o
                                                  build/led.o
htim6                                             build/tim.o
leds                                              build/led.o
                                                  build/main.o
ledupdate                                         build/led.o
                                                  build/main.o
main                                              build/main.o
                                                  build/startup_stm32f373xc.o
                                                  /usr/local/Cellar/arm-none-eabi-gcc/7-2018-q2-update/gcc/bin/../lib/gcc/arm-none-eabi/7.3.1/../../../../arm-none-eabi/lib/thumb/v7e-m/fpv4-sp/hard/crt0.o
memset                                            /usr/local/Cellar/arm-none-eabi-gcc/7-2018-q2-update/gcc/bin/../lib/gcc/arm-none-eabi/7.3.1/../../../../arm-none-eabi/lib/thumb/v7e-m/fpv4-sp/hard/libc_nano.a(lib_a-memset.o)
                                                  build/main.o
                                                  /usr/local/Cellar/arm-none-eabi-gcc/7-2018-q2-update/gcc/bin/../lib/gcc/arm-none-eabi/7.3.1/../../../../arm-none-eabi/lib/thumb/v7e-m/fpv4-sp/hard/crt0.o
pFlash                                            build/stm32f3xx_hal_flash.o
                                                  build/stm32f3xx_hal_flash_ex.o
software_init_hook                                /usr/local/Cellar/arm-none-eabi-gcc/7-2018-q2-update/gcc/bin/../lib/gcc/arm-none-eabi/7.3.1/../../../../arm-none-eabi/lib/thumb/v7e-m/fpv4-sp/hard/crt0.o
uwTick                                            build/stm32f3xx_hal.o
