Archive member included to satisfy reference by file (symbol)

/usr/local/Caskroom/gcc-arm-embedded/10-2020-q4-major/gcc-arm-none-eabi-10-2020-q4-major/bin/../lib/gcc/arm-none-eabi/10.2.1/../../../../arm-none-eabi/lib/thumb/v7e-m+fp/hard/libc_nano.a(lib_a-exit.o)
                              /usr/local/Caskroom/gcc-arm-embedded/10-2020-q4-major/gcc-arm-none-eabi-10-2020-q4-major/bin/../lib/gcc/arm-none-eabi/10.2.1/../../../../arm-none-eabi/lib/thumb/v7e-m+fp/hard/crt0.o (exit)
/usr/local/Caskroom/gcc-arm-embedded/10-2020-q4-major/gcc-arm-none-eabi-10-2020-q4-major/bin/../lib/gcc/arm-none-eabi/10.2.1/../../../../arm-none-eabi/lib/thumb/v7e-m+fp/hard/libc_nano.a(lib_a-impure.o)
                              /usr/local/Caskroom/gcc-arm-embedded/10-2020-q4-major/gcc-arm-none-eabi-10-2020-q4-major/bin/../lib/gcc/arm-none-eabi/10.2.1/../../../../arm-none-eabi/lib/thumb/v7e-m+fp/hard/libc_nano.a(lib_a-exit.o) (_global_impure_ptr)
/usr/local/Caskroom/gcc-arm-embedded/10-2020-q4-major/gcc-arm-none-eabi-10-2020-q4-major/bin/../lib/gcc/arm-none-eabi/10.2.1/../../../../arm-none-eabi/lib/thumb/v7e-m+fp/hard/libc_nano.a(lib_a-init.o)
                              /usr/local/Caskroom/gcc-arm-embedded/10-2020-q4-major/gcc-arm-none-eabi-10-2020-q4-major/bin/../lib/gcc/arm-none-eabi/10.2.1/../../../../arm-none-eabi/lib/thumb/v7e-m+fp/hard/crt0.o (__libc_init_array)
/usr/local/Caskroom/gcc-arm-embedded/10-2020-q4-major/gcc-arm-none-eabi-10-2020-q4-major/bin/../lib/gcc/arm-none-eabi/10.2.1/../../../../arm-none-eabi/lib/thumb/v7e-m+fp/hard/libc_nano.a(lib_a-memset.o)
                              /usr/local/Caskroom/gcc-arm-embedded/10-2020-q4-major/gcc-arm-none-eabi-10-2020-q4-major/bin/../lib/gcc/arm-none-eabi/10.2.1/../../../../arm-none-eabi/lib/thumb/v7e-m+fp/hard/crt0.o (memset)
/usr/local/Caskroom/gcc-arm-embedded/10-2020-q4-major/gcc-arm-none-eabi-10-2020-q4-major/bin/../lib/gcc/arm-none-eabi/10.2.1/../../../../arm-none-eabi/lib/thumb/v7e-m+fp/hard/libm.a(lib_a-wf_exp2.o)
                              build/analog.o (exp2f)
/usr/local/Caskroom/gcc-arm-embedded/10-2020-q4-major/gcc-arm-none-eabi-10-2020-q4-major/bin/../lib/gcc/arm-none-eabi/10.2.1/../../../../arm-none-eabi/lib/thumb/v7e-m+fp/hard/libm.a(lib_a-wf_pow.o)
                              /usr/local/Caskroom/gcc-arm-embedded/10-2020-q4-major/gcc-arm-none-eabi-10-2020-q4-major/bin/../lib/gcc/arm-none-eabi/10.2.1/../../../../arm-none-eabi/lib/thumb/v7e-m+fp/hard/libm.a(lib_a-wf_exp2.o) (powf)
/usr/local/Caskroom/gcc-arm-embedded/10-2020-q4-major/gcc-arm-none-eabi-10-2020-q4-major/bin/../lib/gcc/arm-none-eabi/10.2.1/../../../../arm-none-eabi/lib/thumb/v7e-m+fp/hard/libm.a(lib_a-ef_pow.o)
                              /usr/local/Caskroom/gcc-arm-embedded/10-2020-q4-major/gcc-arm-none-eabi-10-2020-q4-major/bin/../lib/gcc/arm-none-eabi/10.2.1/../../../../arm-none-eabi/lib/thumb/v7e-m+fp/hard/libm.a(lib_a-wf_pow.o) (__ieee754_powf)
/usr/local/Caskroom/gcc-arm-embedded/10-2020-q4-major/gcc-arm-none-eabi-10-2020-q4-major/bin/../lib/gcc/arm-none-eabi/10.2.1/../../../../arm-none-eabi/lib/thumb/v7e-m+fp/hard/libm.a(lib_a-ef_sqrt.o)
                              /usr/local/Caskroom/gcc-arm-embedded/10-2020-q4-major/gcc-arm-none-eabi-10-2020-q4-major/bin/../lib/gcc/arm-none-eabi/10.2.1/../../../../arm-none-eabi/lib/thumb/v7e-m+fp/hard/libm.a(lib_a-ef_pow.o) (__ieee754_sqrtf)
/usr/local/Caskroom/gcc-arm-embedded/10-2020-q4-major/gcc-arm-none-eabi-10-2020-q4-major/bin/../lib/gcc/arm-none-eabi/10.2.1/../../../../arm-none-eabi/lib/thumb/v7e-m+fp/hard/libm.a(lib_a-s_lib_ver.o)
                              /usr/local/Caskroom/gcc-arm-embedded/10-2020-q4-major/gcc-arm-none-eabi-10-2020-q4-major/bin/../lib/gcc/arm-none-eabi/10.2.1/../../../../arm-none-eabi/lib/thumb/v7e-m+fp/hard/libm.a(lib_a-wf_pow.o) (__fdlib_version)
/usr/local/Caskroom/gcc-arm-embedded/10-2020-q4-major/gcc-arm-none-eabi-10-2020-q4-major/bin/../lib/gcc/arm-none-eabi/10.2.1/../../../../arm-none-eabi/lib/thumb/v7e-m+fp/hard/libm.a(lib_a-sf_fabs.o)
                              /usr/local/Caskroom/gcc-arm-embedded/10-2020-q4-major/gcc-arm-none-eabi-10-2020-q4-major/bin/../lib/gcc/arm-none-eabi/10.2.1/../../../../arm-none-eabi/lib/thumb/v7e-m+fp/hard/libm.a(lib_a-ef_pow.o) (fabsf)
/usr/local/Caskroom/gcc-arm-embedded/10-2020-q4-major/gcc-arm-none-eabi-10-2020-q4-major/bin/../lib/gcc/arm-none-eabi/10.2.1/../../../../arm-none-eabi/lib/thumb/v7e-m+fp/hard/libm.a(lib_a-sf_finite.o)
                              /usr/local/Caskroom/gcc-arm-embedded/10-2020-q4-major/gcc-arm-none-eabi-10-2020-q4-major/bin/../lib/gcc/arm-none-eabi/10.2.1/../../../../arm-none-eabi/lib/thumb/v7e-m+fp/hard/libm.a(lib_a-wf_pow.o) (finitef)
/usr/local/Caskroom/gcc-arm-embedded/10-2020-q4-major/gcc-arm-none-eabi-10-2020-q4-major/bin/../lib/gcc/arm-none-eabi/10.2.1/../../../../arm-none-eabi/lib/thumb/v7e-m+fp/hard/libm.a(lib_a-sf_nan.o)
[...]
Memory Configuration

Name             Origin             Length             Attributes
RAM              0x0000000020000000 0x0000000000008000 xrw
FLASH            0x0000000008004000 0x000000000000f000 xr
*default*        0x0000000000000000 0xffffffffffffffff

Linker script and memory map

LOAD /usr/local/Caskroom/gcc-arm-embedded/10-2020-q4-major/gcc-arm-none-eabi-10-2020-q4-major/bin/../lib/gcc/arm-none-eabi/10.2.1/thumb/v7e-m+fp/hard/crti.o
LOAD /usr/local/Caskroom/gcc-arm-embedded/10-2020-q4-major/gcc-arm-none-eabi-10-2020-q4-major/bin/../lib/gcc/arm-none-eabi/10.2.1/thumb/v7e-m+fp/hard/crtbegin.o
LOAD /usr/local/Caskroom/gcc-arm-embedded/10-2020-q4-major/gcc-arm-none-eabi-10-2020-q4-major/bin/../lib/gcc/arm-none-eabi/10.2.1/../../../../arm-none-eabi/lib/thumb/v7e-m+fp/hard/crt0.o
LOAD build/main.o
LOAD build/stm32f3xx_it.o
LOAD build/stm32f3xx_hal_msp.o
LOAD build/system_stm32f3xx.o
LOAD build/usbd_midi_if.o
LOAD build/usbd_midi.o
LOAD build/gpio.o
LOAD build/spi.o
LOAD build/tim.o
LOAD build/stm32f3xx_hal.o
LOAD build/stm32f3xx_hal_rcc.o
LOAD build/stm32f3xx_hal_rcc_ex.o
LOAD build/stm32f3xx_hal_gpio.o
LOAD build/stm32f3xx_hal_dma.o
LOAD build/stm32f3xx_hal_cortex.o
LOAD build/stm32f3xx_hal_pwr.o
LOAD build/stm32f3xx_hal_pwr_ex.o
LOAD build/stm32f3xx_hal_flash.o
LOAD build/stm32f3xx_hal_flash_ex.o
LOAD build/stm32f3xx_hal_i2c.o
LOAD build/stm32f3xx_hal_i2c_ex.o
LOAD build/stm32f3xx_hal_spi.o
LOAD build/stm32f3xx_hal_spi_ex.o
LOAD build/stm32f3xx_hal_tim.o
LOAD build/stm32f3xx_hal_tim_ex.o
LOAD build/stm32f3xx_hal_pcd.o
LOAD build/stm32f3xx_hal_pcd_ex.o
LOAD build/usb_device.o
LOAD build/usbd_conf.o
LOAD build/usbd_desc.o
LOAD build/usbd_core.o
LOAD build/usbd_ctlreq.o
LOAD build/usbd_ioreq.o
LOAD build/midiprocessor.o
LOAD build/led.o
LOAD build/dac.o
LOAD build/ringbuffer.o
LOAD build/digital.o
LOAD build/analog.o
LOAD build/note_stack.o
LOAD build/poly.o
LOAD build/configuration.o
LOAD build/sysexprocessor.o
LOAD build/dma.o
LOAD build/startup_stm32f373xc.o
LOAD /usr/local/Caskroom/gcc-arm-embedded/10-2020-q4-major/gcc-arm-none-eabi-10-2020-q4-major/bin/../lib/gcc/arm-none-eabi/10.2.1/../../../../arm-none-eabi/lib/thumb/v7e-m+fp/hard/libc_nano.a
LOAD /usr/local/Caskroom/gcc-arm-embedded/10-2020-q4-major/gcc-arm-none-eabi-10-2020-q4-major/bin/../lib/gcc/arm-none-eabi/10.2.1/../../../../arm-none-eabi/lib/thumb/v7e-m+fp/hard/libm.a
LOAD /usr/local/Caskroom/gcc-arm-embedded/10-2020-q4-major/gcc-arm-none-eabi-10-2020-q4-major/bin/../lib/gcc/arm-none-eabi/10.2.1/../../../../arm-none-eabi/lib/thumb/v7e-m+fp/hard/libnosys.a
START GROUP
LOAD /usr/local/Caskroom/gcc-arm-embedded/10-2020-q4-major/gcc-arm-none-eabi-10-2020-q4-major/bin/../lib/gcc/arm-none-eabi/10.2.1/thumb/v7e-m+fp/hard/libgcc.a
LOAD /usr/local/Caskroom/gcc-arm-embedded/10-2020-q4-major/gcc-arm-none-eabi-10-2020-q4-major/bin/../lib/gcc/arm-none-eabi/10.2.1/../../../../arm-none-eabi/lib/thumb/v7e-m+fp/hard/libc_nano.a
END GROUP
START GROUP
LOAD /usr/local/Caskroom/gcc-arm-embedded/10-2020-q4-major/gcc-arm-none-eabi-10-2020-q4-major/bin/../lib/gcc/arm-none-eabi/10.2.1/thumb/v7e-m+fp/hard/libgcc.a
LOAD /usr/local/Caskroom/gcc-arm-embedded/10-2020-q4-major/gcc-arm-none-eabi-10-2020-q4-major/bin/../lib/gcc/arm-none-eabi/10.2.1/../../../../arm-none-eabi/lib/thumb/v7e-m+fp/hard/libc_nano.a
END GROUP
LOAD /usr/local/Caskroom/gcc-arm-embedded/10-2020-q4-major/gcc-arm-none-eabi-10-2020-q4-major/bin/../lib/gcc/arm-none-eabi/10.2.1/thumb/v7e-m+fp/hard/crtend.o
LOAD /usr/local/Caskroom/gcc-arm-embedded/10-2020-q4-major/gcc-arm-none-eabi-10-2020-q4-major/bin/../lib/gcc/arm-none-eabi/10.2.1/thumb/v7e-m+fp/hard/crtn.o
                0x0000000020008000                _estack = 0x20008000
                0x0000000000000200                _Min_Heap_Size = 0x200
                0x0000000000000400                _Min_Stack_Size = 0x400

.isr_vector     0x0000000008004000      0x188
                0x0000000008004000                . = ALIGN (0x4)
 *(.isr_vector)
 .isr_vector    0x0000000008004000      0x188 build/startup_stm32f373xc.o
                0x0000000008004000                g_pfnVectors
                0x0000000008004188                . = ALIGN (0x4)

.text           0x0000000008004188     0x74e0
                0x0000000008004188                . = ALIGN (0x4)
 *(.text)
 .text          0x0000000008004188       0x40 /usr/local/Caskroom/gcc-arm-embedded/10-2020-q4-major/gcc-arm-none-eabi-10-2020-q4-major/bin/../lib/gcc/arm-none-eabi/10.2.1/thumb/v7e-m+fp/hard/crtbegin.o
 *(.text*)
 .text.SystemClock_Config
                0x00000000080041c8       0x6c build/main.o
                0x00000000080041c8                SystemClock_Config
 .text.TIMER_Update
                0x0000000008004234       0x4c build/main.o
                0x0000000008004234                TIMER_Update
 .text.main     0x0000000008004280       0xa8 build/main.o
                0x0000000008004280                main
 .text.SysTick_Handler
                0x0000000008004328       0x3c build/main.o
                0x0000000008004328                SysTick_Handler
 .text.TIM6_DAC1_IRQHandler
                0x0000000008004364       0x78 build/main.o
                0x0000000008004364                TIM6_DAC1_IRQHandler
 .text.Error_Handler
                0x00000000080043dc        0x2 build/main.o
                0x00000000080043dc                Error_Handler
 .text.NMI_Handler
                0x00000000080043de        0x2 build/stm32f3xx_it.o
                0x00000000080043de                NMI_Handler
 .text.HardFault_Handler
                0x00000000080043e0        0x2 build/stm32f3xx_it.o
                0x00000000080043e0                HardFault_Handler
 .text.MemManage_Handler
                0x00000000080043e2        0x2 build/stm32f3xx_it.o
                0x00000000080043e2                MemManage_Handler
 .text.BusFault_Handler
                0x00000000080043e4        0x2 build/stm32f3xx_it.o
                0x00000000080043e4                BusFault_Handler
 .text.UsageFault_Handler
                0x00000000080043e6        0x2 build/stm32f3xx_it.o
                0x00000000080043e6                UsageFault_Handler
 .text.SVC_Handler
                0x00000000080043e8        0x2 build/stm32f3xx_it.o
                0x00000000080043e8                SVC_Handler
 .text.DebugMon_Handler
                0x00000000080043ea        0x2 build/stm32f3xx_it.o
                0x00000000080043ea                DebugMon_Handler
 .text.PendSV_Handler
                0x00000000080043ec        0x2 build/stm32f3xx_it.o
                0x00000000080043ec                PendSV_Handler
 *fill*         0x00000000080043ee        0x2 
 .text.DMA1_Channel5_IRQHandler
                0x00000000080043f0       0x10 build/stm32f3xx_it.o
                0x00000000080043f0                DMA1_Channel5_IRQHandler
 .text.USB_LP_IRQHandler
                0x0000000008004400       0x10 build/stm32f3xx_it.o
                0x0000000008004400                USB_LP_IRQHandler
 .text.HAL_MspInit
                0x0000000008004410       0x30 build/stm32f3xx_hal_msp.o
                0x0000000008004410                HAL_MspInit
 .text.SystemInit
                0x0000000008004440       0x6c build/system_stm32f3xx.o
                0x0000000008004440                SystemInit
 .text.MIDI_DataTx
                0x00000000080044ac       0x4c build/usbd_midi_if.o
                0x00000000080044ac                MIDI_DataTx
 .text.MIDI_DataRx
                0x00000000080044f8       0x28 build/usbd_midi_if.o
 .text.USBD_MIDI_DataIn
                0x0000000008004520       0x18 build/usbd_midi.o
 .text.USBD_MIDI_GetCfgDesc
                0x0000000008004538        0xc build/usbd_midi.o
 .text.USBD_MIDI_DataOut
                0x0000000008004544       0x34 build/usbd_midi.o
 .text.USBD_MIDI_DeInit
                0x0000000008004578       0x20 build/usbd_midi.o
 .text.USBD_MIDI_Init
                0x0000000008004598       0x38 build/usbd_midi.o
 .text.USBD_MIDI_SendPacket
                0x00000000080045d0       0xa0 build/usbd_midi.o
                0x00000000080045d0                USBD_MIDI_SendPacket
 .text.USBD_MIDI_RegisterInterface
                0x0000000008004670        0xe build/usbd_midi.o
                0x0000000008004670                USBD_MIDI_RegisterInterface
 *fill*         0x000000000800467e        0x2 
 .text.MX_GPIO_Init
                0x0000000008004680      0x14c build/gpio.o
                0x0000000008004680                MX_GPIO_Init
 .text.MX_SPI2_Init
                0x00000000080047cc       0x4c build/spi.o
                0x00000000080047cc                MX_SPI2_Init
 .text.HAL_SPI_MspInit
                0x0000000008004818       0xcc build/spi.o
                0x0000000008004818                HAL_SPI_MspInit
 .text.MX_TIM6_Init
                0x00000000080048e4       0x50 build/tim.o
                0x00000000080048e4                MX_TIM6_Init
 .text.HAL_TIM_Base_MspInit
                0x0000000008004934       0x80 build/tim.o
                0x0000000008004934                HAL_TIM_Base_MspInit
 .text.HAL_TIM_MspPostInit
                0x00000000080049b4       0xb0 build/tim.o
                0x00000000080049b4                HAL_TIM_MspPostInit
 .text.MX_TIM3_Init
                0x0000000008004a64       0xe8 build/tim.o
                0x0000000008004a64                MX_TIM3_Init
 .text.MX_TIM4_Init
                0x0000000008004b4c       0xe8 build/tim.o
                0x0000000008004b4c                MX_TIM4_Init
 .text.HAL_InitTick
                0x0000000008004c34       0x2c build/stm32f3xx_hal.o
                0x0000000008004c34                HAL_InitTick
 .text.HAL_Init
                0x0000000008004c60       0x24 build/stm32f3xx_hal.o
                0x0000000008004c60                HAL_Init
 .text.HAL_IncTick
                0x0000000008004c84       0x10 build/stm32f3xx_hal.o
                0x0000000008004c84                HAL_IncTick
 .text.HAL_GetTick
                0x0000000008004c94        0xc build/stm32f3xx_hal.o
                0x0000000008004c94                HAL_GetTick
 .text.HAL_Delay
                0x0000000008004ca0       0x1c build/stm32f3xx_hal.o
                0x0000000008004ca0                HAL_Delay
 .text.HAL_RCC_OscConfig
                0x0000000008004cbc      0x5fc build/stm32f3xx_hal_rcc.o
                0x0000000008004cbc                HAL_RCC_OscConfig
 .text.HAL_RCC_GetSysClockFreq
                0x00000000080052b8       0x70 build/stm32f3xx_hal_rcc.o
                0x00000000080052b8                HAL_RCC_GetSysClockFreq
 .text.HAL_RCC_ClockConfig
                0x0000000008005328      0x1d8 build/stm32f3xx_hal_rcc.o
                0x0000000008005328                HAL_RCC_ClockConfig
 .text.HAL_RCCEx_PeriphCLKConfig
                0x0000000008005500      0x208 build/stm32f3xx_hal_rcc_ex.o
                0x0000000008005500                HAL_RCCEx_PeriphCLKConfig
 .text.HAL_GPIO_Init
                0x0000000008005708      0x19c build/stm32f3xx_hal_gpio.o
                0x0000000008005708                HAL_GPIO_Init
 .text.HAL_GPIO_WritePin
                0x00000000080058a4        0xa build/stm32f3xx_hal_gpio.o
                0x00000000080058a4                HAL_GPIO_WritePin
 *fill*         0x00000000080058ae        0x2 
 .text.DMA_CalcBaseAndBitshift
                0x00000000080058b0       0x4c build/stm32f3xx_hal_dma.o
 .text.HAL_DMA_Init
                0x00000000080058fc       0x58 build/stm32f3xx_hal_dma.o
                0x00000000080058fc                HAL_DMA_Init
 .text.HAL_DMA_IRQHandler
                0x0000000008005954       0xb4 build/stm32f3xx_hal_dma.o
                0x0000000008005954                HAL_DMA_IRQHandler
 .text.HAL_NVIC_SetPriorityGrouping
                0x0000000008005a08       0x24 build/stm32f3xx_hal_cortex.o
                0x0000000008005a08                HAL_NVIC_SetPriorityGrouping
 .text.HAL_NVIC_SetPriority
                0x0000000008005a2c       0x70 build/stm32f3xx_hal_cortex.o
                0x0000000008005a2c                HAL_NVIC_SetPriority
 .text.HAL_NVIC_EnableIRQ
                0x0000000008005a9c       0x18 build/stm32f3xx_hal_cortex.o
                0x0000000008005a9c                HAL_NVIC_EnableIRQ
 .text.HAL_SYSTICK_Config
                0x0000000008005ab4       0x28 build/stm32f3xx_hal_cortex.o
                0x0000000008005ab4                HAL_SYSTICK_Config
 .text.FLASH_Program_HalfWord
                0x0000000008005adc       0x1c build/stm32f3xx_hal_flash.o
 .text.FLASH_SetErrorCode
                0x0000000008005af8       0x3c build/stm32f3xx_hal_flash.o
 .text.HAL_FLASH_Unlock
                0x0000000008005b34       0x28 build/stm32f3xx_hal_flash.o
                0x0000000008005b34                HAL_FLASH_Unlock
 .text.HAL_FLASH_Lock
                0x0000000008005b5c       0x14 build/stm32f3xx_hal_flash.o
                0x0000000008005b5c                HAL_FLASH_Lock
 .text.FLASH_WaitForLastOperation
                0x0000000008005b70       0x60 build/stm32f3xx_hal_flash.o
                0x0000000008005b70                FLASH_WaitForLastOperation
 .text.HAL_FLASH_Program
                0x0000000008005bd0       0xa0 build/stm32f3xx_hal_flash.o
                0x0000000008005bd0                HAL_FLASH_Program
 .text.FLASH_MassErase
                0x0000000008005c70       0x24 build/stm32f3xx_hal_flash_ex.o
 .text.FLASH_PageErase
                0x0000000008005c94       0x24 build/stm32f3xx_hal_flash_ex.o
                0x0000000008005c94                FLASH_PageErase
 .text.HAL_FLASHEx_Erase
                0x0000000008005cb8       0xa4 build/stm32f3xx_hal_flash_ex.o
                0x0000000008005cb8                HAL_FLASHEx_Erase
 .text.HAL_SPI_Init
                0x0000000008005d5c       0xba build/stm32f3xx_hal_spi.o
                0x0000000008005d5c                HAL_SPI_Init
 .text.TIM_TI1_ConfigInputStage
                0x0000000008005e16       0x26 build/stm32f3xx_hal_tim.o
 .text.TIM_TI2_ConfigInputStage
                0x0000000008005e3c       0x28 build/stm32f3xx_hal_tim.o
 .text.TIM_ITRx_SetConfig
                0x0000000008005e64       0x10 build/stm32f3xx_hal_tim.o
 .text.HAL_TIM_Base_Start_IT
                0x0000000008005e74       0x18 build/stm32f3xx_hal_tim.o
                0x0000000008005e74                HAL_TIM_Base_Start_IT
 .text.HAL_TIM_PWM_MspInit
                0x0000000008005e8c        0x2 build/stm32f3xx_hal_tim.o
                0x0000000008005e8c                HAL_TIM_PWM_MspInit
 *fill*         0x0000000008005e8e        0x2 
 .text.TIM_Base_SetConfig
                0x0000000008005e90       0xc4 build/stm32f3xx_hal_tim.o
                0x0000000008005e90                TIM_Base_SetConfig
 .text.HAL_TIM_Base_Init
                0x0000000008005f54       0x34 build/stm32f3xx_hal_tim.o
                0x0000000008005f54                HAL_TIM_Base_Init
 .text.HAL_TIM_PWM_Init
                0x0000000008005f88       0x34 build/stm32f3xx_hal_tim.o
                0x0000000008005f88                HAL_TIM_PWM_Init
 .text.TIM_OC1_SetConfig
                0x0000000008005fbc       0x7c build/stm32f3xx_hal_tim.o
                0x0000000008005fbc                TIM_OC1_SetConfig
 .text.TIM_OC2_SetConfig
                0x0000000008006038       0x5c build/stm32f3xx_hal_tim.o
                0x0000000008006038                TIM_OC2_SetConfig
 .text.TIM_OC3_SetConfig
                0x0000000008006094       0x58 build/stm32f3xx_hal_tim.o
                0x0000000008006094                TIM_OC3_SetConfig
 .text.TIM_OC4_SetConfig
                0x00000000080060ec       0x54 build/stm32f3xx_hal_tim.o
                0x00000000080060ec                TIM_OC4_SetConfig
 .text.HAL_TIM_PWM_ConfigChannel
                0x0000000008006140       0xdc build/stm32f3xx_hal_tim.o
                0x0000000008006140                HAL_TIM_PWM_ConfigChannel
 .text.TIM_ETR_SetConfig
                0x000000000800621c       0x1a build/stm32f3xx_hal_tim.o
                0x000000000800621c                TIM_ETR_SetConfig
 .text.HAL_TIM_ConfigClockSource
                0x0000000008006236      0x10a build/stm32f3xx_hal_tim.o
                0x0000000008006236                HAL_TIM_ConfigClockSource
 .text.TIM_CCxChannelCmd
                0x0000000008006340       0x1a build/stm32f3xx_hal_tim.o
                0x0000000008006340                TIM_CCxChannelCmd
 *fill*         0x000000000800635a        0x2 
 .text.HAL_TIM_PWM_Start
                0x000000000800635c       0x40 build/stm32f3xx_hal_tim.o
                0x000000000800635c                HAL_TIM_PWM_Start
 .text.HAL_TIMEx_MasterConfigSynchronization
                0x000000000800639c       0x52 build/stm32f3xx_hal_tim_ex.o
                0x000000000800639c                HAL_TIMEx_MasterConfigSynchronization
 .text.HAL_PCD_Init
                0x00000000080063ee       0xa8 build/stm32f3xx_hal_pcd.o
                0x00000000080063ee                HAL_PCD_Init
 .text.HAL_PCD_Start
                0x0000000008006496        0xc build/stm32f3xx_hal_pcd.o
                0x0000000008006496                HAL_PCD_Start
 .text.HAL_PCD_SetAddress
                0x00000000080064a2       0x2c build/stm32f3xx_hal_pcd.o
                0x00000000080064a2                HAL_PCD_SetAddress
 .text.HAL_PCD_EP_Open
                0x00000000080064ce      0x3ec build/stm32f3xx_hal_pcd.o
                0x00000000080064ce                HAL_PCD_EP_Open
 .text.HAL_PCD_EP_Close
                0x00000000080068ba      0x22a build/stm32f3xx_hal_pcd.o
                0x00000000080068ba                HAL_PCD_EP_Close
 .text.HAL_PCD_EP_Receive
                0x0000000008006ae4      0x132 build/stm32f3xx_hal_pcd.o
                0x0000000008006ae4                HAL_PCD_EP_Receive
 .text.HAL_PCD_EP_Transmit
                0x0000000008006c16      0x150 build/stm32f3xx_hal_pcd.o
                0x0000000008006c16                HAL_PCD_EP_Transmit
 .text.PCD_EP_ISR_Handler
                0x0000000008006d66      0x47e build/stm32f3xx_hal_pcd.o
 .text.HAL_PCD_IRQHandler
                0x00000000080071e4      0x14c build/stm32f3xx_hal_pcd.o
                0x00000000080071e4                HAL_PCD_IRQHandler
 .text.HAL_PCD_EP_SetStall
                0x0000000008007330       0xb8 build/stm32f3xx_hal_pcd.o
                0x0000000008007330                HAL_PCD_EP_SetStall
 .text.HAL_PCD_EP_ClrStall
                0x00000000080073e8       0xe0 build/stm32f3xx_hal_pcd.o
                0x00000000080073e8                HAL_PCD_EP_ClrStall
 .text.HAL_PCDEx_PMAConfig
                0x00000000080074c8       0x3a build/stm32f3xx_hal_pcd_ex.o
                0x00000000080074c8                HAL_PCDEx_PMAConfig
 .text.PCD_WritePMA
                0x0000000008007502       0x2a build/stm32f3xx_hal_pcd_ex.o
                0x0000000008007502                PCD_WritePMA
 .text.PCD_ReadPMA
                0x000000000800752c       0x32 build/stm32f3xx_hal_pcd_ex.o
                0x000000000800752c                PCD_ReadPMA
 *fill*         0x000000000800755e        0x2 
 .text.MX_USB_DEVICE_Init
                0x0000000008007560       0x38 build/usb_device.o
                0x0000000008007560                MX_USB_DEVICE_Init
 .text.HAL_PCD_MspInit
                0x0000000008007598       0x60 build/usbd_conf.o
                0x0000000008007598                HAL_PCD_MspInit
 .text.HAL_PCD_SetupStageCallback
                0x00000000080075f8       0x10 build/usbd_conf.o
                0x00000000080075f8                HAL_PCD_SetupStageCallback
 .text.HAL_PCD_DataOutStageCallback
                0x0000000008007608       0x18 build/usbd_conf.o
                0x0000000008007608                HAL_PCD_DataOutStageCallback
 .text.HAL_PCD_DataInStageCallback
                0x0000000008007620       0x16 build/usbd_conf.o
                0x0000000008007620                HAL_PCD_DataInStageCallback
 .text.HAL_PCD_SOFCallback
                0x0000000008007636        0xc build/usbd_conf.o
                0x0000000008007636                HAL_PCD_SOFCallback
 .text.HAL_PCD_ResetCallback
                0x0000000008007642       0x18 build/usbd_conf.o
                0x0000000008007642                HAL_PCD_ResetCallback
 *fill*         0x000000000800765a        0x2 
 .text.HAL_PCD_SuspendCallback
                0x000000000800765c       0x20 build/usbd_conf.o
                0x000000000800765c                HAL_PCD_SuspendCallback
 .text.HAL_PCD_ResumeCallback
                0x000000000800767c        0xc build/usbd_conf.o
                0x000000000800767c                HAL_PCD_ResumeCallback
 .text.USBD_LL_Init
                0x0000000008007688       0x88 build/usbd_conf.o
                0x0000000008007688                USBD_LL_Init
 .text.USBD_LL_Start
                0x0000000008007710       0x1e build/usbd_conf.o
                0x0000000008007710                USBD_LL_Start
 .text.USBD_LL_OpenEP
                0x000000000800772e       0x24 build/usbd_conf.o
                0x000000000800772e                USBD_LL_OpenEP
 .text.USBD_LL_CloseEP
                0x0000000008007752       0x1e build/usbd_conf.o
                0x0000000008007752                USBD_LL_CloseEP
 .text.USBD_LL_StallEP
                0x0000000008007770       0x1e build/usbd_conf.o
                0x0000000008007770                USBD_LL_StallEP
 .text.USBD_LL_ClearStallEP
                0x000000000800778e       0x1e build/usbd_conf.o
                0x000000000800778e                USBD_LL_ClearStallEP
 .text.USBD_LL_IsStallEP
                0x00000000080077ac       0x2e build/usbd_conf.o
                0x00000000080077ac                USBD_LL_IsStallEP
 .text.USBD_LL_SetUSBAddress
                0x00000000080077da       0x1e build/usbd_conf.o
                0x00000000080077da                USBD_LL_SetUSBAddress
 .text.USBD_LL_Transmit
                0x00000000080077f8       0x1e build/usbd_conf.o
                0x00000000080077f8                USBD_LL_Transmit
 .text.USBD_LL_PrepareReceive
                0x0000000008007816       0x1e build/usbd_conf.o
                0x0000000008007816                USBD_LL_PrepareReceive
 .text.HAL_PCDEx_SetConnectionState
                0x0000000008007834        0x2 build/usbd_conf.o
                0x0000000008007834                HAL_PCDEx_SetConnectionState
 *fill*         0x0000000008007836        0x2 
 .text.USBD_FS_DeviceDescriptor
                0x0000000008007838        0xc build/usbd_desc.o
                0x0000000008007838                USBD_FS_DeviceDescriptor
 .text.USBD_FS_LangIDStrDescriptor
                0x0000000008007844        0xc build/usbd_desc.o
                0x0000000008007844                USBD_FS_LangIDStrDescriptor
 .text.USBD_FS_ProductStrDescriptor
                0x0000000008007850       0x24 build/usbd_desc.o
                0x0000000008007850                USBD_FS_ProductStrDescriptor
 .text.USBD_FS_ManufacturerStrDescriptor
                0x0000000008007874       0x1c build/usbd_desc.o
                0x0000000008007874                USBD_FS_ManufacturerStrDescriptor
 .text.USBD_FS_SerialStrDescriptor
                0x0000000008007890       0x24 build/usbd_desc.o
                0x0000000008007890                USBD_FS_SerialStrDescriptor
 .text.USBD_FS_ConfigStrDescriptor
                0x00000000080078b4       0x24 build/usbd_desc.o
                0x00000000080078b4                USBD_FS_ConfigStrDescriptor
 .text.USBD_FS_InterfaceStrDescriptor
                0x00000000080078d8       0x24 build/usbd_desc.o
                0x00000000080078d8                USBD_FS_InterfaceStrDescriptor
 .text.USBD_Init
                0x00000000080078fc       0x2e build/usbd_core.o
                0x00000000080078fc                USBD_Init
 .text.USBD_RegisterClass
                0x000000000800792a        0xe build/usbd_core.o
                0x000000000800792a                USBD_RegisterClass
 .text.USBD_Start
                0x0000000008007938        0xa build/usbd_core.o
                0x0000000008007938                USBD_Start
 .text.USBD_SetClassConfig
                0x0000000008007942       0x18 build/usbd_core.o
                0x0000000008007942                USBD_SetClassConfig
 .text.USBD_ClrClassConfig
                0x000000000800795a        0xe build/usbd_core.o
                0x000000000800795a                USBD_ClrClassConfig
 .text.USBD_LL_SetupStage
                0x0000000008007968       0x5a build/usbd_core.o
                0x0000000008007968                USBD_LL_SetupStage
 .text.USBD_LL_DataOutStage
                0x00000000080079c2       0x6c build/usbd_core.o
                0x00000000080079c2                USBD_LL_DataOutStage
 .text.USBD_LL_DataInStage
                0x0000000008007a2e       0xb2 build/usbd_core.o
                0x0000000008007a2e                USBD_LL_DataInStage
 .text.USBD_LL_Reset
                0x0000000008007ae0       0x3e build/usbd_core.o
                0x0000000008007ae0                USBD_LL_Reset
 .text.USBD_LL_SetSpeed
                0x0000000008007b1e        0x6 build/usbd_core.o
                0x0000000008007b1e                USBD_LL_SetSpeed
 .text.USBD_LL_Suspend
                0x0000000008007b24       0x12 build/usbd_core.o
                0x0000000008007b24                USBD_LL_Suspend
 .text.USBD_LL_Resume
                0x0000000008007b36        0xc build/usbd_core.o
                0x0000000008007b36                USBD_LL_Resume
 .text.USBD_LL_SOF
                0x0000000008007b42       0x1c build/usbd_core.o
                0x0000000008007b42                USBD_LL_SOF
 .text.USBD_GetLen
                0x0000000008007b5e       0x14 build/usbd_ctlreq.o
 .text.USBD_SetFeature
                0x0000000008007b72       0x20 build/usbd_ctlreq.o
 .text.USBD_ParseSetupRequest
                0x0000000008007b92       0x28 build/usbd_ctlreq.o
                0x0000000008007b92                USBD_ParseSetupRequest
 .text.USBD_CtlError
                0x0000000008007bba       0x14 build/usbd_ctlreq.o
                0x0000000008007bba                USBD_CtlError
 .text.USBD_GetDescriptor
                0x0000000008007bce      0x132 build/usbd_ctlreq.o
 .text.USBD_SetAddress
                0x0000000008007d00       0x4a build/usbd_ctlreq.o
 *fill*         0x0000000008007d4a        0x2 
 .text.USBD_SetConfig
                0x0000000008007d4c       0xa4 build/usbd_ctlreq.o
 .text.USBD_GetConfig
                0x0000000008007df0       0x3a build/usbd_ctlreq.o
 .text.USBD_GetStatus
                0x0000000008007e2a       0x2c build/usbd_ctlreq.o
 .text.USBD_ClrFeature
                0x0000000008007e56       0x30 build/usbd_ctlreq.o
 .text.USBD_StdDevReq
                0x0000000008007e86       0x48 build/usbd_ctlreq.o
                0x0000000008007e86                USBD_StdDevReq
 .text.USBD_StdItfReq
                0x0000000008007ece       0x36 build/usbd_ctlreq.o
                0x0000000008007ece                USBD_StdItfReq
 .text.USBD_StdEPReq
                0x0000000008007f04      0x11c build/usbd_ctlreq.o
                0x0000000008007f04                USBD_StdEPReq
 .text.USBD_GetString
                0x0000000008008020       0x3a build/usbd_ctlreq.o
                0x0000000008008020                USBD_GetString
 .text.USBD_CtlSendData
                0x000000000800805a       0x1a build/usbd_ioreq.o
                0x000000000800805a                USBD_CtlSendData
 .text.USBD_CtlContinueSendData
                0x0000000008008074       0x10 build/usbd_ioreq.o
                0x0000000008008074                USBD_CtlContinueSendData
 .text.USBD_CtlContinueRx
                0x0000000008008084       0x10 build/usbd_ioreq.o
                0x0000000008008084                USBD_CtlContinueRx
 .text.USBD_CtlSendStatus
                0x0000000008008094       0x16 build/usbd_ioreq.o
                0x0000000008008094                USBD_CtlSendStatus
 .text.USBD_CtlReceiveStatus
                0x00000000080080aa       0x16 build/usbd_ioreq.o
                0x00000000080080aa                USBD_CtlReceiveStatus
 .text.MIDI_InputMessage
                0x00000000080080c0      0x1ec build/midiprocessor.o
                0x00000000080080c0                MIDI_InputMessage
 .text.LED_Update
                0x00000000080082ac      0x2ac build/led.o
                0x00000000080082ac                LED_Update
 .text.LED_Init
                0x0000000008008558       0x54 build/led.o
                0x0000000008008558                LED_Init
 .text.LED_Color
                0x00000000080085ac       0x2c build/led.o
                0x00000000080085ac                LED_Color
 .text.LED_ChangeMode
                0x00000000080085d8       0x38 build/led.o
                0x00000000080085d8                LED_ChangeMode
 .text.LED_SwitchUpload
                0x0000000008008610        0xc build/led.o
                0x0000000008008610                LED_SwitchUpload
 .text.LED_UploadIncrement
                0x000000000800861c       0x7c build/led.o
                0x000000000800861c                LED_UploadIncrement
 .text.DAC_Calibrate
                0x0000000008008698       0x64 build/dac.o
                0x0000000008008698                DAC_Calibrate
 .text.DAC_InsertValue
                0x00000000080086fc       0x54 build/dac.o
                0x00000000080086fc                DAC_InsertValue
 .text.DAC_Init
                0x0000000008008750       0x94 build/dac.o
                0x0000000008008750                DAC_Init
 .text.DAC_GetValue
                0x00000000080087e4       0x4c build/dac.o
                0x00000000080087e4                DAC_GetValue
 .text.DAC_Sendvalue
                0x0000000008008830       0x40 build/dac.o
                0x0000000008008830                DAC_Sendvalue
 .text.DAC_Send
                0x0000000008008870       0x4c build/dac.o
                0x0000000008008870                DAC_Send
 .text.DAC_Refresh
                0x00000000080088bc       0x28 build/dac.o
                0x00000000080088bc                DAC_Refresh
 .text.RingbufferPop
                0x00000000080088e4       0x36 build/ringbuffer.o
                0x00000000080088e4                RingbufferPop
 .text.RingbufferPut
                0x000000000800891a       0x2e build/ringbuffer.o
                0x000000000800891a                RingbufferPut
 .text.Digital_ChangeValue
                0x0000000008008948       0x20 build/digital.o
                0x0000000008008948                Digital_ChangeValue
 .text.Digital_Reset
                0x0000000008008968       0x34 build/digital.o
                0x0000000008008968                Digital_Reset
 .text.Digital_Init
                0x000000000800899c       0x48 build/digital.o
                0x000000000800899c                Digital_Init
 .text.Digital_Configure
                0x00000000080089e4       0x16 build/digital.o
                0x00000000080089e4                Digital_Configure
 .text.Digital_ChangeValuePedal
                0x00000000080089fa       0x3a build/digital.o
                0x00000000080089fa                Digital_ChangeValuePedal
 .text.Digital_NoteOn
                0x0000000008008a34       0x56 build/digital.o
                0x0000000008008a34                Digital_NoteOn
 .text.Digital_NoteOff
                0x0000000008008a8a       0x2e build/digital.o
                0x0000000008008a8a                Digital_NoteOff
 .text.Digital_Random
                0x0000000008008ab8       0x30 build/digital.o
                0x0000000008008ab8                Digital_Random
 .text.Digital_TimerUpdate
                0x0000000008008ae8       0x50 build/digital.o
                0x0000000008008ae8                Digital_TimerUpdate
 .text.Digital_Clock
                0x0000000008008b38       0x7e build/digital.o
                0x0000000008008b38                Digital_Clock
 .text.Digital_Voice
                0x0000000008008bb6       0x24 build/digital.o
                0x0000000008008bb6                Digital_Voice
 .text.Digital_Pedal
                0x0000000008008bda       0x30 build/digital.o
                0x0000000008008bda                Digital_Pedal
 *fill*         0x0000000008008c0a        0x2 
 .text.customrand
                0x0000000008008c0c       0x1c build/analog.o
                0x0000000008008c0c                customrand
 .text.Analog_DigitalValue
                0x0000000008008c28       0x30 build/analog.o
                0x0000000008008c28                Analog_DigitalValue
 .text.Analog_DigitalValuePedal
                0x0000000008008c58       0x4c build/analog.o
                0x0000000008008c58                Analog_DigitalValuePedal
 .text.Analog_DigitalVoice
                0x0000000008008ca4       0x24 build/analog.o
                0x0000000008008ca4                Analog_DigitalVoice
 .text.Analog_NoteToDac
                0x0000000008008cc8       0x40 build/analog.o
                0x0000000008008cc8                Analog_NoteToDac
 .text.Analog_ChangeNote
                0x0000000008008d08       0x22 build/analog.o
                0x0000000008008d08                Analog_ChangeNote
 *fill*         0x0000000008008d2a        0x2 
 .text.Analog_Reset
                0x0000000008008d2c       0xb0 build/analog.o
                0x0000000008008d2c                Analog_Reset
 .text.Analog_Init
                0x0000000008008ddc       0x2c build/analog.o
                0x0000000008008ddc                Analog_Init
 .text.Analog_Configure
                0x0000000008008e08       0x16 build/analog.o
                0x0000000008008e08                Analog_Configure
 *fill*         0x0000000008008e1e        0x2 
 .text.Analog_CycleValue
                0x0000000008008e20       0x40 build/analog.o
                0x0000000008008e20                Analog_CycleValue
 .text.Analog_Random
                0x0000000008008e60       0x70 build/analog.o
                0x0000000008008e60                Analog_Random
 .text.Analog_Envelope
                0x0000000008008ed0      0x38c build/analog.o
                0x0000000008008ed0                Analog_Envelope
 .text.Analog_CalculateFrequency
                0x000000000800925c       0x64 build/analog.o
                0x000000000800925c                Analog_CalculateFrequency
 .text.Analog_Oscillator
                0x00000000080092c0      0x150 build/analog.o
                0x00000000080092c0                Analog_Oscillator
 .text.Analog_TimerUpdate
                0x0000000008009410       0xa8 build/analog.o
                0x0000000008009410                Analog_TimerUpdate
 .text.Analog_CC
                0x00000000080094b8       0x80 build/analog.o
                0x00000000080094b8                Analog_CC
 .text.Analog_NoteOn
                0x0000000008009538      0x2e4 build/analog.o
                0x0000000008009538                Analog_NoteOn
 .text.Analog_NoteOff
                0x000000000800981c      0x244 build/analog.o
                0x000000000800981c                Analog_NoteOff
 .text.Analog_PolyInput
                0x0000000008009a60       0x6a build/analog.o
                0x0000000008009a60                Analog_PolyInput
 .text.Analog_Clock
                0x0000000008009aca       0x58 build/analog.o
                0x0000000008009aca                Analog_Clock
 *fill*         0x0000000008009b22        0x2 
 .text.Analog_Aftertouch
                0x0000000008009b24       0x74 build/analog.o
                0x0000000008009b24                Analog_Aftertouch
 .text.Analog_Pitchbend
                0x0000000008009b98       0x5a build/analog.o
                0x0000000008009b98                Analog_Pitchbend
 .text.Analog_Pedal
                0x0000000008009bf2       0x68 build/analog.o
                0x0000000008009bf2                Analog_Pedal
 .text.NoteStack_RecentNote
                0x0000000008009c5a        0xe build/note_stack.o
                0x0000000008009c5a                NoteStack_RecentNote
 .text.NoteStack_RecentVelocity
                0x0000000008009c68        0xe build/note_stack.o
                0x0000000008009c68                NoteStack_RecentVelocity
 .text.NoteStack_NoteOff
                0x0000000008009c76       0x8e build/note_stack.o
                0x0000000008009c76                NoteStack_NoteOff
 .text.NoteStack_NoteOn
                0x0000000008009d04       0xcc build/note_stack.o
                0x0000000008009d04                NoteStack_NoteOn
 .text.NoteStack_Clear
                0x0000000008009dd0       0x1e build/note_stack.o
                0x0000000008009dd0                NoteStack_Clear
 *fill*         0x0000000008009dee        0x2 
 .text.Poly_CheckVoices
                0x0000000008009df0       0xac build/poly.o
                0x0000000008009df0                Poly_CheckVoices
 .text.Poly_Init
                0x0000000008009e9c       0x40 build/poly.o
                0x0000000008009e9c                Poly_Init
 .text.Poly_NoteOn
                0x0000000008009edc       0xcc build/poly.o
                0x0000000008009edc                Poly_NoteOn
 .text.Poly_NoteOff
                0x0000000008009fa8       0x78 build/poly.o
                0x0000000008009fa8                Poly_NoteOff
 .text.Config_DisableOutput
                0x000000000800a020       0x5c build/configuration.o
                0x000000000800a020                Config_DisableOutput
 .text.Config_EraseBitPage
                0x000000000800a07c       0x2c build/configuration.o
                0x000000000800a07c                Config_EraseBitPage
 .text.Config_EraseUserPage
                0x000000000800a0a8       0x2c build/configuration.o
                0x000000000800a0a8                Config_EraseUserPage
 .text.Config_EraseUpdatePage
                0x000000000800a0d4       0x2c build/configuration.o
                0x000000000800a0d4                Config_EraseUpdatePage
 .text.Config_FlashWord
                0x000000000800a100       0x18 build/configuration.o
                0x000000000800a100                Config_FlashWord
 .text.Config_FlashFloat
                0x000000000800a118       0x20 build/configuration.o
                0x000000000800a118                Config_FlashFloat
 .text.Config_Configure
                0x000000000800a138       0x6c build/configuration.o
                0x000000000800a138                Config_Configure
 .text.Config_Empty
                0x000000000800a1a4       0x50 build/configuration.o
                0x000000000800a1a4                Config_Empty
 .text.Config_ProgramChange
                0x000000000800a1f4       0x18 build/configuration.o
                0x000000000800a1f4                Config_ProgramChange
 .text.Config_ReadWord
                0x000000000800a20c        0xc build/configuration.o
                0x000000000800a20c                Config_ReadWord
 .text.Config_ReadCalibrate
                0x000000000800a218       0x74 build/configuration.o
                0x000000000800a218                Config_ReadCalibrate
 .text.Config_ReadConfig
                0x000000000800a28c       0xb4 build/configuration.o
                0x000000000800a28c                Config_ReadConfig
 .text.Config_WriteUserData
                0x000000000800a340       0xb8 build/configuration.o
                0x000000000800a340                Config_WriteUserData
 .text.Config_FlashInitWriteApp
                0x000000000800a3f8       0x24 build/configuration.o
                0x000000000800a3f8                Config_FlashInitWriteApp
 .text.Config_FlashWriteAppWord
                0x000000000800a41c       0x10 build/configuration.o
                0x000000000800a41c                Config_FlashWriteAppWord
 .text.Config_FlashEndWriteApp
                0x000000000800a42c        0x8 build/configuration.o
                0x000000000800a42c                Config_FlashEndWriteApp
 .text.Config_FlashResetAppBit
                0x000000000800a434       0x30 build/configuration.o
                0x000000000800a434                Config_FlashResetAppBit
 .text.Config_FlashSetAppBit
                0x000000000800a464       0x3c build/configuration.o
                0x000000000800a464                Config_FlashSetAppBit
 .text.Config_Init
                0x000000000800a4a0        0xe build/configuration.o
                0x000000000800a4a0                Config_Init
 .text.MidiBytestoWord
                0x000000000800a4ae       0x36 build/sysexprocessor.o
                0x000000000800a4ae                MidiBytestoWord
 .text.MidiBytestoFloat
                0x000000000800a4e4       0x46 build/sysexprocessor.o
                0x000000000800a4e4                MidiBytestoFloat
 .text.WordtoMidiBytes
                0x000000000800a52a       0x38 build/sysexprocessor.o
                0x000000000800a52a                WordtoMidiBytes
 .text.FloatToMidiBytes
                0x000000000800a562       0x46 build/sysexprocessor.o
                0x000000000800a562                FloatToMidiBytes
 .text.Sysex_FlashUpdate
                0x000000000800a5a8       0x34 build/sysexprocessor.o
                0x000000000800a5a8                Sysex_FlashUpdate
 .text.Sysex_ConfigUpdate
                0x000000000800a5dc       0x9c build/sysexprocessor.o
                0x000000000800a5dc                Sysex_ConfigUpdate
 .text.Sysex_CalibrationUpdate
                0x000000000800a678       0x78 build/sysexprocessor.o
                0x000000000800a678                Sysex_CalibrationUpdate
 .text.Sysex_ConfigCalibInit
                0x000000000800a6f0       0x14 build/sysexprocessor.o
                0x000000000800a6f0                Sysex_ConfigCalibInit
 .text.Sysex_CalibrationLow
                0x000000000800a704       0x30 build/sysexprocessor.o
                0x000000000800a704                Sysex_CalibrationLow
 .text.Sysex_CalibrationHigh
                0x000000000800a734       0x30 build/sysexprocessor.o
                0x000000000800a734                Sysex_CalibrationHigh
 .text.Sysex_SendMidiMessage
                0x000000000800a764       0x38 build/sysexprocessor.o
                0x000000000800a764                Sysex_SendMidiMessage
 .text.Sysex_VerifyApp
                0x000000000800a79c      0x168 build/sysexprocessor.o
                0x000000000800a79c                Sysex_VerifyApp
 .text.Sysex_DumpConfiguration
                0x000000000800a904       0xf0 build/sysexprocessor.o
                0x000000000800a904                Sysex_DumpConfiguration
 .text.Sysex_DumpCalibration
                0x000000000800a9f4       0xbc build/sysexprocessor.o
                0x000000000800a9f4                Sysex_DumpCalibration
 .text.Sysex_Process
                0x000000000800aab0      0x194 build/sysexprocessor.o
                0x000000000800aab0                Sysex_Process
 .text.MX_DMA_Init
                0x000000000800ac44       0x34 build/dma.o
                0x000000000800ac44                MX_DMA_Init
 .text.Reset_Handler
                0x000000000800ac78       0x50 build/startup_stm32f373xc.o
                0x000000000800ac78                Reset_Handler
 .text.Default_Handler
                0x000000000800acc8        0x2 build/startup_stm32f373xc.o
                0x000000000800acc8                EXTI2_TSC_IRQHandler
                0x000000000800acc8                USB_HP_IRQHandler
                0x000000000800acc8                PVD_IRQHandler
                0x000000000800acc8                TAMP_STAMP_IRQHandler
                0x000000000800acc8                EXTI3_IRQHandler
                0x000000000800acc8                EXTI0_IRQHandler
                0x000000000800acc8                I2C2_EV_IRQHandler
                0x000000000800acc8                FPU_IRQHandler
                0x000000000800acc8                CAN_TX_IRQHandler
                0x000000000800acc8                SPI1_IRQHandler
                0x000000000800acc8                CAN_SCE_IRQHandler
                0x000000000800acc8                DMA2_Channel2_IRQHandler
                0x000000000800acc8                DMA1_Channel4_IRQHandler
                0x000000000800acc8                ADC1_IRQHandler
                0x000000000800acc8                TIM17_IRQHandler
                0x000000000800acc8                USART3_IRQHandler
                0x000000000800acc8                DMA1_Channel7_IRQHandler
                0x000000000800acc8                TIM4_IRQHandler
                0x000000000800acc8                CAN_RX1_IRQHandler
                0x000000000800acc8                DMA2_Channel1_IRQHandler
                0x000000000800acc8                I2C1_EV_IRQHandler
                0x000000000800acc8                DMA1_Channel6_IRQHandler
                0x000000000800acc8                TIM16_IRQHandler
                0x000000000800acc8                DMA2_Channel4_IRQHandler
                0x000000000800acc8                TIM3_IRQHandler
                0x000000000800acc8                RCC_IRQHandler
                0x000000000800acc8                DMA1_Channel1_IRQHandler
                0x000000000800acc8                Default_Handler
                0x000000000800acc8                CEC_IRQHandler
                0x000000000800acc8                EXTI15_10_IRQHandler
                0x000000000800acc8                TIM14_IRQHandler
                0x000000000800acc8                TIM13_IRQHandler
                0x000000000800acc8                TIM12_IRQHandler
                0x000000000800acc8                TIM7_IRQHandler
                0x000000000800acc8                TIM5_IRQHandler
                0x000000000800acc8                SDADC2_IRQHandler
                0x000000000800acc8                TIM15_IRQHandler
                0x000000000800acc8                EXTI9_5_IRQHandler
                0x000000000800acc8                RTC_WKUP_IRQHandler
                0x000000000800acc8                SPI2_IRQHandler
                0x000000000800acc8                DMA2_Channel5_IRQHandler
                0x000000000800acc8                EXTI4_IRQHandler
                0x000000000800acc8                COMP1_2_IRQHandler
                0x000000000800acc8                TIM18_DAC2_IRQHandler
                0x000000000800acc8                DMA1_Channel3_IRQHandler
                0x000000000800acc8                WWDG_IRQHandler
                0x000000000800acc8                SDADC1_IRQHandler
                0x000000000800acc8                TIM2_IRQHandler
                0x000000000800acc8                EXTI1_IRQHandler
                0x000000000800acc8                SDADC3_IRQHandler
                0x000000000800acc8                USART2_IRQHandler
                0x000000000800acc8                TIM19_IRQHandler
                0x000000000800acc8                I2C2_ER_IRQHandler
                0x000000000800acc8                DMA1_Channel2_IRQHandler
                0x000000000800acc8                FLASH_IRQHandler
                0x000000000800acc8                USART1_IRQHandler
                0x000000000800acc8                SPI3_IRQHandler
                0x000000000800acc8                CAN_RX0_IRQHandler
                0x000000000800acc8                I2C1_ER_IRQHandler
                0x000000000800acc8                USBWakeUp_IRQHandler
                0x000000000800acc8                DMA2_Channel3_IRQHandler
                0x000000000800acc8                RTC_Alarm_IRQHandler
 *fill*         0x000000000800acca        0x2 
 .text.__libc_init_array
                0x000000000800accc       0x48 /usr/local/Caskroom/gcc-arm-embedded/10-2020-q4-major/gcc-arm-none-eabi-10-2020-q4-major/bin/../lib/gcc/arm-none-eabi/10.2.1/../../../../arm-none-eabi/lib/thumb/v7e-m+fp/hard/libc_nano.a(lib_a-init.o)
                0x000000000800accc                __libc_init_array
 .text.memset   0x000000000800ad14       0x10 /usr/local/Caskroom/gcc-arm-embedded/10-2020-q4-major/gcc-arm-none-eabi-10-2020-q4-major/bin/../lib/gcc/arm-none-eabi/10.2.1/../../../../arm-none-eabi/lib/thumb/v7e-m+fp/hard/libc_nano.a(lib_a-memset.o)
                0x000000000800ad14                memset
 .text.exp2f    0x000000000800ad24        0xc /usr/local/Caskroom/gcc-arm-embedded/10-2020-q4-major/gcc-arm-none-eabi-10-2020-q4-major/bin/../lib/gcc/arm-none-eabi/10.2.1/../../../../arm-none-eabi/lib/thumb/v7e-m+fp/hard/libm.a(lib_a-wf_exp2.o)
                0x000000000800ad24                exp2f
 .text.powf     0x000000000800ad30      0x140 /usr/local/Caskroom/gcc-arm-embedded/10-2020-q4-major/gcc-arm-none-eabi-10-2020-q4-major/bin/../lib/gcc/arm-none-eabi/10.2.1/../../../../arm-none-eabi/lib/thumb/v7e-m+fp/hard/libm.a(lib_a-wf_pow.o)
                0x000000000800ad30                powf
 .text.__ieee754_powf
                0x000000000800ae70      0x5f4 /usr/local/Caskroom/gcc-arm-embedded/10-2020-q4-major/gcc-arm-none-eabi-10-2020-q4-major/bin/../lib/gcc/arm-none-eabi/10.2.1/../../../../arm-none-eabi/lib/thumb/v7e-m+fp/hard/libm.a(lib_a-ef_pow.o)
                0x000000000800ae70                __ieee754_powf
 .text.__ieee754_sqrtf
                0x000000000800b464        0x8 /usr/local/Caskroom/gcc-arm-embedded/10-2020-q4-major/gcc-arm-none-eabi-10-2020-q4-major/bin/../lib/gcc/arm-none-eabi/10.2.1/../../../../arm-none-eabi/lib/thumb/v7e-m+fp/hard/libm.a(lib_a-ef_sqrt.o)
                0x000000000800b464                __ieee754_sqrtf
 .text.fabsf    0x000000000800b46c       0x10 /usr/local/Caskroom/gcc-arm-embedded/10-2020-q4-major/gcc-arm-none-eabi-10-2020-q4-major/bin/../lib/gcc/arm-none-eabi/10.2.1/../../../../arm-none-eabi/lib/thumb/v7e-m+fp/hard/libm.a(lib_a-sf_fabs.o)
                0x000000000800b46c                fabsf
 .text.finitef  0x000000000800b47c       0x1c /usr/local/Caskroom/gcc-arm-embedded/10-2020-q4-major/gcc-arm-none-eabi-10-2020-q4-major/bin/../lib/gcc/arm-none-eabi/10.2.1/../../../../arm-none-eabi/lib/thumb/v7e-m+fp/hard/libm.a(lib_a-sf_finite.o)
                0x000000000800b47c                finitef
 .text.nanf     0x000000000800b498        0xc /usr/local/Caskroom/gcc-arm-embedded/10-2020-q4-major/gcc-arm-none-eabi-10-2020-q4-major/bin/../lib/gcc/arm-none-eabi/10.2.1/../../../../arm-none-eabi/lib/thumb/v7e-m+fp/hard/libm.a(lib_a-sf_nan.o)
                0x000000000800b498                nanf
 .text.rintf    0x000000000800b4a4       0xbc /usr/local/Caskroom/gcc-arm-embedded/10-2020-q4-major/gcc-arm-none-eabi-10-2020-q4-major/bin/../lib/gcc/arm-none-eabi/10.2.1/../../../../arm-none-eabi/lib/thumb/v7e-m+fp/hard/libm.a(lib_a-sf_rint.o)
                0x000000000800b4a4                rintf
 .text.scalbnf  0x000000000800b560       0xe4 /usr/local/Caskroom/gcc-arm-embedded/10-2020-q4-major/gcc-arm-none-eabi-10-2020-q4-major/bin/../lib/gcc/arm-none-eabi/10.2.1/../../../../arm-none-eabi/lib/thumb/v7e-m+fp/hard/libm.a(lib_a-sf_scalbn.o)
                0x000000000800b560                scalbnf
 .text.__errno  0x000000000800b644        0xc /usr/local/Caskroom/gcc-arm-embedded/10-2020-q4-major/gcc-arm-none-eabi-10-2020-q4-major/bin/../lib/gcc/arm-none-eabi/10.2.1/../../../../arm-none-eabi/lib/thumb/v7e-m+fp/hard/libc_nano.a(lib_a-errno.o)
                0x000000000800b644                __errno
 *(.glue_7)
 .glue_7        0x000000000800b650        0x0 linker stubs
 *(.glue_7t)
 .glue_7t       0x000000000800b650        0x0 linker stubs
 *(.eh_frame)
 .eh_frame      0x000000000800b650        0x0 /usr/local/Caskroom/gcc-arm-embedded/10-2020-q4-major/gcc-arm-none-eabi-10-2020-q4-major/bin/../lib/gcc/arm-none-eabi/10.2.1/thumb/v7e-m+fp/hard/crtbegin.o
 *(.init)
 .init          0x000000000800b650        0x4 /usr/local/Caskroom/gcc-arm-embedded/10-2020-q4-major/gcc-arm-none-eabi-10-2020-q4-major/bin/../lib/gcc/arm-none-eabi/10.2.1/thumb/v7e-m+fp/hard/crti.o
                0x000000000800b650                _init
 .init          0x000000000800b654        0x8 /usr/local/Caskroom/gcc-arm-embedded/10-2020-q4-major/gcc-arm-none-eabi-10-2020-q4-major/bin/../lib/gcc/arm-none-eabi/10.2.1/thumb/v7e-m+fp/hard/crtn.o
 *(.fini)
 .fini          0x000000000800b65c        0x4 /usr/local/Caskroom/gcc-arm-embedded/10-2020-q4-major/gcc-arm-none-eabi-10-2020-q4-major/bin/../lib/gcc/arm-none-eabi/10.2.1/thumb/v7e-m+fp/hard/crti.o
                0x000000000800b65c                _fini
 .fini          0x000000000800b660        0x8 /usr/local/Caskroom/gcc-arm-embedded/10-2020-q4-major/gcc-arm-none-eabi-10-2020-q4-major/bin/../lib/gcc/arm-none-eabi/10.2.1/thumb/v7e-m+fp/hard/crtn.o
                0x000000000800b668                . = ALIGN (0x4)
                0x000000000800b668                _etext = .

.vfp11_veneer   0x000000000800b668        0x0
 .vfp11_veneer  0x000000000800b668        0x0 linker stubs

.v4_bx          0x000000000800b668        0x0
 .v4_bx         0x000000000800b668        0x0 linker stubs

.iplt           0x000000000800b668        0x0
 .iplt          0x000000000800b668        0x0 /usr/local/Caskroom/gcc-arm-embedded/10-2020-q4-major/gcc-arm-none-eabi-10-2020-q4-major/bin/../lib/gcc/arm-none-eabi/10.2.1/thumb/v7e-m+fp/hard/crtbegin.o

.rodata         0x000000000800b668     0x648c
                0x000000000800b668                . = ALIGN (0x4)
 *(.rodata)
 *(.rodata*)
 .rodata.AHBPrescTable
                0x000000000800b668       0x10 build/system_stm32f3xx.o
                0x000000000800b668                AHBPrescTable
 .rodata.aPLLMULFactorTable
                0x000000000800b678       0x10 build/stm32f3xx_hal_rcc.o
                0x000000000800b678                aPLLMULFactorTable
 .rodata.aPredivFactorTable
                0x000000000800b688       0x10 build/stm32f3xx_hal_rcc.o
                0x000000000800b688                aPredivFactorTable
 .rodata.USBD_FS_ProductStrDescriptor.str1.4
                0x000000000800b698        0xf build/usbd_desc.o
 *fill*         0x000000000800b6a7        0x1 
 .rodata.USBD_FS_ManufacturerStrDescriptor.str1.4
                0x000000000800b6a8        0x7 build/usbd_desc.o
 *fill*         0x000000000800b6af        0x1 
 .rodata.USBD_FS_SerialStrDescriptor.str1.4
                0x000000000800b6b0        0xd build/usbd_desc.o
 *fill*         0x000000000800b6bd        0x3 
 .rodata.USBD_FS_ConfigStrDescriptor.str1.4
                0x000000000800b6c0        0xc build/usbd_desc.o
 .rodata.USBD_FS_InterfaceStrDescriptor.str1.4
                0x000000000800b6cc        0xf build/usbd_desc.o
 *fill*         0x000000000800b6db        0x1 
 .rodata.channellookup
                0x000000000800b6dc        0x4 build/dac.o
                0x000000000800b6dc                channellookup
 .rodata.envelopeexpo
                0x000000000800b6e0     0x4004 build/analog.o
                0x000000000800b6e0                envelopeexpo
 .rodata.envelopetime
                0x000000000800f6e4      0x400 build/analog.o
                0x000000000800f6e4                envelopetime
 .rodata.sinelut
                0x000000000800fae4     0x2000 build/analog.o
                0x000000000800fae4                sinelut
 .rodata.sysexverify
                0x0000000008011ae4        0x5 build/sysexprocessor.o
                0x0000000008011ae4                sysexverify
 .rodata.__ieee754_powf.str1.4
                0x0000000008011ae9        0xf /usr/local/Caskroom/gcc-arm-embedded/10-2020-q4-major/gcc-arm-none-eabi-10-2020-q4-major/bin/../lib/gcc/arm-none-eabi/10.2.1/../../../../arm-none-eabi/lib/thumb/v7e-m+fp/hard/libm.a(lib_a-ef_pow.o)
                                          0x1 (size before relaxing)
 *fill*         0x0000000008011ae9        0x3 
 .rodata.TWO23  0x0000000008011aec        0x8 /usr/local/Caskroom/gcc-arm-embedded/10-2020-q4-major/gcc-arm-none-eabi-10-2020-q4-major/bin/../lib/gcc/arm-none-eabi/10.2.1/../../../../arm-none-eabi/lib/thumb/v7e-m+fp/hard/libm.a(lib_a-sf_rint.o)
                0x0000000008011af4                . = ALIGN (0x4)

.rel.dyn        0x0000000008011af4        0x0
 .rel.iplt      0x0000000008011af4        0x0 /usr/local/Caskroom/gcc-arm-embedded/10-2020-q4-major/gcc-arm-none-eabi-10-2020-q4-major/bin/../lib/gcc/arm-none-eabi/10.2.1/thumb/v7e-m+fp/hard/crtbegin.o

.ARM.extab
 *(.ARM.extab* .gnu.linkonce.armextab.*)

.ARM            0x0000000008011af4        0x0
                0x0000000008011af4                __exidx_start = .
 *(.ARM.exidx*)
                0x0000000008011af4                __exidx_end = .

.preinit_array  0x0000000008011af4        0x0
                0x0000000008011af4                PROVIDE (__preinit_array_start = .)
 *(.preinit_array*)
                0x0000000008011af4                PROVIDE (__preinit_array_end = .)

.init_array     0x0000000008011af4        0x4
                0x0000000008011af4                PROVIDE (__init_array_start = .)
 *(SORT_BY_NAME(.init_array.*))
 *(.init_array*)
 .init_array    0x0000000008011af4        0x4 /usr/local/Caskroom/gcc-arm-embedded/10-2020-q4-major/gcc-arm-none-eabi-10-2020-q4-major/bin/../lib/gcc/arm-none-eabi/10.2.1/thumb/v7e-m+fp/hard/crtbegin.o
                0x0000000008011af8                PROVIDE (__init_array_end = .)

.fini_array     0x0000000008011af8        0x4
                [!provide]                        PROVIDE (__fini_array_start = .)
 *(SORT_BY_NAME(.fini_array.*))
 *(.fini_array*)
 .fini_array    0x0000000008011af8        0x4 /usr/local/Caskroom/gcc-arm-embedded/10-2020-q4-major/gcc-arm-none-eabi-10-2020-q4-major/bin/../lib/gcc/arm-none-eabi/10.2.1/thumb/v7e-m+fp/hard/crtbegin.o
                [!provide]                        PROVIDE (__fini_array_end = .)
                0x0000000008011afc                _sidata = LOADADDR (.data)

.data           0x0000000020000000      0x158 load address 0x0000000008011afc
                0x0000000020000000                . = ALIGN (0x4)
                0x0000000020000000                _sdata = .
 *(.data)
 *(.data*)
 .data.SystemCoreClock
                0x0000000020000000        0x4 build/system_stm32f3xx.o
                0x0000000020000000                SystemCoreClock
 .data.USBD_Interface_fops_FS
                0x0000000020000004        0x8 build/usbd_midi_if.o
                0x0000000020000004                USBD_Interface_fops_FS
 .data.USBD_MIDI
                0x000000002000000c       0x38 build/usbd_midi.o
                0x000000002000000c                USBD_MIDI
 .data.USBD_MIDI_CfgDesc
                0x0000000020000044       0x65 build/usbd_midi.o
                0x0000000020000044                USBD_MIDI_CfgDesc
 *fill*         0x00000000200000a9        0x3 
 .data.FS_Desc  0x00000000200000ac       0x1c build/usbd_desc.o
                0x00000000200000ac                FS_Desc
 .data.USBD_FS_DeviceDesc
                0x00000000200000c8       0x12 build/usbd_desc.o
                0x00000000200000c8                USBD_FS_DeviceDesc
 *fill*         0x00000000200000da        0x2 
 .data.USBD_LangIDDesc
                0x00000000200000dc        0x4 build/usbd_desc.o
                0x00000000200000dc                USBD_LangIDDesc
 .data.randomthreshold
                0x00000000200000e0       0x10 build/analog.o
                0x00000000200000e0                randomthreshold
 .data._impure_ptr
                0x00000000200000f0        0x4 /usr/local/Caskroom/gcc-arm-embedded/10-2020-q4-major/gcc-arm-none-eabi-10-2020-q4-major/bin/../lib/gcc/arm-none-eabi/10.2.1/../../../../arm-none-eabi/lib/thumb/v7e-m+fp/hard/libc_nano.a(lib_a-impure.o)
                0x00000000200000f0                _impure_ptr
 .data.impure_data
                0x00000000200000f4       0x60 /usr/local/Caskroom/gcc-arm-embedded/10-2020-q4-major/gcc-arm-none-eabi-10-2020-q4-major/bin/../lib/gcc/arm-none-eabi/10.2.1/../../../../arm-none-eabi/lib/thumb/v7e-m+fp/hard/libc_nano.a(lib_a-impure.o)
 .data.__fdlib_version
                0x0000000020000154        0x1 /usr/local/Caskroom/gcc-arm-embedded/10-2020-q4-major/gcc-arm-none-eabi-10-2020-q4-major/bin/../lib/gcc/arm-none-eabi/10.2.1/../../../../arm-none-eabi/lib/thumb/v7e-m+fp/hard/libm.a(lib_a-s_lib_ver.o)
                0x0000000020000154                __fdlib_version
                0x0000000020000158                . = ALIGN (0x4)
 *fill*         0x0000000020000155        0x3 
                0x0000000020000158                _edata = .

.igot.plt       0x0000000020000158        0x0 load address 0x0000000008011c54
 .igot.plt      0x0000000020000158        0x0 /usr/local/Caskroom/gcc-arm-embedded/10-2020-q4-major/gcc-arm-none-eabi-10-2020-q4-major/bin/../lib/gcc/arm-none-eabi/10.2.1/thumb/v7e-m+fp/hard/crtbegin.o
                0x0000000020000158                . = ALIGN (0x4)

.bss            0x0000000020000158     0x4fe0 load address 0x0000000008011c54
                0x0000000020000158                _sbss = .
                0x0000000020000158                __bss_start__ = _sbss
 *(.bss)
 .bss           0x0000000020000158       0x1c /usr/local/Caskroom/gcc-arm-embedded/10-2020-q4-major/gcc-arm-none-eabi-10-2020-q4-major/bin/../lib/gcc/arm-none-eabi/10.2.1/thumb/v7e-m+fp/hard/crtbegin.o
 *(.bss*)
 .bss.timerupdate
                0x0000000020000174        0x1 build/main.o
                0x0000000020000174                timerupdate
 *fill*         0x0000000020000175        0x3 
 .bss.APP_Rx_Buffer
                0x0000000020000178      0x100 build/usbd_midi.o
                0x0000000020000178                APP_Rx_Buffer
 .bss.APP_Rx_length
                0x0000000020000278        0x4 build/usbd_midi.o
                0x0000000020000278                APP_Rx_length
 .bss.APP_Rx_ptr_in
                0x000000002000027c        0x4 build/usbd_midi.o
                0x000000002000027c                APP_Rx_ptr_in
 .bss.APP_Rx_ptr_out
                0x0000000020000280        0x4 build/usbd_midi.o
                0x0000000020000280                APP_Rx_ptr_out
 .bss.USB_Rx_Buffer
                0x0000000020000284       0x40 build/usbd_midi.o
                0x0000000020000284                USB_Rx_Buffer
 .bss.USB_Tx_State
                0x00000000200002c4        0x1 build/usbd_midi.o
                0x00000000200002c4                USB_Tx_State
 *fill*         0x00000000200002c5        0x3 
 .bss.pInstance
                0x00000000200002c8        0x4 build/usbd_midi.o
                0x00000000200002c8                pInstance
 .bss.hdma_spi2_tx
                0x00000000200002cc       0x44 build/spi.o
                0x00000000200002cc                hdma_spi2_tx
 .bss.hspi2     0x0000000020000310       0x64 build/spi.o
                0x0000000020000310                hspi2
 .bss.htim3     0x0000000020000374       0x40 build/tim.o
                0x0000000020000374                htim3
 .bss.htim4     0x00000000200003b4       0x40 build/tim.o
                0x00000000200003b4                htim4
 .bss.htim6     0x00000000200003f4       0x40 build/tim.o
                0x00000000200003f4                htim6
 .bss.uwTick    0x0000000020000434        0x4 build/stm32f3xx_hal.o
                0x0000000020000434                uwTick
 .bss.pFlash    0x0000000020000438       0x20 build/stm32f3xx_hal_flash.o
                0x0000000020000438                pFlash
 .bss.hUsbDeviceFS
                0x0000000020000458      0x224 build/usb_device.o
                0x0000000020000458                hUsbDeviceFS
 .bss.hpcd_USB_FS
                0x000000002000067c      0x3a8 build/usbd_conf.o
                0x000000002000067c                hpcd_USB_FS
 .bss.USBD_StrDesc
                0x0000000020000a24      0x200 build/usbd_desc.o
                0x0000000020000a24                USBD_StrDesc
 .bss.cfgidx.0  0x0000000020000c24        0x1 build/usbd_ctlreq.o
 .bss.ledinc    0x0000000020000c25        0x1 build/led.o
                0x0000000020000c25                ledinc
 .bss.ledmode   0x0000000020000c26        0x1 build/led.o
                0x0000000020000c26                ledmode
 *fill*         0x0000000020000c27        0x1 
 .bss.leds      0x0000000020000c28        0xc build/led.o
                0x0000000020000c28                leds
 .bss.ledtimeout
                0x0000000020000c34        0x2 build/led.o
                0x0000000020000c34                ledtimeout
 .bss.ledupdate
                0x0000000020000c36        0x1 build/led.o
                0x0000000020000c36                ledupdate
 .bss.ledupdatecounter
                0x0000000020000c37        0x1 build/led.o
                0x0000000020000c37                ledupdatecounter
 .bss.uploadswitch
                0x0000000020000c38        0x1 build/led.o
                0x0000000020000c38                uploadswitch
 *fill*         0x0000000020000c39        0x3 
 .bss.dac       0x0000000020000c3c       0x60 build/dac.o
                0x0000000020000c3c                dac
 .bss.midibuffer
                0x0000000020000c9c     0x4008 build/ringbuffer.o
                0x0000000020000c9c                midibuffer
 .bss.digital   0x0000000020004ca4       0x34 build/digital.o
                0x0000000020004ca4                digital
 .bss.analog    0x0000000020004cd8      0x220 build/analog.o
                0x0000000020004cd8                analog
 .bss.state     0x0000000020004ef8        0x4 build/analog.o
                0x0000000020004ef8                state
 .bss.poly      0x0000000020004efc       0x1e build/poly.o
                0x0000000020004efc                poly
 *fill*         0x0000000020004f1a        0x2 
 .bss.appflashaddress
                0x0000000020004f1c        0x4 build/configuration.o
                0x0000000020004f1c                appflashaddress
 .bss.config    0x0000000020004f20      0x200 build/configuration.o
                0x0000000020004f20                config
 .bss.configindex
                0x0000000020005120        0x1 build/configuration.o
                0x0000000020005120                configindex
 *fill*         0x0000000020005121        0x3 
 .bss.sysexconfigupdate
                0x0000000020005124        0x4 build/sysexprocessor.o
                0x0000000020005124                sysexconfigupdate
 .bss.sysexflashbuf
                0x0000000020005128        0x5 build/sysexprocessor.o
                0x0000000020005128                sysexflashbuf
 *fill*         0x000000002000512d        0x3 
 .bss.sysexflashbufindex
                0x0000000020005130        0x4 build/sysexprocessor.o
                0x0000000020005130                sysexflashbufindex
 .bss.sysexstatus
                0x0000000020005134        0x1 build/sysexprocessor.o
                0x0000000020005134                sysexstatus
 .bss.sysexverifyindex
                0x0000000020005135        0x1 build/sysexprocessor.o
                0x0000000020005135                sysexverifyindex
 *(COMMON)
                0x0000000020005138                . = ALIGN (0x4)
 *fill*         0x0000000020005136        0x2 
                0x0000000020005138                _ebss = .
                0x0000000020005138                __bss_end__ = _ebss

._user_heap_stack
                0x0000000020005138      0x600 load address 0x0000000008011c54
                0x0000000020005138                . = ALIGN (0x8)
                [!provide]                        PROVIDE (end = .)
                [!provide]                        PROVIDE (_end = .)
                0x0000000020005338                . = (. + _Min_Heap_Size)
 *fill*         0x0000000020005138      0x200 
                0x0000000020005738                . = (. + _Min_Stack_Size)
 *fill*         0x0000000020005338      0x400 
                0x0000000020005738                . = ALIGN (0x8)

/DISCARD/
 libc.a(*)
 libm.a(*)
 libgcc.a(*)

.ARM.attributes
                0x0000000000000000       0x30
 *(.ARM.attributes)
 .ARM.attributes
                0x0000000000000000       0x1e /usr/local/Caskroom/gcc-arm-embedded/10-2020-q4-major/gcc-arm-none-eabi-10-2020-q4-major/bin/../lib/gcc/arm-none-eabi/10.2.1/thumb/v7e-m+fp/hard/crti.o
 .ARM.attributes
                0x000000000000001e       0x34 /usr/local/Caskroom/gcc-arm-embedded/10-2020-q4-major/gcc-arm-none-eabi-10-2020-q4-major/bin/../lib/gcc/arm-none-eabi/10.2.1/thumb/v7e-m+fp/hard/crtbegin.o
 .ARM.attributes
                0x0000000000000052       0x34 build/main.o
 .ARM.attributes
                0x0000000000000086       0x34 build/stm32f3xx_it.o
 .ARM.attributes
                0x00000000000000ba       0x34 build/stm32f3xx_hal_msp.o
 .ARM.attributes
                0x00000000000000ee       0x34 build/system_stm32f3xx.o
 .ARM.attributes
                0x0000000000000122       0x34 build/usbd_midi_if.o
 .ARM.attributes
                0x0000000000000156       0x34 build/usbd_midi.o
 .ARM.attributes
                0x000000000000018a       0x34 build/gpio.o
 .ARM.attributes
                0x00000000000001be       0x34 build/spi.o
 .ARM.attributes
                0x00000000000001f2       0x34 build/tim.o
 .ARM.attributes
                0x0000000000000226       0x34 build/stm32f3xx_hal.o
 .ARM.attributes
                0x000000000000025a       0x34 build/stm32f3xx_hal_rcc.o
 .ARM.attributes
                0x000000000000028e       0x34 build/stm32f3xx_hal_rcc_ex.o
 .ARM.attributes
                0x00000000000002c2       0x34 build/stm32f3xx_hal_gpio.o
 .ARM.attributes
                0x00000000000002f6       0x34 build/stm32f3xx_hal_dma.o
 .ARM.attributes
                0x000000000000032a       0x34 build/stm32f3xx_hal_cortex.o
 .ARM.attributes
                0x000000000000035e       0x34 build/stm32f3xx_hal_flash.o
 .ARM.attributes
                0x0000000000000392       0x34 build/stm32f3xx_hal_flash_ex.o
 .ARM.attributes
                0x00000000000003c6       0x34 build/stm32f3xx_hal_spi.o
 .ARM.attributes
                0x00000000000003fa       0x34 build/stm32f3xx_hal_tim.o
 .ARM.attributes
                0x000000000000042e       0x34 build/stm32f3xx_hal_tim_ex.o
 .ARM.attributes
                0x0000000000000462       0x34 build/stm32f3xx_hal_pcd.o
 .ARM.attributes
                0x0000000000000496       0x34 build/stm32f3xx_hal_pcd_ex.o
 .ARM.attributes
                0x00000000000004ca       0x34 build/usb_device.o
 .ARM.attributes
                0x00000000000004fe       0x34 build/usbd_conf.o
 .ARM.attributes
                0x0000000000000532       0x34 build/usbd_desc.o
 .ARM.attributes
                0x0000000000000566       0x34 build/usbd_core.o
 .ARM.attributes
                0x000000000000059a       0x34 build/usbd_ctlreq.o
 .ARM.attributes
                0x00000000000005ce       0x34 build/usbd_ioreq.o
 .ARM.attributes
                0x0000000000000602       0x34 build/midiprocessor.o
 .ARM.attributes
                0x0000000000000636       0x34 build/led.o
 .ARM.attributes
                0x000000000000066a       0x34 build/dac.o
 .ARM.attributes
                0x000000000000069e       0x34 build/ringbuffer.o
 .ARM.attributes
                0x00000000000006d2       0x34 build/digital.o
 .ARM.attributes
                0x0000000000000706       0x34 build/analog.o
 .ARM.attributes
                0x000000000000073a       0x34 build/note_stack.o
 .ARM.attributes
                0x000000000000076e       0x34 build/poly.o
 .ARM.attributes
                0x00000000000007a2       0x34 build/configuration.o
 .ARM.attributes
                0x00000000000007d6       0x34 build/sysexprocessor.o
 .ARM.attributes
                0x000000000000080a       0x34 build/dma.o
 .ARM.attributes
                0x000000000000083e       0x21 build/startup_stm32f373xc.o
 .ARM.attributes
                0x000000000000085f       0x32 /usr/local/Caskroom/gcc-arm-embedded/10-2020-q4-major/gcc-arm-none-eabi-10-2020-q4-major/bin/../lib/gcc/arm-none-eabi/10.2.1/../../../../arm-none-eabi/lib/thumb/v7e-m+fp/hard/libc_nano.a(lib_a-impure.o)
 .ARM.attributes
                0x0000000000000891       0x34 /usr/local/Caskroom/gcc-arm-embedded/10-2020-q4-major/gcc-arm-none-eabi-10-2020-q4-major/bin/../lib/gcc/arm-none-eabi/10.2.1/../../../../arm-none-eabi/lib/thumb/v7e-m+fp/hard/libc_nano.a(lib_a-init.o)
 .ARM.attributes
                0x00000000000008c5       0x34 /usr/local/Caskroom/gcc-arm-embedded/10-2020-q4-major/gcc-arm-none-eabi-10-2020-q4-major/bin/../lib/gcc/arm-none-eabi/10.2.1/../../../../arm-none-eabi/lib/thumb/v7e-m+fp/hard/libc_nano.a(lib_a-memset.o)
 .ARM.attributes
                0x00000000000008f9       0x34 /usr/local/Caskroom/gcc-arm-embedded/10-2020-q4-major/gcc-arm-none-eabi-10-2020-q4-major/bin/../lib/gcc/arm-none-eabi/10.2.1/../../../../arm-none-eabi/lib/thumb/v7e-m+fp/hard/libm.a(lib_a-wf_exp2.o)
 .ARM.attributes
                0x000000000000092d       0x34 /usr/local/Caskroom/gcc-arm-embedded/10-2020-q4-major/gcc-arm-none-eabi-10-2020-q4-major/bin/../lib/gcc/arm-none-eabi/10.2.1/../../../../arm-none-eabi/lib/thumb/v7e-m+fp/hard/libm.a(lib_a-wf_pow.o)
 .ARM.attributes
                0x0000000000000961       0x34 /usr/local/Caskroom/gcc-arm-embedded/10-2020-q4-major/gcc-arm-none-eabi-10-2020-q4-major/bin/../lib/gcc/arm-none-eabi/10.2.1/../../../../arm-none-eabi/lib/thumb/v7e-m+fp/hard/libm.a(lib_a-ef_pow.o)
 .ARM.attributes
                0x0000000000000995       0x34 /usr/local/Caskroom/gcc-arm-embedded/10-2020-q4-major/gcc-arm-none-eabi-10-2020-q4-major/bin/../lib/gcc/arm-none-eabi/10.2.1/../../../../arm-none-eabi/lib/thumb/v7e-m+fp/hard/libm.a(lib_a-ef_sqrt.o)
 .ARM.attributes
                0x00000000000009c9       0x32 /usr/local/Caskroom/gcc-arm-embedded/10-2020-q4-major/gcc-arm-none-eabi-10-2020-q4-major/bin/../lib/gcc/arm-none-eabi/10.2.1/../../../../arm-none-eabi/lib/thumb/v7e-m+fp/hard/libm.a(lib_a-s_lib_ver.o)
 .ARM.attributes
                0x00000000000009fb       0x34 /usr/local/Caskroom/gcc-arm-embedded/10-2020-q4-major/gcc-arm-none-eabi-10-2020-q4-major/bin/../lib/gcc/arm-none-eabi/10.2.1/../../../../arm-none-eabi/lib/thumb/v7e-m+fp/hard/libm.a(lib_a-sf_fabs.o)
 .ARM.attributes
                0x0000000000000a2f       0x34 /usr/local/Caskroom/gcc-arm-embedded/10-2020-q4-major/gcc-arm-none-eabi-10-2020-q4-major/bin/../lib/gcc/arm-none-eabi/10.2.1/../../../../arm-none-eabi/lib/thumb/v7e-m+fp/hard/libm.a(lib_a-sf_finite.o)
 .ARM.attributes
                0x0000000000000a63       0x34 /usr/local/Caskroom/gcc-arm-embedded/10-2020-q4-major/gcc-arm-none-eabi-10-2020-q4-major/bin/../lib/gcc/arm-none-eabi/10.2.1/../../../../arm-none-eabi/lib/thumb/v7e-m+fp/hard/libm.a(lib_a-sf_nan.o)
 .ARM.attributes
                0x0000000000000a97       0x34 /usr/local/Caskroom/gcc-arm-embedded/10-2020-q4-major/gcc-arm-none-eabi-10-2020-q4-major/bin/../lib/gcc/arm-none-eabi/10.2.1/../../../../arm-none-eabi/lib/thumb/v7e-m+fp/hard/libm.a(lib_a-sf_rint.o)
 .ARM.attributes
                0x0000000000000acb       0x34 /usr/local/Caskroom/gcc-arm-embedded/10-2020-q4-major/gcc-arm-none-eabi-10-2020-q4-major/bin/../lib/gcc/arm-none-eabi/10.2.1/../../../../arm-none-eabi/lib/thumb/v7e-m+fp/hard/libm.a(lib_a-sf_scalbn.o)
 .ARM.attributes
                0x0000000000000aff       0x34 /usr/local/Caskroom/gcc-arm-embedded/10-2020-q4-major/gcc-arm-none-eabi-10-2020-q4-major/bin/../lib/gcc/arm-none-eabi/10.2.1/../../../../arm-none-eabi/lib/thumb/v7e-m+fp/hard/libc_nano.a(lib_a-errno.o)
 .ARM.attributes
                0x0000000000000b33       0x1e /usr/local/Caskroom/gcc-arm-embedded/10-2020-q4-major/gcc-arm-none-eabi-10-2020-q4-major/bin/../lib/gcc/arm-none-eabi/10.2.1/thumb/v7e-m+fp/hard/crtn.o
OUTPUT(build/USBMIDI.elf elf32-littlearm)
LOAD linker stubs
LOAD /usr/local/Caskroom/gcc-arm-embedded/10-2020-q4-major/gcc-arm-none-eabi-10-2020-q4-major/bin/../lib/gcc/arm-none-eabi/10.2.1/../../../../arm-none-eabi/lib/thumb/v7e-m+fp/hard/libc.a
LOAD /usr/local/Caskroom/gcc-arm-embedded/10-2020-q4-major/gcc-arm-none-eabi-10-2020-q4-major/bin/../lib/gcc/arm-none-eabi/10.2.1/../../../../arm-none-eabi/lib/thumb/v7e-m+fp/hard/libm.a
LOAD /usr/local/Caskroom/gcc-arm-embedded/10-2020-q4-major/gcc-arm-none-eabi-10-2020-q4-major/bin/../lib/gcc/arm-none-eabi/10.2.1/thumb/v7e-m+fp/hard/libgcc.a

.debug_info     0x0000000000000000    0x205de
 .debug_info    0x0000000000000000     0x17b8 build/main.o
 .debug_info    0x00000000000017b8      0x8a4 build/stm32f3xx_it.o
 .debug_info    0x000000000000205c      0x1d0 build/stm32f3xx_hal_msp.o
 .debug_info    0x000000000000222c      0x484 build/system_stm32f3xx.o
 .debug_info    0x00000000000026b0      0x318 build/usbd_midi_if.o
 .debug_info    0x00000000000029c8      0xe44 build/usbd_midi.o
 .debug_info    0x000000000000380c      0x4f6 build/gpio.o
 .debug_info    0x0000000000003d02      0xa9b build/spi.o
 .debug_info    0x000000000000479d     0x1190 build/tim.o
 .debug_info    0x000000000000592d      0x7b1 build/stm32f3xx_hal.o
 .debug_info    0x00000000000060de     0x1630 build/stm32f3xx_hal_rcc.o
 .debug_info    0x000000000000770e      0x756 build/stm32f3xx_hal_rcc_ex.o
 .debug_info    0x0000000000007e64      0x6d2 build/stm32f3xx_hal_gpio.o
 .debug_info    0x0000000000008536      0x8fe build/stm32f3xx_hal_dma.o
 .debug_info    0x0000000000008e34     0x10b7 build/stm32f3xx_hal_cortex.o
 .debug_info    0x0000000000009eeb      0x6e6 build/stm32f3xx_hal_flash.o
 .debug_info    0x000000000000a5d1      0xc1e build/stm32f3xx_hal_flash_ex.o
 .debug_info    0x000000000000b1ef     0x2187 build/stm32f3xx_hal_spi.o
 .debug_info    0x000000000000d376     0x34c2 build/stm32f3xx_hal_tim.o
 .debug_info    0x0000000000010838     0x144d build/stm32f3xx_hal_tim_ex.o
 .debug_info    0x0000000000011c85     0x146c build/stm32f3xx_hal_pcd.o
 .debug_info    0x00000000000130f1      0x7c8 build/stm32f3xx_hal_pcd_ex.o
 .debug_info    0x00000000000138b9      0x671 build/usb_device.o
 .debug_info    0x0000000000013f2a     0x1e25 build/usbd_conf.o
 .debug_info    0x0000000000015d4f      0x53d build/usbd_desc.o
 .debug_info    0x000000000001628c      0xdf8 build/usbd_core.o
 .debug_info    0x0000000000017084      0xf7d build/usbd_ctlreq.o
 .debug_info    0x0000000000018001      0x86e build/usbd_ioreq.o
 .debug_info    0x000000000001886f      0x965 build/midiprocessor.o
 .debug_info    0x00000000000191d4      0xcb2 build/led.o
 .debug_info    0x0000000000019e86      0xbe2 build/dac.o
 .debug_info    0x000000000001aa68      0x218 build/ringbuffer.o
 .debug_info    0x000000000001ac80      0x8ee build/digital.o
 .debug_info    0x000000000001b56e     0x1897 build/analog.o
 .debug_info    0x000000000001ce05      0x3ae build/note_stack.o
 .debug_info    0x000000000001d1b3      0x7a1 build/poly.o
 .debug_info    0x000000000001d954     0x134b build/configuration.o
 .debug_info    0x000000000001ec9f     0x1553 build/sysexprocessor.o
 .debug_info    0x00000000000201f2      0x3ca build/dma.o
 .debug_info    0x00000000000205bc       0x22 build/startup_stm32f373xc.o

.debug_abbrev   0x0000000000000000     0x5463
 .debug_abbrev  0x0000000000000000      0x2bc build/main.o
 .debug_abbrev  0x00000000000002bc      0x189 build/stm32f3xx_it.o
 .debug_abbrev  0x0000000000000445       0xc1 build/stm32f3xx_hal_msp.o
 .debug_abbrev  0x0000000000000506      0x11b build/system_stm32f3xx.o
 .debug_abbrev  0x0000000000000621      0x1be build/usbd_midi_if.o
 .debug_abbrev  0x00000000000007df      0x27f build/usbd_midi.o
 .debug_abbrev  0x0000000000000a5e      0x151 build/gpio.o
 .debug_abbrev  0x0000000000000baf      0x1df build/spi.o
 .debug_abbrev  0x0000000000000d8e      0x234 build/tim.o
 .debug_abbrev  0x0000000000000fc2      0x1dd build/stm32f3xx_hal.o
 .debug_abbrev  0x000000000000119f      0x2f8 build/stm32f3xx_hal_rcc.o
 .debug_abbrev  0x0000000000001497      0x27f build/stm32f3xx_hal_rcc_ex.o
 .debug_abbrev  0x0000000000001716      0x22b build/stm32f3xx_hal_gpio.o
 .debug_abbrev  0x0000000000001941      0x24d build/stm32f3xx_hal_dma.o
 .debug_abbrev  0x0000000000001b8e      0x350 build/stm32f3xx_hal_cortex.o
 .debug_abbrev  0x0000000000001ede      0x24d build/stm32f3xx_hal_flash.o
 .debug_abbrev  0x000000000000212b      0x304 build/stm32f3xx_hal_flash_ex.o
 .debug_abbrev  0x000000000000242f      0x28c build/stm32f3xx_hal_spi.o
 .debug_abbrev  0x00000000000026bb      0x298 build/stm32f3xx_hal_tim.o
 .debug_abbrev  0x0000000000002953      0x27e build/stm32f3xx_hal_tim_ex.o
 .debug_abbrev  0x0000000000002bd1      0x315 build/stm32f3xx_hal_pcd.o
 .debug_abbrev  0x0000000000002ee6      0x1a3 build/stm32f3xx_hal_pcd_ex.o
 .debug_abbrev  0x0000000000003089      0x154 build/usb_device.o
 .debug_abbrev  0x00000000000031dd      0x2da build/usbd_conf.o
 .debug_abbrev  0x00000000000034b7      0x192 build/usbd_desc.o
 .debug_abbrev  0x0000000000003649      0x25a build/usbd_core.o
 .debug_abbrev  0x00000000000038a3      0x2ad build/usbd_ctlreq.o
 .debug_abbrev  0x0000000000003b50      0x14f build/usbd_ioreq.o
 .debug_abbrev  0x0000000000003c9f      0x150 build/midiprocessor.o
 .debug_abbrev  0x0000000000003def      0x29a build/led.o
 .debug_abbrev  0x0000000000004089      0x2c9 build/dac.o
 .debug_abbrev  0x0000000000004352      0x151 build/ringbuffer.o
 .debug_abbrev  0x00000000000044a3      0x1de build/digital.o
 .debug_abbrev  0x0000000000004681      0x279 build/analog.o
 .debug_abbrev  0x00000000000048fa      0x170 build/note_stack.o
 .debug_abbrev  0x0000000000004a6a      0x1b8 build/poly.o
 .debug_abbrev  0x0000000000004c22      0x341 build/configuration.o
 .debug_abbrev  0x0000000000004f63      0x3d7 build/sysexprocessor.o
 .debug_abbrev  0x000000000000533a      0x117 build/dma.o
 .debug_abbrev  0x0000000000005451       0x12 build/startup_stm32f373xc.o

.debug_loc      0x0000000000000000    0x14b72
 .debug_loc     0x0000000000000000       0xf4 build/main.o
 .debug_loc     0x00000000000000f4       0x40 build/stm32f3xx_it.o
 .debug_loc     0x0000000000000134       0x2c build/stm32f3xx_hal_msp.o
 .debug_loc     0x0000000000000160      0x123 build/system_stm32f3xx.o
 .debug_loc     0x0000000000000283      0x17c build/usbd_midi_if.o
 .debug_loc     0x00000000000003ff      0x2e9 build/usbd_midi.o
 .debug_loc     0x00000000000006e8       0x39 build/gpio.o
 .debug_loc     0x0000000000000721       0xf5 build/spi.o
 .debug_loc     0x0000000000000816      0x25b build/tim.o
 .debug_loc     0x0000000000000a71      0x10f build/stm32f3xx_hal.o
 .debug_loc     0x0000000000000b80      0xe2d build/stm32f3xx_hal_rcc.o
 .debug_loc     0x00000000000019ad      0x89d build/stm32f3xx_hal_rcc_ex.o
 .debug_loc     0x000000000000224a      0x4c1 build/stm32f3xx_hal_gpio.o
 .debug_loc     0x000000000000270b      0x908 build/stm32f3xx_hal_dma.o
 .debug_loc     0x0000000000003013      0x7a4 build/stm32f3xx_hal_cortex.o
 .debug_loc     0x00000000000037b7      0x40f build/stm32f3xx_hal_flash.o
 .debug_loc     0x0000000000003bc6      0xa5c build/stm32f3xx_hal_flash_ex.o
 .debug_loc     0x0000000000004622     0x26e8 build/stm32f3xx_hal_spi.o
 .debug_loc     0x0000000000006d0a     0x41d7 build/stm32f3xx_hal_tim.o
 .debug_loc     0x000000000000aee1     0x11a2 build/stm32f3xx_hal_tim_ex.o
 .debug_loc     0x000000000000c083     0x1422 build/stm32f3xx_hal_pcd.o
 .debug_loc     0x000000000000d4a5      0x405 build/stm32f3xx_hal_pcd_ex.o
 .debug_loc     0x000000000000d8aa       0x20 build/usb_device.o
 .debug_loc     0x000000000000d8ca      0xfd5 build/usbd_conf.o
 .debug_loc     0x000000000000e89f      0x3b9 build/usbd_desc.o
 .debug_loc     0x000000000000ec58      0x9e3 build/usbd_core.o
 .debug_loc     0x000000000000f63b      0xee2 build/usbd_ctlreq.o
 .debug_loc     0x000000000001051d      0x364 build/usbd_ioreq.o
 .debug_loc     0x0000000000010881      0x11e build/midiprocessor.o
 .debug_loc     0x000000000001099f      0x200 build/led.o
 .debug_loc     0x0000000000010b9f      0x2d1 build/dac.o
 .debug_loc     0x0000000000010e70       0xad build/ringbuffer.o
 .debug_loc     0x0000000000010f1d      0x83f build/digital.o
 .debug_loc     0x000000000001175c     0x17e7 build/analog.o
 .debug_loc     0x0000000000012f43      0x35d build/note_stack.o
 .debug_loc     0x00000000000132a0      0x408 build/poly.o
 .debug_loc     0x00000000000136a8      0x93a build/configuration.o
 .debug_loc     0x0000000000013fe2      0xb58 build/sysexprocessor.o
 .debug_loc     0x0000000000014b3a       0x38 build/dma.o

.debug_aranges  0x0000000000000000     0x1550
 .debug_aranges
                0x0000000000000000       0x48 build/main.o
 .debug_aranges
                0x0000000000000048       0x68 build/stm32f3xx_it.o
 .debug_aranges
                0x00000000000000b0       0x20 build/stm32f3xx_hal_msp.o
 .debug_aranges
                0x00000000000000d0       0x28 build/system_stm32f3xx.o
 .debug_aranges
                0x00000000000000f8       0x28 build/usbd_midi_if.o
 .debug_aranges
                0x0000000000000120       0x50 build/usbd_midi.o
 .debug_aranges
                0x0000000000000170       0x20 build/gpio.o
 .debug_aranges
                0x0000000000000190       0x30 build/spi.o
 .debug_aranges
                0x00000000000001c0       0x48 build/tim.o
 .debug_aranges
                0x0000000000000208       0xb0 build/stm32f3xx_hal.o
 .debug_aranges
                0x00000000000002b8       0x88 build/stm32f3xx_hal_rcc.o
 .debug_aranges
                0x0000000000000340       0x38 build/stm32f3xx_hal_rcc_ex.o
 .debug_aranges
                0x0000000000000378       0x58 build/stm32f3xx_hal_gpio.o
 .debug_aranges
                0x00000000000003d0       0x88 build/stm32f3xx_hal_dma.o
 .debug_aranges
                0x0000000000000458       0xa8 build/stm32f3xx_hal_cortex.o
 .debug_aranges
                0x0000000000000500       0x88 build/stm32f3xx_hal_flash.o
 .debug_aranges
                0x0000000000000588       0x98 build/stm32f3xx_hal_flash_ex.o
 .debug_aranges
                0x0000000000000620      0x1d8 build/stm32f3xx_hal_spi.o
 .debug_aranges
                0x00000000000007f8      0x368 build/stm32f3xx_hal_tim.o
 .debug_aranges
                0x0000000000000b60      0x128 build/stm32f3xx_hal_tim_ex.o
 .debug_aranges
                0x0000000000000c88      0x120 build/stm32f3xx_hal_pcd.o
 .debug_aranges
                0x0000000000000da8       0x38 build/stm32f3xx_hal_pcd_ex.o
 .debug_aranges
                0x0000000000000de0       0x20 build/usb_device.o
 .debug_aranges
                0x0000000000000e00      0x110 build/usbd_conf.o
 .debug_aranges
                0x0000000000000f10       0x50 build/usbd_desc.o
 .debug_aranges
                0x0000000000000f60       0xb8 build/usbd_core.o
 .debug_aranges
                0x0000000000001018       0x88 build/usbd_ctlreq.o
 .debug_aranges
                0x00000000000010a0       0x50 build/usbd_ioreq.o
 .debug_aranges
                0x00000000000010f0       0x20 build/midiprocessor.o
 .debug_aranges
                0x0000000000001110       0x50 build/led.o
 .debug_aranges
                0x0000000000001160       0x50 build/dac.o
 .debug_aranges
                0x00000000000011b0       0x30 build/ringbuffer.o
 .debug_aranges
                0x00000000000011e0       0x78 build/digital.o
 .debug_aranges
                0x0000000000001258       0xd0 build/analog.o
 .debug_aranges
                0x0000000000001328       0x40 build/note_stack.o
 .debug_aranges
                0x0000000000001368       0x38 build/poly.o
 .debug_aranges
                0x00000000000013a0       0xb8 build/configuration.o
 .debug_aranges
                0x0000000000001458       0xb0 build/sysexprocessor.o
 .debug_aranges
                0x0000000000001508       0x20 build/dma.o
 .debug_aranges
                0x0000000000001528       0x28 build/startup_stm32f373xc.o

.debug_ranges   0x0000000000000000     0x1710
 .debug_ranges  0x0000000000000000       0x38 build/main.o
 .debug_ranges  0x0000000000000038       0x58 build/stm32f3xx_it.o
 .debug_ranges  0x0000000000000090       0x10 build/stm32f3xx_hal_msp.o
 .debug_ranges  0x00000000000000a0       0x18 build/system_stm32f3xx.o
 .debug_ranges  0x00000000000000b8       0x38 build/usbd_midi_if.o
 .debug_ranges  0x00000000000000f0       0x40 build/usbd_midi.o
 .debug_ranges  0x0000000000000130       0x10 build/gpio.o
 .debug_ranges  0x0000000000000140       0x20 build/spi.o
 .debug_ranges  0x0000000000000160       0x38 build/tim.o
 .debug_ranges  0x0000000000000198       0xa0 build/stm32f3xx_hal.o
 .debug_ranges  0x0000000000000238       0x98 build/stm32f3xx_hal_rcc.o
 .debug_ranges  0x00000000000002d0       0x40 build/stm32f3xx_hal_rcc_ex.o
 .debug_ranges  0x0000000000000310       0x48 build/stm32f3xx_hal_gpio.o
 .debug_ranges  0x0000000000000358       0x78 build/stm32f3xx_hal_dma.o
 .debug_ranges  0x00000000000003d0       0xf8 build/stm32f3xx_hal_cortex.o
 .debug_ranges  0x00000000000004c8       0x78 build/stm32f3xx_hal_flash.o
 .debug_ranges  0x0000000000000540       0x88 build/stm32f3xx_hal_flash_ex.o
 .debug_ranges  0x00000000000005c8      0x1c8 build/stm32f3xx_hal_spi.o
 .debug_ranges  0x0000000000000790      0x358 build/stm32f3xx_hal_tim.o
 .debug_ranges  0x0000000000000ae8      0x118 build/stm32f3xx_hal_tim_ex.o
 .debug_ranges  0x0000000000000c00      0x1a0 build/stm32f3xx_hal_pcd.o
 .debug_ranges  0x0000000000000da0       0x28 build/stm32f3xx_hal_pcd_ex.o
 .debug_ranges  0x0000000000000dc8       0x10 build/usb_device.o
 .debug_ranges  0x0000000000000dd8      0x100 build/usbd_conf.o
 .debug_ranges  0x0000000000000ed8       0x40 build/usbd_desc.o
 .debug_ranges  0x0000000000000f18       0xa8 build/usbd_core.o
 .debug_ranges  0x0000000000000fc0       0x78 build/usbd_ctlreq.o
 .debug_ranges  0x0000000000001038       0x40 build/usbd_ioreq.o
 .debug_ranges  0x0000000000001078       0x10 build/midiprocessor.o
 .debug_ranges  0x0000000000001088       0xb0 build/led.o
 .debug_ranges  0x0000000000001138       0x40 build/dac.o
 .debug_ranges  0x0000000000001178       0x20 build/ringbuffer.o
 .debug_ranges  0x0000000000001198       0x68 build/digital.o
 .debug_ranges  0x0000000000001200       0xd8 build/analog.o
 .debug_ranges  0x00000000000012d8       0x90 build/note_stack.o
 .debug_ranges  0x0000000000001368       0xf0 build/poly.o
 .debug_ranges  0x0000000000001458      0x158 build/configuration.o
 .debug_ranges  0x00000000000015b0      0x130 build/sysexprocessor.o
 .debug_ranges  0x00000000000016e0       0x10 build/dma.o
 .debug_ranges  0x00000000000016f0       0x20 build/startup_stm32f373xc.o

.debug_line     0x0000000000000000    0x158d7
 .debug_line    0x0000000000000000      0x5e7 build/main.o
 .debug_line    0x00000000000005e7      0x2f1 build/stm32f3xx_it.o
 .debug_line    0x00000000000008d8      0x1a2 build/stm32f3xx_hal_msp.o
 .debug_line    0x0000000000000a7a      0x2ca build/system_stm32f3xx.o
 .debug_line    0x0000000000000d44      0x291 build/usbd_midi_if.o
 .debug_line    0x0000000000000fd5      0x41f build/usbd_midi.o
 .debug_line    0x00000000000013f4      0x2d0 build/gpio.o
 .debug_line    0x00000000000016c4      0x3b4 build/spi.o
 .debug_line    0x0000000000001a78      0x605 build/tim.o
 .debug_line    0x000000000000207d      0x44b build/stm32f3xx_hal.o
 .debug_line    0x00000000000024c8     0x112c build/stm32f3xx_hal_rcc.o
 .debug_line    0x00000000000035f4      0x955 build/stm32f3xx_hal_rcc_ex.o
 .debug_line    0x0000000000003f49      0x6a8 build/stm32f3xx_hal_gpio.o
 .debug_line    0x00000000000045f1      0xa17 build/stm32f3xx_hal_dma.o
 .debug_line    0x0000000000005008      0x723 build/stm32f3xx_hal_cortex.o
 .debug_line    0x000000000000572b      0x701 build/stm32f3xx_hal_flash.o
 .debug_line    0x0000000000005e2c      0x9cc build/stm32f3xx_hal_flash_ex.o
 .debug_line    0x00000000000067f8     0x27c2 build/stm32f3xx_hal_spi.o
 .debug_line    0x0000000000008fba     0x316b build/stm32f3xx_hal_tim.o
 .debug_line    0x000000000000c125      0xeec build/stm32f3xx_hal_tim_ex.o
 .debug_line    0x000000000000d011     0x11b3 build/stm32f3xx_hal_pcd.o
 .debug_line    0x000000000000e1c4      0x3b3 build/stm32f3xx_hal_pcd_ex.o
 .debug_line    0x000000000000e577      0x202 build/usb_device.o
 .debug_line    0x000000000000e779      0x868 build/usbd_conf.o
 .debug_line    0x000000000000efe1      0x2c7 build/usbd_desc.o
 .debug_line    0x000000000000f2a8      0x6a8 build/usbd_core.o
 .debug_line    0x000000000000f950      0x89a build/usbd_ctlreq.o
 .debug_line    0x00000000000101ea      0x2d4 build/usbd_ioreq.o
 .debug_line    0x00000000000104be      0x48d build/midiprocessor.o
 .debug_line    0x000000000001094b      0x72a build/led.o
 .debug_line    0x0000000000011075      0x4f3 build/dac.o
 .debug_line    0x0000000000011568      0x273 build/ringbuffer.o
 .debug_line    0x00000000000117db      0x70b build/digital.o
 .debug_line    0x0000000000011ee6     0x1349 build/analog.o
 .debug_line    0x000000000001322f      0x478 build/note_stack.o
 .debug_line    0x00000000000136a7      0x5d2 build/poly.o
 .debug_line    0x0000000000013c79      0xaf7 build/configuration.o
 .debug_line    0x0000000000014770      0xf29 build/sysexprocessor.o
 .debug_line    0x0000000000015699      0x1cb build/dma.o
 .debug_line    0x0000000000015864       0x73 build/startup_stm32f373xc.o

.debug_str      0x0000000000000000     0x5bf5
 .debug_str     0x0000000000000000     0x12a3 build/main.o
                                       0x1447 (size before relaxing)
 .debug_str     0x00000000000012a3      0x34b build/stm32f3xx_it.o
                                        0x6eb (size before relaxing)
 .debug_str     0x00000000000015ee       0x79 build/stm32f3xx_hal_msp.o
                                        0x200 (size before relaxing)
 .debug_str     0x0000000000001667       0xd7 build/system_stm32f3xx.o
                                        0x2c8 (size before relaxing)
 .debug_str     0x000000000000173e       0xb9 build/usbd_midi_if.o
                                        0x2af (size before relaxing)
 .debug_str     0x00000000000017f7      0x193 build/usbd_midi.o
                                        0x9ce (size before relaxing)
 .debug_str     0x000000000000198a       0xa9 build/gpio.o
                                        0x2b1 (size before relaxing)
 .debug_str     0x0000000000001a33      0x251 build/spi.o
                                        0x709 (size before relaxing)
 .debug_str     0x0000000000001c84      0x5f5 build/tim.o
                                        0xca2 (size before relaxing)
 .debug_str     0x0000000000002279      0x236 build/stm32f3xx_hal.o
                                        0x857 (size before relaxing)
 .debug_str     0x00000000000024af      0x1e3 build/stm32f3xx_hal_rcc.o
                                        0x64b (size before relaxing)
 .debug_str     0x0000000000002692       0xbc build/stm32f3xx_hal_rcc_ex.o
                                        0x4cf (size before relaxing)
 .debug_str     0x000000000000274e      0x113 build/stm32f3xx_hal_gpio.o