Archive member included to satisfy reference by file (symbol)

/usr/local/Cellar/arm-none-eabi-gcc/7-2018-q2-update/gcc/bin/../lib/gcc/arm-none-eabi/7.3.1/../../../../arm-none-eabi/lib/thumb/v7e-m/fpv4-sp/hard/libc_nano.a(lib_a-efgcvt.o)
                              build/main.o (gcvt)
/usr/local/Cellar/arm-none-eabi-gcc/7-2018-q2-update/gcc/bin/../lib/gcc/arm-none-eabi/7.3.1/../../../../arm-none-eabi/lib/thumb/v7e-m/fpv4-sp/hard/libc_nano.a(lib_a-exit.o)
                              /usr/local/Cellar/arm-none-eabi-gcc/7-2018-q2-update/gcc/bin/../lib/gcc/arm-none-eabi/7.3.1/../../../../arm-none-eabi/lib/thumb/v7e-m/fpv4-sp/hard/crt0.o (exit)
/usr/local/Cellar/arm-none-eabi-gcc/7-2018-q2-update/gcc/bin/../lib/gcc/arm-none-eabi/7.3.1/../../../../arm-none-eabi/lib/thumb/v7e-m/fpv4-sp/hard/libc_nano.a(lib_a-impure.o)
                              /usr/local/Cellar/arm-none-eabi-gcc/7-2018-q2-update/gcc/bin/../lib/gcc/arm-none-eabi/7.3.1/../../../../arm-none-eabi/lib/thumb/v7e-m/fpv4-sp/hard/libc_nano.a(lib_a-exit.o) (_global_impure_ptr)
/usr/local/Cellar/arm-none-eabi-gcc/7-2018-q2-update/gcc/bin/../lib/gcc/arm-none-eabi/7.3.1/../../../../arm-none-eabi/lib/thumb/v7e-m/fpv4-sp/hard/libc_nano.a(lib_a-init.o)
                              /usr/local/Cellar/arm-none-eabi-gcc/7-2018-q2-update/gcc/bin/../lib/gcc/arm-none-eabi/7.3.1/../../../../arm-none-eabi/lib/thumb/v7e-m/fpv4-sp/hard/crt0.o (__libc_init_array)
/usr/local/Cellar/arm-none-eabi-gcc/7-2018-q2-update/gcc/bin/../lib/gcc/arm-none-eabi/7.3.1/../../../../arm-none-eabi/lib/thumb/v7e-m/fpv4-sp/hard/libc_nano.a(lib_a-memset.o)
                              /usr/local/Cellar/arm-none-eabi-gcc/7-2018-q2-update/gcc/bin/../lib/gcc/arm-none-eabi/7.3.1/../../../../arm-none-eabi/lib/thumb/v7e-m/fpv4-sp/hard/crt0.o (memset)
/usr/local/Cellar/arm-none-eabi-gcc/7-2018-q2-update/gcc/bin/../lib/gcc/arm-none-eabi/7.3.1/../../../../arm-none-eabi/lib/thumb/v7e-m/fpv4-sp/hard/libc_nano.a(lib_a-ecvtbuf.o)
                              /usr/local/Cellar/arm-none-eabi-gcc/7-2018-q2-update/gcc/bin/../lib/gcc/arm-none-eabi/7.3.1/../../../../arm-none-eabi/lib/thumb/v7e-m/fpv4-sp/hard/libc_nano.a(lib_a-efgcvt.o) (fcvtbuf)
/usr/local/Cellar/arm-none-eabi-gcc/7-2018-q2-update/gcc/bin/../lib/gcc/arm-none-eabi/7.3.1/../../../../arm-none-eabi/lib/thumb/v7e-m/fpv4-sp/hard/libc_nano.a(lib_a-mprec.o)
                              /usr/local/Cellar/arm-none-eabi-gcc/7-2018-q2-update/gcc/bin/../lib/gcc/arm-none-eabi/7.3.1/../../../../arm-none-eabi/lib/thumb/v7e-m/fpv4-sp/hard/libc_nano.a(lib_a-ecvtbuf.o) (_mprec_log10)
/usr/local/Cellar/arm-none-eabi-gcc/7-2018-q2-update/gcc/bin/../lib/gcc/arm-none-eabi/7.3.1/../../../../arm-none-eabi/lib/thumb/v7e-m/fpv4-sp/hard/libc_nano.a(lib_a-nano-callocr.o)
                              /usr/local/Cellar/arm-none-eabi-gcc/7-2018-q2-update/gcc/bin/../lib/gcc/arm-none-eabi/7.3.1/../../../../arm-none-eabi/lib/thumb/v7e-m/fpv4-sp/hard/libc_nano.a(lib_a-mprec.o) (_calloc_r)
/usr/local/Cellar/arm-none-eabi-gcc/7-2018-q2-update/gcc/bin/../lib/gcc/arm-none-eabi/7.3.1/../../../../arm-none-eabi/lib/thumb/v7e-m/fpv4-sp/hard/libc_nano.a(lib_a-nano-mallocr.o)
                              /usr/local/Cellar/arm-none-eabi-gcc/7-2018-q2-update/gcc/bin/../lib/gcc/arm-none-eabi/7.3.1/../../../../arm-none-eabi/lib/thumb/v7e-m/fpv4-sp/hard/libc_nano.a(lib_a-nano-callocr.o) (_malloc_r)
/usr/local/Cellar/arm-none-eabi-gcc/7-2018-q2-update/gcc/bin/../lib/gcc/arm-none-eabi/7.3.1/../../../../arm-none-eabi/lib/thumb/v7e-m/fpv4-sp/hard/libc_nano.a(lib_a-nano-reallocr.o)
                              /usr/local/Cellar/arm-none-eabi-gcc/7-2018-q2-update/gcc/bin/../lib/gcc/arm-none-eabi/7.3.1/../../../../arm-none-eabi/lib/thumb/v7e-m/fpv4-sp/hard/libc_nano.a(lib_a-ecvtbuf.o) (_realloc_r)
/usr/local/Cellar/arm-none-eabi-gcc/7-2018-q2-update/gcc/bin/../lib/gcc/arm-none-eabi/7.3.1/../../../../arm-none-eabi/lib/thumb/v7e-m/fpv4-sp/hard/libc_nano.a(lib_a-sbrkr.o)
                              /usr/local/Cellar/arm-none-eabi-gcc/7-2018-q2-update/gcc/bin/../lib/gcc/arm-none-eabi/7.3.1/../../../../arm-none-eabi/lib/thumb/v7e-m/fpv4-sp/hard/libc_nano.a(lib_a-nano-mallocr.o) (_sbrk_r)
/usr/local/Cellar/arm-none-eabi-gcc/7-2018-q2-update/gcc/bin/../lib/gcc/arm-none-eabi/7.3.1/../../../../arm-none-eabi/lib/thumb/v7e-m/fpv4-sp/hard/libc_nano.a(lib_a-strcpy.o)
                              /usr/local/Cellar/arm-none-eabi-gcc/7-2018-q2-update/gcc/bin/../lib/gcc/arm-none-eabi/7.3.1/../../../../arm-none-eabi/lib/thumb/v7e-m/fpv4-sp/hard/libc_nano.a(lib_a-ecvtbuf.o) (strcpy)
/usr/local/Cellar/arm-none-eabi-gcc/7-2018-q2-update/gcc/bin/../lib/gcc/arm-none-eabi/7.3.1/../../../../arm-none-eabi/lib/thumb/v7e-m/fpv4-sp/hard/libc_nano.a(lib_a-dtoa.o)
                              /usr/local/Cellar/arm-none-eabi-gcc/7-2018-q2-update/gcc/bin/../lib/gcc/arm-none-eabi/7.3.1/../../../../arm-none-eabi/lib/thumb/v7e-m/fpv4-sp/hard/libc_nano.a(lib_a-ecvtbuf.o) (_dtoa_r)
[...]
Memory Configuration

Name             Origin             Length             Attributes
RAM              0x0000000020000000 0x0000000000008000 xrw
FLASH            0x0000000008000000 0x0000000000040000 xr
*default*        0x0000000000000000 0xffffffffffffffff

Linker script and memory map

LOAD /usr/local/Cellar/arm-none-eabi-gcc/7-2018-q2-update/gcc/bin/../lib/gcc/arm-none-eabi/7.3.1/thumb/v7e-m/fpv4-sp/hard/crti.o
LOAD /usr/local/Cellar/arm-none-eabi-gcc/7-2018-q2-update/gcc/bin/../lib/gcc/arm-none-eabi/7.3.1/thumb/v7e-m/fpv4-sp/hard/crtbegin.o
LOAD /usr/local/Cellar/arm-none-eabi-gcc/7-2018-q2-update/gcc/bin/../lib/gcc/arm-none-eabi/7.3.1/../../../../arm-none-eabi/lib/thumb/v7e-m/fpv4-sp/hard/crt0.o
LOAD build/main.o
LOAD build/stm32f3xx_it.o
LOAD build/stm32f3xx_hal_msp.o
LOAD build/system_stm32f3xx.o
LOAD build/ssd1306.o
LOAD build/pitch.o
LOAD build/ips_font.o
LOAD build/gpio.o
LOAD build/i2c.o
LOAD build/sdadc.o
LOAD build/tim.o
LOAD build/stm32f3xx_hal_i2c.o
LOAD build/stm32f3xx_hal_i2c_ex.o
LOAD build/stm32f3xx_hal_sdadc.o
LOAD build/stm32f3xx_hal_tim.o
LOAD build/stm32f3xx_hal_tim_ex.o
LOAD build/stm32f3xx_hal.o
LOAD build/stm32f3xx_hal_rcc.o
LOAD build/stm32f3xx_hal_rcc_ex.o
LOAD build/stm32f3xx_hal_gpio.o
LOAD build/stm32f3xx_hal_dma.o
LOAD build/stm32f3xx_hal_cortex.o
LOAD build/stm32f3xx_hal_pwr.o
LOAD build/stm32f3xx_hal_pwr_ex.o
LOAD build/stm32f3xx_hal_flash.o
LOAD build/stm32f3xx_hal_flash_ex.o
LOAD build/dma.o
LOAD build/startup_stm32f373xc.o
LOAD /usr/local/Cellar/arm-none-eabi-gcc/7-2018-q2-update/gcc/bin/../lib/gcc/arm-none-eabi/7.3.1/../../../../arm-none-eabi/lib/thumb/v7e-m/fpv4-sp/hard/libc_nano.a
LOAD ./libarm_cortexM4lf_math.a
LOAD /usr/local/Cellar/arm-none-eabi-gcc/7-2018-q2-update/gcc/bin/../lib/gcc/arm-none-eabi/7.3.1/../../../../arm-none-eabi/lib/thumb/v7e-m/fpv4-sp/hard/libm.a
LOAD /usr/local/Cellar/arm-none-eabi-gcc/7-2018-q2-update/gcc/bin/../lib/gcc/arm-none-eabi/7.3.1/../../../../arm-none-eabi/lib/thumb/v7e-m/fpv4-sp/hard/libnosys.a
START GROUP
LOAD /usr/local/Cellar/arm-none-eabi-gcc/7-2018-q2-update/gcc/bin/../lib/gcc/arm-none-eabi/7.3.1/thumb/v7e-m/fpv4-sp/hard/libgcc.a
LOAD /usr/local/Cellar/arm-none-eabi-gcc/7-2018-q2-update/gcc/bin/../lib/gcc/arm-none-eabi/7.3.1/../../../../arm-none-eabi/lib/thumb/v7e-m/fpv4-sp/hard/libc_nano.a
END GROUP
START GROUP
LOAD /usr/local/Cellar/arm-none-eabi-gcc/7-2018-q2-update/gcc/bin/../lib/gcc/arm-none-eabi/7.3.1/thumb/v7e-m/fpv4-sp/hard/libgcc.a
LOAD /usr/local/Cellar/arm-none-eabi-gcc/7-2018-q2-update/gcc/bin/../lib/gcc/arm-none-eabi/7.3.1/../../../../arm-none-eabi/lib/thumb/v7e-m/fpv4-sp/hard/libc_nano.a
END GROUP
LOAD /usr/local/Cellar/arm-none-eabi-gcc/7-2018-q2-update/gcc/bin/../lib/gcc/arm-none-eabi/7.3.1/thumb/v7e-m/fpv4-sp/hard/crtend.o
LOAD /usr/local/Cellar/arm-none-eabi-gcc/7-2018-q2-update/gcc/bin/../lib/gcc/arm-none-eabi/7.3.1/thumb/v7e-m/fpv4-sp/hard/crtn.o
                0x0000000020008000                _estack = 0x20008000
                0x0000000000000200                _Min_Heap_Size = 0x200
                0x0000000000000400                _Min_Stack_Size = 0x400

.isr_vector     0x0000000008000000      0x188
                0x0000000008000000                . = ALIGN (0x4)
 *(.isr_vector)
 .isr_vector    0x0000000008000000      0x188 build/startup_stm32f373xc.o
                0x0000000008000000                g_pfnVectors
                0x0000000008000188                . = ALIGN (0x4)

.text           0x0000000008000188     0x56c0
                0x0000000008000188                . = ALIGN (0x4)
 *(.text)
 .text          0x0000000008000188       0x40 /usr/local/Cellar/arm-none-eabi-gcc/7-2018-q2-update/gcc/bin/../lib/gcc/arm-none-eabi/7.3.1/thumb/v7e-m/fpv4-sp/hard/crtbegin.o
 .text          0x00000000080001c8      0x378 /usr/local/Cellar/arm-none-eabi-gcc/7-2018-q2-update/gcc/bin/../lib/gcc/arm-none-eabi/7.3.1/thumb/v7e-m/fpv4-sp/hard/libgcc.a(_arm_addsubdf3.o)
                0x00000000080001c8                __aeabi_drsub
                0x00000000080001d0                __subdf3
                0x00000000080001d0                __aeabi_dsub
                0x00000000080001d4                __aeabi_dadd
                0x00000000080001d4                __adddf3
                0x000000000800044c                __aeabi_ui2d
                0x000000000800044c                __floatunsidf
                0x000000000800046c                __floatsidf
                0x000000000800046c                __aeabi_i2d
                0x0000000008000490                __extendsfdf2
                0x0000000008000490                __aeabi_f2d
                0x00000000080004d4                __aeabi_ul2d
                0x00000000080004d4                __floatundidf
                0x00000000080004e4                __aeabi_l2d
                0x00000000080004e4                __floatdidf
 .text          0x0000000008000540      0x424 /usr/local/Cellar/arm-none-eabi-gcc/7-2018-q2-update/gcc/bin/../lib/gcc/arm-none-eabi/7.3.1/thumb/v7e-m/fpv4-sp/hard/libgcc.a(_arm_muldivdf3.o)
                0x0000000008000540                __aeabi_dmul
                0x0000000008000540                __muldf3
                0x0000000008000794                __aeabi_ddiv
                0x0000000008000794                __divdf3
 .text          0x0000000008000964      0x110 /usr/local/Cellar/arm-none-eabi-gcc/7-2018-q2-update/gcc/bin/../lib/gcc/arm-none-eabi/7.3.1/thumb/v7e-m/fpv4-sp/hard/libgcc.a(_arm_cmpdf2.o)
                0x0000000008000964                __gedf2
                0x0000000008000964                __gtdf2
                0x000000000800096c                __ledf2
                0x000000000800096c                __ltdf2
                0x0000000008000974                __cmpdf2
                0x0000000008000974                __eqdf2
                0x0000000008000974                __nedf2
                0x00000000080009f0                __aeabi_cdrcmple
                0x0000000008000a00                __aeabi_cdcmple
                0x0000000008000a00                __aeabi_cdcmpeq
                0x0000000008000a10                __aeabi_dcmpeq
                0x0000000008000a24                __aeabi_dcmplt
                0x0000000008000a38                __aeabi_dcmple
                0x0000000008000a4c                __aeabi_dcmpge
                0x0000000008000a60                __aeabi_dcmpgt
 .text          0x0000000008000a74       0x50 /usr/local/Cellar/arm-none-eabi-gcc/7-2018-q2-update/gcc/bin/../lib/gcc/arm-none-eabi/7.3.1/thumb/v7e-m/fpv4-sp/hard/libgcc.a(_arm_fixdfsi.o)
                0x0000000008000a74                __fixdfsi
                0x0000000008000a74                __aeabi_d2iz
 .text          0x0000000008000ac4       0xa0 /usr/local/Cellar/arm-none-eabi-gcc/7-2018-q2-update/gcc/bin/../lib/gcc/arm-none-eabi/7.3.1/thumb/v7e-m/fpv4-sp/hard/libgcc.a(_arm_truncdfsf2.o)
                0x0000000008000ac4                __aeabi_d2f
                0x0000000008000ac4                __truncdfsf2
 *(.text*)
 .text.SystemClock_Config
                0x0000000008000b64       0x8a build/main.o
                0x0000000008000b64                SystemClock_Config
 *fill*         0x0000000008000bee        0x2 
 .text.main     0x0000000008000bf0      0x21c build/main.o
                0x0000000008000bf0                main
 .text.HAL_GPIO_EXTI_Callback
                0x0000000008000e0c        0x2 build/main.o
                0x0000000008000e0c                HAL_GPIO_EXTI_Callback
 *fill*         0x0000000008000e0e        0x2 
 .text.HAL_SDADC_InjectedConvCpltCallback
                0x0000000008000e10       0x18 build/main.o
                0x0000000008000e10                HAL_SDADC_InjectedConvCpltCallback
 .text.Error_Handler
                0x0000000008000e28        0x2 build/main.o
                0x0000000008000e28                Error_Handler
 .text.NMI_Handler
                0x0000000008000e2a        0x2 build/stm32f3xx_it.o
                0x0000000008000e2a                NMI_Handler
 .text.HardFault_Handler
                0x0000000008000e2c        0x2 build/stm32f3xx_it.o
                0x0000000008000e2c                HardFault_Handler
 .text.MemManage_Handler
                0x0000000008000e2e        0x2 build/stm32f3xx_it.o
                0x0000000008000e2e                MemManage_Handler
 .text.BusFault_Handler
                0x0000000008000e30        0x2 build/stm32f3xx_it.o
                0x0000000008000e30                BusFault_Handler
 .text.UsageFault_Handler
                0x0000000008000e32        0x2 build/stm32f3xx_it.o
                0x0000000008000e32                UsageFault_Handler
 .text.SVC_Handler
                0x0000000008000e34        0x2 build/stm32f3xx_it.o
                0x0000000008000e34                SVC_Handler
 .text.DebugMon_Handler
                0x0000000008000e36        0x2 build/stm32f3xx_it.o
                0x0000000008000e36                DebugMon_Handler
 .text.PendSV_Handler
                0x0000000008000e38        0x2 build/stm32f3xx_it.o
                0x0000000008000e38                PendSV_Handler
 .text.SysTick_Handler
                0x0000000008000e3a        0x8 build/stm32f3xx_it.o
                0x0000000008000e3a                SysTick_Handler
 .text.EXTI3_IRQHandler
                0x0000000008000e42        0xa build/stm32f3xx_it.o
                0x0000000008000e42                EXTI3_IRQHandler
 .text.EXTI9_5_IRQHandler
                0x0000000008000e4c       0x1a build/stm32f3xx_it.o
                0x0000000008000e4c                EXTI9_5_IRQHandler
 *fill*         0x0000000008000e66        0x2 
 .text.DMA2_Channel3_IRQHandler
                0x0000000008000e68       0x10 build/stm32f3xx_it.o
                0x0000000008000e68                DMA2_Channel3_IRQHandler
 .text.DMA2_Channel4_IRQHandler
                0x0000000008000e78       0x10 build/stm32f3xx_it.o
                0x0000000008000e78                DMA2_Channel4_IRQHandler
 .text.DMA2_Channel5_IRQHandler
                0x0000000008000e88       0x10 build/stm32f3xx_it.o
                0x0000000008000e88                DMA2_Channel5_IRQHandler
 .text.HAL_MspInit
                0x0000000008000e98       0x30 build/stm32f3xx_hal_msp.o
                0x0000000008000e98                HAL_MspInit
 .text.SystemInit
                0x0000000008000ec8       0x1c build/system_stm32f3xx.o
                0x0000000008000ec8                SystemInit
 .text.ssd1306_WriteCommand
                0x0000000008000ee4       0x2c build/ssd1306.o
                0x0000000008000ee4                ssd1306_WriteCommand
 .text.ssd1306_WriteData
                0x0000000008000f10       0x28 build/ssd1306.o
                0x0000000008000f10                ssd1306_WriteData
 .text.ssd1306_Fill
                0x0000000008000f38       0x20 build/ssd1306.o
                0x0000000008000f38                ssd1306_Fill
 .text.ssd1306_UpdateScreen
                0x0000000008000f58       0x38 build/ssd1306.o
                0x0000000008000f58                ssd1306_UpdateScreen
 .text.ssd1306_Init
                0x0000000008000f90       0xcc build/ssd1306.o
                0x0000000008000f90                ssd1306_Init
 .text.ssd1306_DrawPixel
                0x000000000800105c       0x54 build/ssd1306.o
                0x000000000800105c                ssd1306_DrawPixel
 .text.ssd1306_WriteChar
                0x00000000080010b0       0xbc build/ssd1306.o
                0x00000000080010b0                ssd1306_WriteChar
 .text.ssd1306_SetCursor
                0x000000000800116c        0xc build/ssd1306.o
                0x000000000800116c                ssd1306_SetCursor
 .text.ssd1306_WriteString
                0x0000000008001178       0x3c build/ssd1306.o
                0x0000000008001178                ssd1306_WriteString
 .text.Yin_difference
                0x00000000080011b4       0x56 build/pitch.o
                0x00000000080011b4                Yin_difference
 *fill*         0x000000000800120a        0x2 
 .text.Yin_cumulativeMeanNormalizedDifference
                0x000000000800120c       0x40 build/pitch.o
                0x000000000800120c                Yin_cumulativeMeanNormalizedDifference
 .text.Yin_absoluteThreshold
                0x000000000800124c       0xa0 build/pitch.o
                0x000000000800124c                Yin_absoluteThreshold
 .text.Yin_parabolicInterpolation
                0x00000000080012ec       0xc4 build/pitch.o
                0x00000000080012ec                Yin_parabolicInterpolation
 .text.Yin_getPitch
                0x00000000080013b0       0x7c build/pitch.o
                0x00000000080013b0                Yin_getPitch
 .text.MX_GPIO_Init
                0x000000000800142c      0x128 build/gpio.o
                0x000000000800142c                MX_GPIO_Init
 .text.MX_I2C1_Init
                0x0000000008001554       0x64 build/i2c.o
                0x0000000008001554                MX_I2C1_Init
 .text.HAL_I2C_MspInit
                0x00000000080015b8       0x6c build/i2c.o
                0x00000000080015b8                HAL_I2C_MspInit
 .text.MX_SDADC1_Init
                0x0000000008001624       0xc4 build/sdadc.o
                0x0000000008001624                MX_SDADC1_Init
 .text.MX_SDADC2_Init
                0x00000000080016e8       0x68 build/sdadc.o
                0x00000000080016e8                MX_SDADC2_Init
 .text.MX_SDADC3_Init
                0x0000000008001750       0x68 build/sdadc.o
                0x0000000008001750                MX_SDADC3_Init
 .text.HAL_SDADC_MspInit
                0x00000000080017b8      0x1a4 build/sdadc.o
                0x00000000080017b8                HAL_SDADC_MspInit
 .text.MX_TIM4_Init
                0x000000000800195c       0x68 build/tim.o
                0x000000000800195c                MX_TIM4_Init
 .text.MX_TIM13_Init
                0x00000000080019c4       0x70 build/tim.o
                0x00000000080019c4                MX_TIM13_Init
 .text.HAL_TIM_PWM_MspInit
                0x0000000008001a34       0x4c build/tim.o
                0x0000000008001a34                HAL_TIM_PWM_MspInit
 .text.HAL_TIM_Encoder_MspInit
                0x0000000008001a80       0x68 build/tim.o
                0x0000000008001a80                HAL_TIM_Encoder_MspInit
 .text.HAL_TIM_Base_MspInit
                0x0000000008001ae8       0x2c build/tim.o
                0x0000000008001ae8                HAL_TIM_Base_MspInit
 .text.HAL_TIM_MspPostInit
                0x0000000008001b14       0xc8 build/tim.o
                0x0000000008001b14                HAL_TIM_MspPostInit
 .text.MX_TIM2_Init
                0x0000000008001bdc       0xb8 build/tim.o
                0x0000000008001bdc                MX_TIM2_Init
 .text.MX_TIM3_Init
                0x0000000008001c94       0xa8 build/tim.o
                0x0000000008001c94                MX_TIM3_Init
 .text.I2C_Flush_TXDR
                0x0000000008001d3c       0x22 build/stm32f3xx_hal_i2c.o
 .text.I2C_TransferConfig
                0x0000000008001d5e       0x36 build/stm32f3xx_hal_i2c.o
 .text.I2C_IsAcknowledgeFailed
                0x0000000008001d94       0x82 build/stm32f3xx_hal_i2c.o
 .text.I2C_WaitOnTXISFlagUntilTimeout
                0x0000000008001e16       0x54 build/stm32f3xx_hal_i2c.o
 .text.I2C_WaitOnFlagUntilTimeout
                0x0000000008001e6a       0x48 build/stm32f3xx_hal_i2c.o
 *fill*         0x0000000008001eb2        0x2 
 .text.I2C_RequestMemoryWrite
                0x0000000008001eb4       0x88 build/stm32f3xx_hal_i2c.o
 .text.I2C_WaitOnSTOPFlagUntilTimeout
                0x0000000008001f3c       0x4e build/stm32f3xx_hal_i2c.o
 .text.HAL_I2C_Init
                0x0000000008001f8a       0xbc build/stm32f3xx_hal_i2c.o
                0x0000000008001f8a                HAL_I2C_Init
 .text.HAL_I2C_Mem_Write
                0x0000000008002046      0x1d2 build/stm32f3xx_hal_i2c.o
                0x0000000008002046                HAL_I2C_Mem_Write
 .text.HAL_I2CEx_ConfigAnalogFilter
                0x0000000008002218       0x5c build/stm32f3xx_hal_i2c_ex.o
                0x0000000008002218                HAL_I2CEx_ConfigAnalogFilter
 .text.HAL_I2CEx_ConfigDigitalFilter
                0x0000000008002274       0x58 build/stm32f3xx_hal_i2c_ex.o
                0x0000000008002274                HAL_I2CEx_ConfigDigitalFilter
 .text.SDADC_ExitInitMode
                0x00000000080022cc        0xc build/stm32f3xx_hal_sdadc.o
 .text.SDADC_GetInjChannelsNbr
                0x00000000080022d8       0x1c build/stm32f3xx_hal_sdadc.o
 .text.SDADC_EnterInitMode
                0x00000000080022f4       0x2e build/stm32f3xx_hal_sdadc.o
 .text.SDADC_InjConvStart
                0x0000000008002322       0x60 build/stm32f3xx_hal_sdadc.o
 .text.SDADC_InjConvStop
                0x0000000008002382       0xb6 build/stm32f3xx_hal_sdadc.o
 .text.HAL_SDADC_Init
                0x0000000008002438       0xa4 build/stm32f3xx_hal_sdadc.o
                0x0000000008002438                HAL_SDADC_Init
 .text.HAL_SDADC_PrepareChannelConfig
                0x00000000080024dc       0x46 build/stm32f3xx_hal_sdadc.o
                0x00000000080024dc                HAL_SDADC_PrepareChannelConfig
 *fill*         0x0000000008002522        0x2 
 .text.HAL_SDADC_AssociateChannelConfig
                0x0000000008002524       0x64 build/stm32f3xx_hal_sdadc.o
                0x0000000008002524                HAL_SDADC_AssociateChannelConfig
 .text.HAL_SDADC_InjectedConfigChannel
                0x0000000008002588       0x42 build/stm32f3xx_hal_sdadc.o
                0x0000000008002588                HAL_SDADC_InjectedConfigChannel
 *fill*         0x00000000080025ca        0x2 
 .text.HAL_SDADC_SelectRegularTrigger
                0x00000000080025cc       0x30 build/stm32f3xx_hal_sdadc.o
                0x00000000080025cc                HAL_SDADC_SelectRegularTrigger
 .text.HAL_SDADC_SelectInjectedTrigger
                0x00000000080025fc       0x2c build/stm32f3xx_hal_sdadc.o
                0x00000000080025fc                HAL_SDADC_SelectInjectedTrigger
 .text.HAL_SDADC_SelectInjectedExtTrigger
                0x0000000008002628       0x44 build/stm32f3xx_hal_sdadc.o
                0x0000000008002628                HAL_SDADC_SelectInjectedExtTrigger
 .text.HAL_SDADC_SelectInjectedDelay
                0x000000000800266c       0x40 build/stm32f3xx_hal_sdadc.o
                0x000000000800266c                HAL_SDADC_SelectInjectedDelay
 .text.HAL_SDADC_CalibrationStart
                0x00000000080026ac       0x50 build/stm32f3xx_hal_sdadc.o
                0x00000000080026ac                HAL_SDADC_CalibrationStart
 .text.HAL_SDADC_PollForCalibEvent
                0x00000000080026fc       0x50 build/stm32f3xx_hal_sdadc.o
                0x00000000080026fc                HAL_SDADC_PollForCalibEvent
 .text.HAL_SDADC_InjectedStart_DMA
                0x000000000800274c       0xa0 build/stm32f3xx_hal_sdadc.o
                0x000000000800274c                HAL_SDADC_InjectedStart_DMA
 .text.HAL_SDADC_InjectedStop_DMA
                0x00000000080027ec       0x38 build/stm32f3xx_hal_sdadc.o
                0x00000000080027ec                HAL_SDADC_InjectedStop_DMA
 .text.HAL_SDADC_InjectedConvHalfCpltCallback
                0x0000000008002824        0x2 build/stm32f3xx_hal_sdadc.o
                0x0000000008002824                HAL_SDADC_InjectedConvHalfCpltCallback
 .text.SDADC_DMAInjectedHalfConvCplt
                0x0000000008002826        0xa build/stm32f3xx_hal_sdadc.o
 .text.SDADC_DMAInjectedConvCplt
                0x0000000008002830        0xa build/stm32f3xx_hal_sdadc.o
 .text.HAL_SDADC_ErrorCallback
                0x000000000800283a        0x2 build/stm32f3xx_hal_sdadc.o
                0x000000000800283a                HAL_SDADC_ErrorCallback
 .text.SDADC_DMAError
                0x000000000800283c        0xe build/stm32f3xx_hal_sdadc.o
 *fill*         0x000000000800284a        0x2 
 .text.TIM_Base_SetConfig
                0x000000000800284c       0xc4 build/stm32f3xx_hal_tim.o
                0x000000000800284c                TIM_Base_SetConfig
 .text.HAL_TIM_Base_Init
                0x0000000008002910       0x32 build/stm32f3xx_hal_tim.o
                0x0000000008002910                HAL_TIM_Base_Init
 .text.HAL_TIM_PWM_Init
                0x0000000008002942       0x32 build/stm32f3xx_hal_tim.o
                0x0000000008002942                HAL_TIM_PWM_Init
 .text.HAL_TIM_Encoder_Init
                0x0000000008002974       0x98 build/stm32f3xx_hal_tim.o
                0x0000000008002974                HAL_TIM_Encoder_Init
 .text.TIM_OC1_SetConfig
                0x0000000008002a0c       0x78 build/stm32f3xx_hal_tim.o
                0x0000000008002a0c                TIM_OC1_SetConfig
 .text.TIM_OC2_SetConfig
                0x0000000008002a84       0x5c build/stm32f3xx_hal_tim.o
                0x0000000008002a84                TIM_OC2_SetConfig
 .text.TIM_OC3_SetConfig
                0x0000000008002ae0       0x58 build/stm32f3xx_hal_tim.o
                0x0000000008002ae0                TIM_OC3_SetConfig
 .text.TIM_OC4_SetConfig
                0x0000000008002b38       0x54 build/stm32f3xx_hal_tim.o
                0x0000000008002b38                TIM_OC4_SetConfig
 .text.HAL_TIM_PWM_ConfigChannel
                0x0000000008002b8c       0xdc build/stm32f3xx_hal_tim.o
                0x0000000008002b8c                HAL_TIM_PWM_ConfigChannel
 .text.TIM_CCxChannelCmd
                0x0000000008002c68       0x1e build/stm32f3xx_hal_tim.o
                0x0000000008002c68                TIM_CCxChannelCmd
 *fill*         0x0000000008002c86        0x2 
 .text.HAL_TIM_PWM_Start
                0x0000000008002c88       0x40 build/stm32f3xx_hal_tim.o
                0x0000000008002c88                HAL_TIM_PWM_Start
 .text.HAL_TIM_PWM_Start_IT
                0x0000000008002cc8       0x84 build/stm32f3xx_hal_tim.o
                0x0000000008002cc8                HAL_TIM_PWM_Start_IT
 .text.HAL_TIMEx_MasterConfigSynchronization
                0x0000000008002d4c       0x52 build/stm32f3xx_hal_tim_ex.o
                0x0000000008002d4c                HAL_TIMEx_MasterConfigSynchronization
 *fill*         0x0000000008002d9e        0x2 
 .text.HAL_InitTick
                0x0000000008002da0       0x4c build/stm32f3xx_hal.o
                0x0000000008002da0                HAL_InitTick
 .text.HAL_Init
                0x0000000008002dec       0x24 build/stm32f3xx_hal.o
                0x0000000008002dec                HAL_Init
 .text.HAL_IncTick
                0x0000000008002e10       0x18 build/stm32f3xx_hal.o
                0x0000000008002e10                HAL_IncTick
 .text.HAL_GetTick
                0x0000000008002e28        0xc build/stm32f3xx_hal.o
                0x0000000008002e28                HAL_GetTick
 .text.HAL_Delay
                0x0000000008002e34       0x28 build/stm32f3xx_hal.o
                0x0000000008002e34                HAL_Delay
 .text.HAL_RCC_OscConfig
                0x0000000008002e5c      0x618 build/stm32f3xx_hal_rcc.o
                0x0000000008002e5c                HAL_RCC_OscConfig
 .text.HAL_RCC_GetSysClockFreq
                0x0000000008003474       0x70 build/stm32f3xx_hal_rcc.o
                0x0000000008003474                HAL_RCC_GetSysClockFreq
 .text.HAL_RCC_ClockConfig
                0x00000000080034e4      0x1a0 build/stm32f3xx_hal_rcc.o
                0x00000000080034e4                HAL_RCC_ClockConfig
 .text.HAL_RCCEx_PeriphCLKConfig
                0x0000000008003684      0x210 build/stm32f3xx_hal_rcc_ex.o
                0x0000000008003684                HAL_RCCEx_PeriphCLKConfig
 .text.HAL_GPIO_Init
                0x0000000008003894      0x194 build/stm32f3xx_hal_gpio.o
                0x0000000008003894                HAL_GPIO_Init
 .text.HAL_GPIO_EXTI_IRQHandler
                0x0000000008003a28       0x1c build/stm32f3xx_hal_gpio.o
                0x0000000008003a28                HAL_GPIO_EXTI_IRQHandler
 .text.DMA_SetConfig
                0x0000000008003a44       0x2c build/stm32f3xx_hal_dma.o
 .text.DMA_CalcBaseAndBitshift
                0x0000000008003a70       0x4c build/stm32f3xx_hal_dma.o
 .text.HAL_DMA_Init
                0x0000000008003abc       0x50 build/stm32f3xx_hal_dma.o
                0x0000000008003abc                HAL_DMA_Init
 .text.HAL_DMA_Start_IT
                0x0000000008003b0c       0x74 build/stm32f3xx_hal_dma.o
                0x0000000008003b0c                HAL_DMA_Start_IT
 .text.HAL_DMA_Abort
                0x0000000008003b80       0x2e build/stm32f3xx_hal_dma.o
                0x0000000008003b80                HAL_DMA_Abort
 .text.HAL_DMA_IRQHandler
                0x0000000008003bae       0xb4 build/stm32f3xx_hal_dma.o
                0x0000000008003bae                HAL_DMA_IRQHandler
 *fill*         0x0000000008003c62        0x2 
 .text.HAL_NVIC_SetPriorityGrouping
                0x0000000008003c64       0x24 build/stm32f3xx_hal_cortex.o
                0x0000000008003c64                HAL_NVIC_SetPriorityGrouping
 .text.HAL_NVIC_SetPriority
                0x0000000008003c88       0x68 build/stm32f3xx_hal_cortex.o
                0x0000000008003c88                HAL_NVIC_SetPriority
 .text.HAL_NVIC_EnableIRQ
                0x0000000008003cf0       0x18 build/stm32f3xx_hal_cortex.o
                0x0000000008003cf0                HAL_NVIC_EnableIRQ
 .text.HAL_SYSTICK_Config
                0x0000000008003d08       0x2c build/stm32f3xx_hal_cortex.o
                0x0000000008003d08                HAL_SYSTICK_Config
 .text.HAL_PWREx_EnableSDADC
                0x0000000008003d34       0x2c build/stm32f3xx_hal_pwr_ex.o
                0x0000000008003d34                HAL_PWREx_EnableSDADC
 .text.MX_DMA_Init
                0x0000000008003d60       0x54 build/dma.o
                0x0000000008003d60                MX_DMA_Init
 .text.Reset_Handler
                0x0000000008003db4       0x50 build/startup_stm32f373xc.o
                0x0000000008003db4                Reset_Handler
 .text.Default_Handler
                0x0000000008003e04        0x2 build/startup_stm32f373xc.o
                0x0000000008003e04                EXTI2_TSC_IRQHandler
                0x0000000008003e04                USB_HP_IRQHandler
                0x0000000008003e04                PVD_IRQHandler
                0x0000000008003e04                TAMP_STAMP_IRQHandler
                0x0000000008003e04                EXTI0_IRQHandler
                0x0000000008003e04                I2C2_EV_IRQHandler
                0x0000000008003e04                FPU_IRQHandler
                0x0000000008003e04                CAN_TX_IRQHandler
                0x0000000008003e04                SPI1_IRQHandler
                0x0000000008003e04                CAN_SCE_IRQHandler
                0x0000000008003e04                DMA2_Channel2_IRQHandler
                0x0000000008003e04                DMA1_Channel4_IRQHandler
                0x0000000008003e04                ADC1_IRQHandler
                0x0000000008003e04                TIM17_IRQHandler
                0x0000000008003e04                USART3_IRQHandler
                0x0000000008003e04                DMA1_Channel7_IRQHandler
                0x0000000008003e04                TIM4_IRQHandler
                0x0000000008003e04                CAN_RX1_IRQHandler
                0x0000000008003e04                DMA2_Channel1_IRQHandler
                0x0000000008003e04                I2C1_EV_IRQHandler
                0x0000000008003e04                DMA1_Channel6_IRQHandler
                0x0000000008003e04                TIM16_IRQHandler
                0x0000000008003e04                TIM3_IRQHandler
                0x0000000008003e04                RCC_IRQHandler
                0x0000000008003e04                DMA1_Channel1_IRQHandler
                0x0000000008003e04                Default_Handler
                0x0000000008003e04                CEC_IRQHandler
                0x0000000008003e04                EXTI15_10_IRQHandler
                0x0000000008003e04                TIM14_IRQHandler
                0x0000000008003e04                TIM13_IRQHandler
                0x0000000008003e04                TIM12_IRQHandler
                0x0000000008003e04                TIM7_IRQHandler
                0x0000000008003e04                TIM5_IRQHandler
                0x0000000008003e04                SDADC2_IRQHandler
                0x0000000008003e04                TIM15_IRQHandler
                0x0000000008003e04                TIM6_DAC1_IRQHandler
                0x0000000008003e04                RTC_WKUP_IRQHandler
                0x0000000008003e04                SPI2_IRQHandler
                0x0000000008003e04                DMA1_Channel5_IRQHandler
                0x0000000008003e04                USB_LP_IRQHandler
                0x0000000008003e04                EXTI4_IRQHandler
                0x0000000008003e04                COMP1_2_IRQHandler
                0x0000000008003e04                TIM18_DAC2_IRQHandler
                0x0000000008003e04                DMA1_Channel3_IRQHandler
                0x0000000008003e04                WWDG_IRQHandler
                0x0000000008003e04                SDADC1_IRQHandler
                0x0000000008003e04                TIM2_IRQHandler
                0x0000000008003e04                EXTI1_IRQHandler
                0x0000000008003e04                SDADC3_IRQHandler
                0x0000000008003e04                USART2_IRQHandler
                0x0000000008003e04                TIM19_IRQHandler
                0x0000000008003e04                I2C2_ER_IRQHandler
                0x0000000008003e04                DMA1_Channel2_IRQHandler
                0x0000000008003e04                FLASH_IRQHandler
                0x0000000008003e04                USART1_IRQHandler
                0x0000000008003e04                SPI3_IRQHandler
                0x0000000008003e04                CAN_RX0_IRQHandler
                0x0000000008003e04                I2C1_ER_IRQHandler
                0x0000000008003e04                USBWakeUp_IRQHandler
                0x0000000008003e04                RTC_Alarm_IRQHandler
 *fill*         0x0000000008003e06        0x2 
 .text.gcvt     0x0000000008003e08       0x58 /usr/local/Cellar/arm-none-eabi-gcc/7-2018-q2-update/gcc/bin/../lib/gcc/arm-none-eabi/7.3.1/../../../../arm-none-eabi/lib/thumb/v7e-m/fpv4-sp/hard/libc_nano.a(lib_a-efgcvt.o)
                0x0000000008003e08                gcvt
 .text.__libc_init_array
                0x0000000008003e60       0x48 /usr/local/Cellar/arm-none-eabi-gcc/7-2018-q2-update/gcc/bin/../lib/gcc/arm-none-eabi/7.3.1/../../../../arm-none-eabi/lib/thumb/v7e-m/fpv4-sp/hard/libc_nano.a(lib_a-init.o)
                0x0000000008003e60                __libc_init_array
 .text.memset   0x0000000008003ea8       0x10 /usr/local/Cellar/arm-none-eabi-gcc/7-2018-q2-update/gcc/bin/../lib/gcc/arm-none-eabi/7.3.1/../../../../arm-none-eabi/lib/thumb/v7e-m/fpv4-sp/hard/libc_nano.a(lib_a-memset.o)
                0x0000000008003ea8                memset
 .text.print_e  0x0000000008003eb8       0xe8 /usr/local/Cellar/arm-none-eabi-gcc/7-2018-q2-update/gcc/bin/../lib/gcc/arm-none-eabi/7.3.1/../../../../arm-none-eabi/lib/thumb/v7e-m/fpv4-sp/hard/libc_nano.a(lib_a-ecvtbuf.o)
 .text._gcvt    0x0000000008003fa0      0x194 /usr/local/Cellar/arm-none-eabi-gcc/7-2018-q2-update/gcc/bin/../lib/gcc/arm-none-eabi/7.3.1/../../../../arm-none-eabi/lib/thumb/v7e-m/fpv4-sp/hard/libc_nano.a(lib_a-ecvtbuf.o)
                0x0000000008003fa0                _gcvt
 .text._Balloc  0x0000000008004134       0x68 /usr/local/Cellar/arm-none-eabi-gcc/7-2018-q2-update/gcc/bin/../lib/gcc/arm-none-eabi/7.3.1/../../../../arm-none-eabi/lib/thumb/v7e-m/fpv4-sp/hard/libc_nano.a(lib_a-mprec.o)
                0x0000000008004134                _Balloc
 .text._Bfree   0x000000000800419c       0x2e /usr/local/Cellar/arm-none-eabi-gcc/7-2018-q2-update/gcc/bin/../lib/gcc/arm-none-eabi/7.3.1/../../../../arm-none-eabi/lib/thumb/v7e-m/fpv4-sp/hard/libc_nano.a(lib_a-mprec.o)
                0x000000000800419c                _Bfree
 .text.__multadd
                0x00000000080041ca       0x76 /usr/local/Cellar/arm-none-eabi-gcc/7-2018-q2-update/gcc/bin/../lib/gcc/arm-none-eabi/7.3.1/../../../../arm-none-eabi/lib/thumb/v7e-m/fpv4-sp/hard/libc_nano.a(lib_a-mprec.o)
                0x00000000080041ca                __multadd
 .text.__hi0bits
                0x0000000008004240       0x3e /usr/local/Cellar/arm-none-eabi-gcc/7-2018-q2-update/gcc/bin/../lib/gcc/arm-none-eabi/7.3.1/../../../../arm-none-eabi/lib/thumb/v7e-m/fpv4-sp/hard/libc_nano.a(lib_a-mprec.o)
                0x0000000008004240                __hi0bits
 .text.__lo0bits
                0x000000000800427e       0x5e /usr/local/Cellar/arm-none-eabi-gcc/7-2018-q2-update/gcc/bin/../lib/gcc/arm-none-eabi/7.3.1/../../../../arm-none-eabi/lib/thumb/v7e-m/fpv4-sp/hard/libc_nano.a(lib_a-mprec.o)
                0x000000000800427e                __lo0bits
 .text.__i2b    0x00000000080042dc       0x12 /usr/local/Cellar/arm-none-eabi-gcc/7-2018-q2-update/gcc/bin/../lib/gcc/arm-none-eabi/7.3.1/../../../../arm-none-eabi/lib/thumb/v7e-m/fpv4-sp/hard/libc_nano.a(lib_a-mprec.o)
                0x00000000080042dc                __i2b
 .text.__multiply
                0x00000000080042ee      0x12c /usr/local/Cellar/arm-none-eabi-gcc/7-2018-q2-update/gcc/bin/../lib/gcc/arm-none-eabi/7.3.1/../../../../arm-none-eabi/lib/thumb/v7e-m/fpv4-sp/hard/libc_nano.a(lib_a-mprec.o)
                0x00000000080042ee                __multiply
 *fill*         0x000000000800441a        0x2 
 .text.__pow5mult
                0x000000000800441c       0x9c /usr/local/Cellar/arm-none-eabi-gcc/7-2018-q2-update/gcc/bin/../lib/gcc/arm-none-eabi/7.3.1/../../../../arm-none-eabi/lib/thumb/v7e-m/fpv4-sp/hard/libc_nano.a(lib_a-mprec.o)
                0x000000000800441c                __pow5mult
 .text.__lshift
                0x00000000080044b8       0xa8 /usr/local/Cellar/arm-none-eabi-gcc/7-2018-q2-update/gcc/bin/../lib/gcc/arm-none-eabi/7.3.1/../../../../arm-none-eabi/lib/thumb/v7e-m/fpv4-sp/hard/libc_nano.a(lib_a-mprec.o)
                0x00000000080044b8                __lshift
 .text.__mcmp   0x0000000008004560       0x34 /usr/local/Cellar/arm-none-eabi-gcc/7-2018-q2-update/gcc/bin/../lib/gcc/arm-none-eabi/7.3.1/../../../../arm-none-eabi/lib/thumb/v7e-m/fpv4-sp/hard/libc_nano.a(lib_a-mprec.o)
                0x0000000008004560                __mcmp
 .text.__mdiff  0x0000000008004594       0xba /usr/local/Cellar/arm-none-eabi-gcc/7-2018-q2-update/gcc/bin/../lib/gcc/arm-none-eabi/7.3.1/../../../../arm-none-eabi/lib/thumb/v7e-m/fpv4-sp/hard/libc_nano.a(lib_a-mprec.o)
                0x0000000008004594                __mdiff
 .text.__d2b    0x000000000800464e       0x9e /usr/local/Cellar/arm-none-eabi-gcc/7-2018-q2-update/gcc/bin/../lib/gcc/arm-none-eabi/7.3.1/../../../../arm-none-eabi/lib/thumb/v7e-m/fpv4-sp/hard/libc_nano.a(lib_a-mprec.o)
                0x000000000800464e                __d2b
 .text._mprec_log10
                0x00000000080046ec       0x3c /usr/local/Cellar/arm-none-eabi-gcc/7-2018-q2-update/gcc/bin/../lib/gcc/arm-none-eabi/7.3.1/../../../../arm-none-eabi/lib/thumb/v7e-m/fpv4-sp/hard/libc_nano.a(lib_a-mprec.o)
                0x00000000080046ec                _mprec_log10
 .text._calloc_r
                0x0000000008004728       0x1c /usr/local/Cellar/arm-none-eabi-gcc/7-2018-q2-update/gcc/bin/../lib/gcc/arm-none-eabi/7.3.1/../../../../arm-none-eabi/lib/thumb/v7e-m/fpv4-sp/hard/libc_nano.a(lib_a-nano-callocr.o)
                0x0000000008004728                _calloc_r
 .text._malloc_r
                0x0000000008004744       0xb4 /usr/local/Cellar/arm-none-eabi-gcc/7-2018-q2-update/gcc/bin/../lib/gcc/arm-none-eabi/7.3.1/../../../../arm-none-eabi/lib/thumb/v7e-m/fpv4-sp/hard/libc_nano.a(lib_a-nano-mallocr.o)
                0x0000000008004744                _malloc_r
 .text._sbrk_r  0x00000000080047f8       0x20 /usr/local/Cellar/arm-none-eabi-gcc/7-2018-q2-update/gcc/bin/../lib/gcc/arm-none-eabi/7.3.1/../../../../arm-none-eabi/lib/thumb/v7e-m/fpv4-sp/hard/libc_nano.a(lib_a-sbrkr.o)
                0x00000000080047f8                _sbrk_r
 .text.strcpy   0x0000000008004818       0x10 /usr/local/Cellar/arm-none-eabi-gcc/7-2018-q2-update/gcc/bin/../lib/gcc/arm-none-eabi/7.3.1/../../../../arm-none-eabi/lib/thumb/v7e-m/fpv4-sp/hard/libc_nano.a(lib_a-strcpy.o)
                0x0000000008004818                strcpy
 .text.quorem   0x0000000008004828      0x118 /usr/local/Cellar/arm-none-eabi-gcc/7-2018-q2-update/gcc/bin/../lib/gcc/arm-none-eabi/7.3.1/../../../../arm-none-eabi/lib/thumb/v7e-m/fpv4-sp/hard/libc_nano.a(lib_a-dtoa.o)
 .text._dtoa_r  0x0000000008004940      0xb70 /usr/local/Cellar/arm-none-eabi-gcc/7-2018-q2-update/gcc/bin/../lib/gcc/arm-none-eabi/7.3.1/../../../../arm-none-eabi/lib/thumb/v7e-m/fpv4-sp/hard/libc_nano.a(lib_a-dtoa.o)
                0x0000000008004940                _dtoa_r
 .text.malloc   0x00000000080054b0       0x10 /usr/local/Cellar/arm-none-eabi-gcc/7-2018-q2-update/gcc/bin/../lib/gcc/arm-none-eabi/7.3.1/../../../../arm-none-eabi/lib/thumb/v7e-m/fpv4-sp/hard/libc_nano.a(lib_a-malloc.o)
                0x00000000080054b0                malloc
 .text.memcpy   0x00000000080054c0       0x16 /usr/local/Cellar/arm-none-eabi-gcc/7-2018-q2-update/gcc/bin/../lib/gcc/arm-none-eabi/7.3.1/../../../../arm-none-eabi/lib/thumb/v7e-m/fpv4-sp/hard/libc_nano.a(lib_a-memcpy-stub.o)
                0x00000000080054c0                memcpy
 .text.__malloc_lock
                0x00000000080054d6        0x2 /usr/local/Cellar/arm-none-eabi-gcc/7-2018-q2-update/gcc/bin/../lib/gcc/arm-none-eabi/7.3.1/../../../../arm-none-eabi/lib/thumb/v7e-m/fpv4-sp/hard/libc_nano.a(lib_a-mlock.o)
                0x00000000080054d6                __malloc_lock
 .text.__malloc_unlock
                0x00000000080054d8        0x2 /usr/local/Cellar/arm-none-eabi-gcc/7-2018-q2-update/gcc/bin/../lib/gcc/arm-none-eabi/7.3.1/../../../../arm-none-eabi/lib/thumb/v7e-m/fpv4-sp/hard/libc_nano.a(lib_a-mlock.o)
                0x00000000080054d8                __malloc_unlock
 *fill*         0x00000000080054da        0x2 
 .text.log2f    0x00000000080054dc       0x14 /usr/local/Cellar/arm-none-eabi-gcc/7-2018-q2-update/gcc/bin/../lib/gcc/arm-none-eabi/7.3.1/../../../../arm-none-eabi/lib/thumb/v7e-m/fpv4-sp/hard/libm.a(lib_a-wf_log2.o)
                0x00000000080054dc                log2f
 .text.logf     0x00000000080054f0       0xf8 /usr/local/Cellar/arm-none-eabi-gcc/7-2018-q2-update/gcc/bin/../lib/gcc/arm-none-eabi/7.3.1/../../../../arm-none-eabi/lib/thumb/v7e-m/fpv4-sp/hard/libm.a(lib_a-wf_log.o)
                0x00000000080054f0                logf
 .text.__ieee754_logf
                0x00000000080055e8      0x20c /usr/local/Cellar/arm-none-eabi-gcc/7-2018-q2-update/gcc/bin/../lib/gcc/arm-none-eabi/7.3.1/../../../../arm-none-eabi/lib/thumb/v7e-m/fpv4-sp/hard/libm.a(lib_a-ef_log.o)
                0x00000000080055e8                __ieee754_logf
 .text.matherr  0x00000000080057f4        0x4 /usr/local/Cellar/arm-none-eabi-gcc/7-2018-q2-update/gcc/bin/../lib/gcc/arm-none-eabi/7.3.1/../../../../arm-none-eabi/lib/thumb/v7e-m/fpv4-sp/hard/libm.a(lib_a-s_matherr.o)
                0x00000000080057f4                matherr
 .text.nan      0x00000000080057f8       0x10 /usr/local/Cellar/arm-none-eabi-gcc/7-2018-q2-update/gcc/bin/../lib/gcc/arm-none-eabi/7.3.1/../../../../arm-none-eabi/lib/thumb/v7e-m/fpv4-sp/hard/libm.a(lib_a-s_nan.o)
                0x00000000080057f8                nan
 .text._sbrk    0x0000000008005808       0x1c /usr/local/Cellar/arm-none-eabi-gcc/7-2018-q2-update/gcc/bin/../lib/gcc/arm-none-eabi/7.3.1/../../../../arm-none-eabi/lib/thumb/v7e-m/fpv4-sp/hard/libnosys.a(sbrk.o)
                0x0000000008005808                _sbrk
 .text.__errno  0x0000000008005824        0xc /usr/local/Cellar/arm-none-eabi-gcc/7-2018-q2-update/gcc/bin/../lib/gcc/arm-none-eabi/7.3.1/../../../../arm-none-eabi/lib/thumb/v7e-m/fpv4-sp/hard/libc_nano.a(lib_a-errno.o)
                0x0000000008005824                __errno
 *(.glue_7)
 .glue_7        0x0000000008005830        0x0 linker stubs
 *(.glue_7t)
 .glue_7t       0x0000000008005830        0x0 linker stubs
 *(.eh_frame)
 .eh_frame      0x0000000008005830        0x0 /usr/local/Cellar/arm-none-eabi-gcc/7-2018-q2-update/gcc/bin/../lib/gcc/arm-none-eabi/7.3.1/thumb/v7e-m/fpv4-sp/hard/crtbegin.o
 *(.init)
 .init          0x0000000008005830        0x4 /usr/local/Cellar/arm-none-eabi-gcc/7-2018-q2-update/gcc/bin/../lib/gcc/arm-none-eabi/7.3.1/thumb/v7e-m/fpv4-sp/hard/crti.o
                0x0000000008005830                _init
 .init          0x0000000008005834        0x8 /usr/local/Cellar/arm-none-eabi-gcc/7-2018-q2-update/gcc/bin/../lib/gcc/arm-none-eabi/7.3.1/thumb/v7e-m/fpv4-sp/hard/crtn.o
 *(.fini)
 .fini          0x000000000800583c        0x4 /usr/local/Cellar/arm-none-eabi-gcc/7-2018-q2-update/gcc/bin/../lib/gcc/arm-none-eabi/7.3.1/thumb/v7e-m/fpv4-sp/hard/crti.o
                0x000000000800583c                _fini
 .fini          0x0000000008005840        0x8 /usr/local/Cellar/arm-none-eabi-gcc/7-2018-q2-update/gcc/bin/../lib/gcc/arm-none-eabi/7.3.1/thumb/v7e-m/fpv4-sp/hard/crtn.o
                0x0000000008005848                . = ALIGN (0x4)
                0x0000000008005848                _etext = .

.vfp11_veneer   0x0000000008005848        0x0
 .vfp11_veneer  0x0000000008005848        0x0 linker stubs

.v4_bx          0x0000000008005848        0x0
 .v4_bx         0x0000000008005848        0x0 linker stubs

.iplt           0x0000000008005848        0x0
 .iplt          0x0000000008005848        0x0 /usr/local/Cellar/arm-none-eabi-gcc/7-2018-q2-update/gcc/bin/../lib/gcc/arm-none-eabi/7.3.1/thumb/v7e-m/fpv4-sp/hard/crtbegin.o

.rodata         0x0000000008005848      0x8cc
                0x0000000008005848                . = ALIGN (0x4)
 *(.rodata)
 .rodata        0x0000000008005848       0x18 build/main.o
 *(.rodata*)
 .rodata.AHBPrescTable
                0x0000000008005860       0x10 build/system_stm32f3xx.o
                0x0000000008005860                AHBPrescTable
 .rodata.Font7x10
                0x0000000008005870      0x76c build/ips_font.o
 .rodata.aPLLMULFactorTable
                0x0000000008005fdc       0x10 build/stm32f3xx_hal_rcc.o
                0x0000000008005fdc                aPLLMULFactorTable
 .rodata.aPredivFactorTable
                0x0000000008005fec       0x10 build/stm32f3xx_hal_rcc.o
                0x0000000008005fec                aPredivFactorTable
 *fill*         0x0000000008005ffc        0x4 
 .rodata.__mprec_bigtens
                0x0000000008006000       0x28 /usr/local/Cellar/arm-none-eabi-gcc/7-2018-q2-update/gcc/bin/../lib/gcc/arm-none-eabi/7.3.1/../../../../arm-none-eabi/lib/thumb/v7e-m/fpv4-sp/hard/libc_nano.a(lib_a-mprec.o)
                0x0000000008006000                __mprec_bigtens
 .rodata.__mprec_tens
                0x0000000008006028       0xc8 /usr/local/Cellar/arm-none-eabi-gcc/7-2018-q2-update/gcc/bin/../lib/gcc/arm-none-eabi/7.3.1/../../../../arm-none-eabi/lib/thumb/v7e-m/fpv4-sp/hard/libc_nano.a(lib_a-mprec.o)
                0x0000000008006028                __mprec_tens
 .rodata.p05.7359
                0x00000000080060f0        0xc /usr/local/Cellar/arm-none-eabi-gcc/7-2018-q2-update/gcc/bin/../lib/gcc/arm-none-eabi/7.3.1/../../../../arm-none-eabi/lib/thumb/v7e-m/fpv4-sp/hard/libc_nano.a(lib_a-mprec.o)
 .rodata._dtoa_r.str1.1
                0x00000000080060fc        0xf /usr/local/Cellar/arm-none-eabi-gcc/7-2018-q2-update/gcc/bin/../lib/gcc/arm-none-eabi/7.3.1/../../../../arm-none-eabi/lib/thumb/v7e-m/fpv4-sp/hard/libc_nano.a(lib_a-dtoa.o)
 *fill*         0x000000000800610b        0x1 
 .rodata.logf.str1.4
                0x000000000800610c        0x8 /usr/local/Cellar/arm-none-eabi-gcc/7-2018-q2-update/gcc/bin/../lib/gcc/arm-none-eabi/7.3.1/../../../../arm-none-eabi/lib/thumb/v7e-m/fpv4-sp/hard/libm.a(lib_a-wf_log.o)
                                          0x9 (size before relaxing)
                0x0000000008006114                . = ALIGN (0x4)

.rel.dyn        0x0000000008006114        0x0
 .rel.iplt      0x0000000008006114        0x0 /usr/local/Cellar/arm-none-eabi-gcc/7-2018-q2-update/gcc/bin/../lib/gcc/arm-none-eabi/7.3.1/thumb/v7e-m/fpv4-sp/hard/crtbegin.o

.ARM.extab
 *(.ARM.extab* .gnu.linkonce.armextab.*)

.ARM            0x0000000008006114        0x0
                0x0000000008006114                __exidx_start = .
 *(.ARM.exidx*)
                0x0000000008006114                __exidx_end = .

.preinit_array  0x0000000008006114        0x0
                0x0000000008006114                PROVIDE (__preinit_array_start = .)
 *(.preinit_array*)
                0x0000000008006114                PROVIDE (__preinit_array_end = .)

.init_array     0x0000000008006114        0x4
                0x0000000008006114                PROVIDE (__init_array_start = .)
 *(SORT_BY_NAME(.init_array.*))
 *(.init_array*)
 .init_array    0x0000000008006114        0x4 /usr/local/Cellar/arm-none-eabi-gcc/7-2018-q2-update/gcc/bin/../lib/gcc/arm-none-eabi/7.3.1/thumb/v7e-m/fpv4-sp/hard/crtbegin.o
                0x0000000008006118                PROVIDE (__init_array_end = .)

.fini_array     0x0000000008006118        0x4
                [!provide]                        PROVIDE (__fini_array_start = .)
 *(SORT_BY_NAME(.fini_array.*))
 *(.fini_array*)
 .fini_array    0x0000000008006118        0x4 /usr/local/Cellar/arm-none-eabi-gcc/7-2018-q2-update/gcc/bin/../lib/gcc/arm-none-eabi/7.3.1/thumb/v7e-m/fpv4-sp/hard/crtbegin.o
                [!provide]                        PROVIDE (__fini_array_end = .)
                0x000000000800611c                _sidata = LOADADDR (.data)

.data           0x0000000020000000       0x7c load address 0x000000000800611c
                0x0000000020000000                . = ALIGN (0x4)
                0x0000000020000000                _sdata = .
 *(.data)
 *(.data*)
 .data.SystemCoreClock
                0x0000000020000000        0x4 build/system_stm32f3xx.o
                0x0000000020000000                SystemCoreClock
 .data.Font_7x10
                0x0000000020000004        0x8 build/ips_font.o
                0x0000000020000004                Font_7x10
 .data.uwTickFreq
                0x000000002000000c        0x1 build/stm32f3xx_hal.o
                0x000000002000000c                uwTickFreq
 *fill*         0x000000002000000d        0x3 
 .data.uwTickPrio
                0x0000000020000010        0x4 build/stm32f3xx_hal.o
                0x0000000020000010                uwTickPrio
 .data._impure_ptr
                0x0000000020000014        0x4 /usr/local/Cellar/arm-none-eabi-gcc/7-2018-q2-update/gcc/bin/../lib/gcc/arm-none-eabi/7.3.1/../../../../arm-none-eabi/lib/thumb/v7e-m/fpv4-sp/hard/libc_nano.a(lib_a-impure.o)
                0x0000000020000014                _impure_ptr
 .data.impure_data
                0x0000000020000018       0x60 /usr/local/Cellar/arm-none-eabi-gcc/7-2018-q2-update/gcc/bin/../lib/gcc/arm-none-eabi/7.3.1/../../../../arm-none-eabi/lib/thumb/v7e-m/fpv4-sp/hard/libc_nano.a(lib_a-impure.o)
 .data.__fdlib_version
                0x0000000020000078        0x1 /usr/local/Cellar/arm-none-eabi-gcc/7-2018-q2-update/gcc/bin/../lib/gcc/arm-none-eabi/7.3.1/../../../../arm-none-eabi/lib/thumb/v7e-m/fpv4-sp/hard/libm.a(lib_a-s_lib_ver.o)
                0x0000000020000078                __fdlib_version
                0x000000002000007c                . = ALIGN (0x4)
 *fill*         0x0000000020000079        0x3 
                0x000000002000007c                _edata = .

.igot.plt       0x000000002000007c        0x0 load address 0x0000000008006198
 .igot.plt      0x000000002000007c        0x0 /usr/local/Cellar/arm-none-eabi-gcc/7-2018-q2-update/gcc/bin/../lib/gcc/arm-none-eabi/7.3.1/thumb/v7e-m/fpv4-sp/hard/crtbegin.o
                0x000000002000007c                . = ALIGN (0x4)

.bss            0x000000002000007c     0x2f2c load address 0x0000000008006198
                0x000000002000007c                _sbss = .
                0x000000002000007c                __bss_start__ = _sbss
 *(.bss)
 .bss           0x000000002000007c       0x1c /usr/local/Cellar/arm-none-eabi-gcc/7-2018-q2-update/gcc/bin/../lib/gcc/arm-none-eabi/7.3.1/thumb/v7e-m/fpv4-sp/hard/crtbegin.o
 *(.bss*)
 .bss.__malloc_free_list
                0x0000000020000098        0x4 /usr/local/Cellar/arm-none-eabi-gcc/7-2018-q2-update/gcc/bin/../lib/gcc/arm-none-eabi/7.3.1/../../../../arm-none-eabi/lib/thumb/v7e-m/fpv4-sp/hard/libc_nano.a(lib_a-nano-mallocr.o)
                0x0000000020000098                __malloc_free_list
 .bss.__malloc_sbrk_start
                0x000000002000009c        0x4 /usr/local/Cellar/arm-none-eabi-gcc/7-2018-q2-update/gcc/bin/../lib/gcc/arm-none-eabi/7.3.1/../../../../arm-none-eabi/lib/thumb/v7e-m/fpv4-sp/hard/libc_nano.a(lib_a-nano-mallocr.o)
                0x000000002000009c                __malloc_sbrk_start
 .bss.heap_end.5377
                0x00000000200000a0        0x4 /usr/local/Cellar/arm-none-eabi-gcc/7-2018-q2-update/gcc/bin/../lib/gcc/arm-none-eabi/7.3.1/../../../../arm-none-eabi/lib/thumb/v7e-m/fpv4-sp/hard/libnosys.a(sbrk.o)
 *(COMMON)
 COMMON         0x00000000200000a4     0x2004 build/main.o
                0x00000000200000a4                dmainput
                0x00000000200010a4                floatindex
                0x00000000200010a5                ready
                0x00000000200010a8                audiobuffer
 COMMON         0x00000000200020a8      0x408 build/ssd1306.o
                0x00000000200020a8                SSD1306
                0x00000000200020b0                SSD1306_Buffer
 COMMON         0x00000000200024b0      0x80c build/pitch.o
                0x00000000200024b0                yinobject
 COMMON         0x0000000020002cbc       0x4c build/i2c.o
                0x0000000020002cbc                hi2c1
 COMMON         0x0000000020002d08      0x198 build/sdadc.o
                0x0000000020002d08                hdma_sdadc1
                0x0000000020002d4c                hdma_sdadc3
                0x0000000020002d90                hdma_sdadc2
                0x0000000020002dd4                hsdadc1
                0x0000000020002e18                hsdadc2
                0x0000000020002e5c                hsdadc3
 COMMON         0x0000000020002ea0      0x100 build/tim.o
                0x0000000020002ea0                htim4
                0x0000000020002ee0                htim3
                0x0000000020002f20                htim13
                0x0000000020002f60                htim2
 COMMON         0x0000000020002fa0        0x4 build/stm32f3xx_hal.o
                0x0000000020002fa0                uwTick
 COMMON         0x0000000020002fa4        0x4 /usr/local/Cellar/arm-none-eabi-gcc/7-2018-q2-update/gcc/bin/../lib/gcc/arm-none-eabi/7.3.1/../../../../arm-none-eabi/lib/thumb/v7e-m/fpv4-sp/hard/libc_nano.a(lib_a-reent.o)
                0x0000000020002fa4                errno
                0x0000000020002fa8                . = ALIGN (0x4)
                0x0000000020002fa8                _ebss = .
                0x0000000020002fa8                __bss_end__ = _ebss

._user_heap_stack
                0x0000000020002fa8      0x600 load address 0x0000000008006198
                0x0000000020002fa8                . = ALIGN (0x8)
                0x0000000020002fa8                PROVIDE (end = .)
                [!provide]                        PROVIDE (_end = .)
                0x00000000200031a8                . = (. + _Min_Heap_Size)
 *fill*         0x0000000020002fa8      0x200 
                0x00000000200035a8                . = (. + _Min_Stack_Size)
 *fill*         0x00000000200031a8      0x400 
                0x00000000200035a8                . = ALIGN (0x8)

/DISCARD/
 libc.a(*)
 libm.a(*)
 libgcc.a(*)

.ARM.attributes
                0x0000000000000000       0x30
 *(.ARM.attributes)
 .ARM.attributes
                0x0000000000000000       0x22 /usr/local/Cellar/arm-none-eabi-gcc/7-2018-q2-update/gcc/bin/../lib/gcc/arm-none-eabi/7.3.1/thumb/v7e-m/fpv4-sp/hard/crti.o
 .ARM.attributes
                0x0000000000000022       0x34 /usr/local/Cellar/arm-none-eabi-gcc/7-2018-q2-update/gcc/bin/../lib/gcc/arm-none-eabi/7.3.1/thumb/v7e-m/fpv4-sp/hard/crtbegin.o
 .ARM.attributes
                0x0000000000000056       0x39 build/main.o
 .ARM.attributes
                0x000000000000008f       0x39 build/stm32f3xx_it.o
 .ARM.attributes
                0x00000000000000c8       0x39 build/stm32f3xx_hal_msp.o
 .ARM.attributes
                0x0000000000000101       0x39 build/system_stm32f3xx.o
 .ARM.attributes
                0x000000000000013a       0x39 build/ssd1306.o
 .ARM.attributes
                0x0000000000000173       0x39 build/pitch.o
 .ARM.attributes
                0x00000000000001ac       0x39 build/ips_font.o
 .ARM.attributes
                0x00000000000001e5       0x39 build/gpio.o
 .ARM.attributes
                0x000000000000021e       0x39 build/i2c.o
 .ARM.attributes
                0x0000000000000257       0x39 build/sdadc.o
 .ARM.attributes
                0x0000000000000290       0x39 build/tim.o
 .ARM.attributes
                0x00000000000002c9       0x39 build/stm32f3xx_hal_i2c.o
 .ARM.attributes
                0x0000000000000302       0x39 build/stm32f3xx_hal_i2c_ex.o
 .ARM.attributes
                0x000000000000033b       0x39 build/stm32f3xx_hal_sdadc.o
 .ARM.attributes
                0x0000000000000374       0x39 build/stm32f3xx_hal_tim.o
 .ARM.attributes
                0x00000000000003ad       0x39 build/stm32f3xx_hal_tim_ex.o
 .ARM.attributes
                0x00000000000003e6       0x39 build/stm32f3xx_hal.o
 .ARM.attributes
                0x000000000000041f       0x39 build/stm32f3xx_hal_rcc.o
 .ARM.attributes
                0x0000000000000458       0x39 build/stm32f3xx_hal_rcc_ex.o
 .ARM.attributes
                0x0000000000000491       0x39 build/stm32f3xx_hal_gpio.o
 .ARM.attributes
                0x00000000000004ca       0x39 build/stm32f3xx_hal_dma.o
 .ARM.attributes
                0x0000000000000503       0x39 build/stm32f3xx_hal_cortex.o
 .ARM.attributes
                0x000000000000053c       0x39 build/stm32f3xx_hal_pwr_ex.o
 .ARM.attributes
                0x0000000000000575       0x39 build/dma.o
 .ARM.attributes
                0x00000000000005ae       0x21 build/startup_stm32f373xc.o
 .ARM.attributes
                0x00000000000005cf       0x34 /usr/local/Cellar/arm-none-eabi-gcc/7-2018-q2-update/gcc/bin/../lib/gcc/arm-none-eabi/7.3.1/../../../../arm-none-eabi/lib/thumb/v7e-m/fpv4-sp/hard/libc_nano.a(lib_a-efgcvt.o)
 .ARM.attributes
                0x0000000000000603       0x34 /usr/local/Cellar/arm-none-eabi-gcc/7-2018-q2-update/gcc/bin/../lib/gcc/arm-none-eabi/7.3.1/../../../../arm-none-eabi/lib/thumb/v7e-m/fpv4-sp/hard/libc_nano.a(lib_a-impure.o)
 .ARM.attributes
                0x0000000000000637       0x34 /usr/local/Cellar/arm-none-eabi-gcc/7-2018-q2-update/gcc/bin/../lib/gcc/arm-none-eabi/7.3.1/../../../../arm-none-eabi/lib/thumb/v7e-m/fpv4-sp/hard/libc_nano.a(lib_a-init.o)
 .ARM.attributes
                0x000000000000066b       0x34 /usr/local/Cellar/arm-none-eabi-gcc/7-2018-q2-update/gcc/bin/../lib/gcc/arm-none-eabi/7.3.1/../../../../arm-none-eabi/lib/thumb/v7e-m/fpv4-sp/hard/libc_nano.a(lib_a-memset.o)
 .ARM.attributes
                0x000000000000069f       0x34 /usr/local/Cellar/arm-none-eabi-gcc/7-2018-q2-update/gcc/bin/../lib/gcc/arm-none-eabi/7.3.1/../../../../arm-none-eabi/lib/thumb/v7e-m/fpv4-sp/hard/libc_nano.a(lib_a-ecvtbuf.o)
 .ARM.attributes
                0x00000000000006d3       0x34 /usr/local/Cellar/arm-none-eabi-gcc/7-2018-q2-update/gcc/bin/../lib/gcc/arm-none-eabi/7.3.1/../../../../arm-none-eabi/lib/thumb/v7e-m/fpv4-sp/hard/libc_nano.a(lib_a-mprec.o)
 .ARM.attributes
                0x0000000000000707       0x34 /usr/local/Cellar/arm-none-eabi-gcc/7-2018-q2-update/gcc/bin/../lib/gcc/arm-none-eabi/7.3.1/../../../../arm-none-eabi/lib/thumb/v7e-m/fpv4-sp/hard/libc_nano.a(lib_a-nano-callocr.o)
 .ARM.attributes
                0x000000000000073b       0x34 /usr/local/Cellar/arm-none-eabi-gcc/7-2018-q2-update/gcc/bin/../lib/gcc/arm-none-eabi/7.3.1/../../../../arm-none-eabi/lib/thumb/v7e-m/fpv4-sp/hard/libc_nano.a(lib_a-nano-mallocr.o)
 .ARM.attributes
                0x000000000000076f       0x34 /usr/local/Cellar/arm-none-eabi-gcc/7-2018-q2-update/gcc/bin/../lib/gcc/arm-none-eabi/7.3.1/../../../../arm-none-eabi/lib/thumb/v7e-m/fpv4-sp/hard/libc_nano.a(lib_a-sbrkr.o)
 .ARM.attributes
                0x00000000000007a3       0x34 /usr/local/Cellar/arm-none-eabi-gcc/7-2018-q2-update/gcc/bin/../lib/gcc/arm-none-eabi/7.3.1/../../../../arm-none-eabi/lib/thumb/v7e-m/fpv4-sp/hard/libc_nano.a(lib_a-strcpy.o)
 .ARM.attributes
                0x00000000000007d7       0x34 /usr/local/Cellar/arm-none-eabi-gcc/7-2018-q2-update/gcc/bin/../lib/gcc/arm-none-eabi/7.3.1/../../../../arm-none-eabi/lib/thumb/v7e-m/fpv4-sp/hard/libc_nano.a(lib_a-dtoa.o)
 .ARM.attributes
                0x000000000000080b       0x34 /usr/local/Cellar/arm-none-eabi-gcc/7-2018-q2-update/gcc/bin/../lib/gcc/arm-none-eabi/7.3.1/../../../../arm-none-eabi/lib/thumb/v7e-m/fpv4-sp/hard/libc_nano.a(lib_a-malloc.o)
 .ARM.attributes
                0x000000000000083f       0x34 /usr/local/Cellar/arm-none-eabi-gcc/7-2018-q2-update/gcc/bin/../lib/gcc/arm-none-eabi/7.3.1/../../../../arm-none-eabi/lib/thumb/v7e-m/fpv4-sp/hard/libc_nano.a(lib_a-memcpy-stub.o)
 .ARM.attributes
                0x0000000000000873       0x34 /usr/local/Cellar/arm-none-eabi-gcc/7-2018-q2-update/gcc/bin/../lib/gcc/arm-none-eabi/7.3.1/../../../../arm-none-eabi/lib/thumb/v7e-m/fpv4-sp/hard/libc_nano.a(lib_a-mlock.o)
 .ARM.attributes
                0x00000000000008a7       0x34 /usr/local/Cellar/arm-none-eabi-gcc/7-2018-q2-update/gcc/bin/../lib/gcc/arm-none-eabi/7.3.1/../../../../arm-none-eabi/lib/thumb/v7e-m/fpv4-sp/hard/libc_nano.a(lib_a-reent.o)
 .ARM.attributes
                0x00000000000008db       0x34 /usr/local/Cellar/arm-none-eabi-gcc/7-2018-q2-update/gcc/bin/../lib/gcc/arm-none-eabi/7.3.1/../../../../arm-none-eabi/lib/thumb/v7e-m/fpv4-sp/hard/libm.a(lib_a-wf_log2.o)
 .ARM.attributes
                0x000000000000090f       0x34 /usr/local/Cellar/arm-none-eabi-gcc/7-2018-q2-update/gcc/bin/../lib/gcc/arm-none-eabi/7.3.1/../../../../arm-none-eabi/lib/thumb/v7e-m/fpv4-sp/hard/libm.a(lib_a-wf_log.o)
 .ARM.attributes
                0x0000000000000943       0x34 /usr/local/Cellar/arm-none-eabi-gcc/7-2018-q2-update/gcc/bin/../lib/gcc/arm-none-eabi/7.3.1/../../../../arm-none-eabi/lib/thumb/v7e-m/fpv4-sp/hard/libm.a(lib_a-ef_log.o)
 .ARM.attributes
                0x0000000000000977       0x34 /usr/local/Cellar/arm-none-eabi-gcc/7-2018-q2-update/gcc/bin/../lib/gcc/arm-none-eabi/7.3.1/../../../../arm-none-eabi/lib/thumb/v7e-m/fpv4-sp/hard/libm.a(lib_a-s_lib_ver.o)
 .ARM.attributes
                0x00000000000009ab       0x34 /usr/local/Cellar/arm-none-eabi-gcc/7-2018-q2-update/gcc/bin/../lib/gcc/arm-none-eabi/7.3.1/../../../../arm-none-eabi/lib/thumb/v7e-m/fpv4-sp/hard/libm.a(lib_a-s_matherr.o)
 .ARM.attributes
                0x00000000000009df       0x34 /usr/local/Cellar/arm-none-eabi-gcc/7-2018-q2-update/gcc/bin/../lib/gcc/arm-none-eabi/7.3.1/../../../../arm-none-eabi/lib/thumb/v7e-m/fpv4-sp/hard/libm.a(lib_a-s_nan.o)
 .ARM.attributes
                0x0000000000000a13       0x34 /usr/local/Cellar/arm-none-eabi-gcc/7-2018-q2-update/gcc/bin/../lib/gcc/arm-none-eabi/7.3.1/../../../../arm-none-eabi/lib/thumb/v7e-m/fpv4-sp/hard/libnosys.a(sbrk.o)
 .ARM.attributes
                0x0000000000000a47       0x22 /usr/local/Cellar/arm-none-eabi-gcc/7-2018-q2-update/gcc/bin/../lib/gcc/arm-none-eabi/7.3.1/thumb/v7e-m/fpv4-sp/hard/libgcc.a(_arm_addsubdf3.o)
 .ARM.attributes
                0x0000000000000a69       0x22 /usr/local/Cellar/arm-none-eabi-gcc/7-2018-q2-update/gcc/bin/../lib/gcc/arm-none-eabi/7.3.1/thumb/v7e-m/fpv4-sp/hard/libgcc.a(_arm_muldivdf3.o)
 .ARM.attributes
                0x0000000000000a8b       0x22 /usr/local/Cellar/arm-none-eabi-gcc/7-2018-q2-update/gcc/bin/../lib/gcc/arm-none-eabi/7.3.1/thumb/v7e-m/fpv4-sp/hard/libgcc.a(_arm_cmpdf2.o)
 .ARM.attributes
                0x0000000000000aad       0x22 /usr/local/Cellar/arm-none-eabi-gcc/7-2018-q2-update/gcc/bin/../lib/gcc/arm-none-eabi/7.3.1/thumb/v7e-m/fpv4-sp/hard/libgcc.a(_arm_fixdfsi.o)
 .ARM.attributes
                0x0000000000000acf       0x22 /usr/local/Cellar/arm-none-eabi-gcc/7-2018-q2-update/gcc/bin/../lib/gcc/arm-none-eabi/7.3.1/thumb/v7e-m/fpv4-sp/hard/libgcc.a(_arm_truncdfsf2.o)
 .ARM.attributes
                0x0000000000000af1       0x34 /usr/local/Cellar/arm-none-eabi-gcc/7-2018-q2-update/gcc/bin/../lib/gcc/arm-none-eabi/7.3.1/../../../../arm-none-eabi/lib/thumb/v7e-m/fpv4-sp/hard/libc_nano.a(lib_a-errno.o)
 .ARM.attributes
                0x0000000000000b25       0x22 /usr/local/Cellar/arm-none-eabi-gcc/7-2018-q2-update/gcc/bin/../lib/gcc/arm-none-eabi/7.3.1/thumb/v7e-m/fpv4-sp/hard/crtn.o
OUTPUT(build/screen.elf elf32-littlearm)

.debug_info     0x0000000000000000    0x2311c
 .debug_info    0x0000000000000000     0x2079 build/main.o
 .debug_info    0x0000000000002079      0xed9 build/stm32f3xx_it.o
 .debug_info    0x0000000000002f52      0xba7 build/stm32f3xx_hal_msp.o
 .debug_info    0x0000000000003af9      0xdbd build/system_stm32f3xx.o
 .debug_info    0x00000000000048b6     0x18a3 build/ssd1306.o
 .debug_info    0x0000000000006159     0x13f3 build/pitch.o
 .debug_info    0x000000000000754c      0x1c7 build/ips_font.o
 .debug_info    0x0000000000007713     0x1057 build/gpio.o
 .debug_info    0x000000000000876a     0x141b build/i2c.o
 .debug_info    0x0000000000009b85     0x181f build/sdadc.o
 .debug_info    0x000000000000b3a4     0x19dc build/tim.o
 .debug_info    0x000000000000cd80     0x3ccf build/stm32f3xx_hal_i2c.o
 .debug_info    0x0000000000010a4f     0x12a9 build/stm32f3xx_hal_i2c_ex.o
 .debug_info    0x0000000000011cf8     0x249b build/stm32f3xx_hal_sdadc.o
 .debug_info    0x0000000000014193     0x3b8c build/stm32f3xx_hal_tim.o
 .debug_info    0x0000000000017d1f     0x1cba build/stm32f3xx_hal_tim_ex.o
 .debug_info    0x00000000000199d9     0x122d build/stm32f3xx_hal.o
 .debug_info    0x000000000001ac06     0x1e24 build/stm32f3xx_hal_rcc.o
 .debug_info    0x000000000001ca2a     0x107f build/stm32f3xx_hal_rcc_ex.o
 .debug_info    0x000000000001daa9     0x1038 build/stm32f3xx_hal_gpio.o
 .debug_info    0x000000000001eae1     0x1203 build/stm32f3xx_hal_dma.o
 .debug_info    0x000000000001fce4     0x18cc build/stm32f3xx_hal_cortex.o
 .debug_info    0x00000000000215b0      0xd45 build/stm32f3xx_hal_pwr_ex.o
 .debug_info    0x00000000000222f5      0xe05 build/dma.o
 .debug_info    0x00000000000230fa       0x22 build/startup_stm32f373xc.o

.debug_abbrev   0x0000000000000000     0x3f4e
 .debug_abbrev  0x0000000000000000      0x347 build/main.o
 .debug_abbrev  0x0000000000000347      0x230 build/stm32f3xx_it.o
 .debug_abbrev  0x0000000000000577      0x1de build/stm32f3xx_hal_msp.o
 .debug_abbrev  0x0000000000000755      0x200 build/system_stm32f3xx.o
 .debug_abbrev  0x0000000000000955      0x2ea build/ssd1306.o
 .debug_abbrev  0x0000000000000c3f      0x2e7 build/pitch.o
 .debug_abbrev  0x0000000000000f26       0xac build/ips_font.o
 .debug_abbrev  0x0000000000000fd2      0x216 build/gpio.o
 .debug_abbrev  0x00000000000011e8      0x246 build/i2c.o
 .debug_abbrev  0x000000000000142e      0x284 build/sdadc.o
 .debug_abbrev  0x00000000000016b2      0x2d0 build/tim.o
 .debug_abbrev  0x0000000000001982      0x329 build/stm32f3xx_hal_i2c.o
 .debug_abbrev  0x0000000000001cab      0x238 build/stm32f3xx_hal_i2c_ex.o
 .debug_abbrev  0x0000000000001ee3      0x317 build/stm32f3xx_hal_sdadc.o
 .debug_abbrev  0x00000000000021fa      0x310 build/stm32f3xx_hal_tim.o
 .debug_abbrev  0x000000000000250a      0x2f8 build/stm32f3xx_hal_tim_ex.o
 .debug_abbrev  0x0000000000002802      0x2c3 build/stm32f3xx_hal.o
 .debug_abbrev  0x0000000000002ac5      0x37d build/stm32f3xx_hal_rcc.o
 .debug_abbrev  0x0000000000002e42      0x318 build/stm32f3xx_hal_rcc_ex.o
 .debug_abbrev  0x000000000000315a      0x2be build/stm32f3xx_hal_gpio.o
 .debug_abbrev  0x0000000000003418      0x2ec build/stm32f3xx_hal_dma.o
 .debug_abbrev  0x0000000000003704      0x3c0 build/stm32f3xx_hal_cortex.o
 .debug_abbrev  0x0000000000003ac4      0x262 build/stm32f3xx_hal_pwr_ex.o
 .debug_abbrev  0x0000000000003d26      0x216 build/dma.o
 .debug_abbrev  0x0000000000003f3c       0x12 build/startup_stm32f373xc.o

.debug_loc      0x0000000000000000     0xf653
 .debug_loc     0x0000000000000000       0xe6 build/main.o
 .debug_loc     0x00000000000000e6       0xc0 build/stm32f3xx_it.o
 .debug_loc     0x00000000000001a6       0x2c build/stm32f3xx_hal_msp.o
 .debug_loc     0x00000000000001d2       0xff build/system_stm32f3xx.o
 .debug_loc     0x00000000000002d1      0x613 build/ssd1306.o
 .debug_loc     0x00000000000008e4      0x477 build/pitch.o
 .debug_loc     0x0000000000000d5b       0x39 build/gpio.o
 .debug_loc     0x0000000000000d94       0xf8 build/i2c.o
 .debug_loc     0x0000000000000e8c      0x1f2 build/sdadc.o
 .debug_loc     0x000000000000107e      0x2e3 build/tim.o
 .debug_loc     0x0000000000001361     0x468e build/stm32f3xx_hal_i2c.o
 .debug_loc     0x00000000000059ef      0x274 build/stm32f3xx_hal_i2c_ex.o
 .debug_loc     0x0000000000005c63     0x1f1c build/stm32f3xx_hal_sdadc.o
 .debug_loc     0x0000000000007b7f     0x41b4 build/stm32f3xx_hal_tim.o
 .debug_loc     0x000000000000bd33     0x122d build/stm32f3xx_hal_tim_ex.o
 .debug_loc     0x000000000000cf60      0x19d build/stm32f3xx_hal.o
 .debug_loc     0x000000000000d0fd      0xa7b build/stm32f3xx_hal_rcc.o
 .debug_loc     0x000000000000db78      0x69c build/stm32f3xx_hal_rcc_ex.o
 .debug_loc     0x000000000000e214      0x441 build/stm32f3xx_hal_gpio.o
 .debug_loc     0x000000000000e655      0x8da build/stm32f3xx_hal_dma.o
 .debug_loc     0x000000000000ef2f      0x65e build/stm32f3xx_hal_cortex.o
 .debug_loc     0x000000000000f58d       0x8e build/stm32f3xx_hal_pwr_ex.o
 .debug_loc     0x000000000000f61b       0x38 build/dma.o

.debug_aranges  0x0000000000000000     0x1000
 .debug_aranges
                0x0000000000000000       0x50 build/main.o
 .debug_aranges
                0x0000000000000050       0x88 build/stm32f3xx_it.o
 .debug_aranges
                0x00000000000000d8       0x20 build/stm32f3xx_hal_msp.o
 .debug_aranges
                0x00000000000000f8       0x28 build/system_stm32f3xx.o
 .debug_aranges
                0x0000000000000120       0x78 build/ssd1306.o
 .debug_aranges
                0x0000000000000198       0x48 build/pitch.o
 .debug_aranges
                0x00000000000001e0       0x18 build/ips_font.o
 .debug_aranges
                0x00000000000001f8       0x20 build/gpio.o
 .debug_aranges
                0x0000000000000218       0x30 build/i2c.o
 .debug_aranges
                0x0000000000000248       0x40 build/sdadc.o
 .debug_aranges
                0x0000000000000288       0x70 build/tim.o
 .debug_aranges
                0x00000000000002f8      0x260 build/stm32f3xx_hal_i2c.o
 .debug_aranges
                0x0000000000000558       0x48 build/stm32f3xx_hal_i2c_ex.o
 .debug_aranges
                0x00000000000005a0      0x1f8 build/stm32f3xx_hal_sdadc.o
 .debug_aranges
                0x0000000000000798      0x378 build/stm32f3xx_hal_tim.o
 .debug_aranges
                0x0000000000000b10      0x130 build/stm32f3xx_hal_tim_ex.o
 .debug_aranges
                0x0000000000000c40       0xe0 build/stm32f3xx_hal.o
 .debug_aranges
                0x0000000000000d20       0x88 build/stm32f3xx_hal_rcc.o
 .debug_aranges
                0x0000000000000da8       0x38 build/stm32f3xx_hal_rcc_ex.o
 .debug_aranges
                0x0000000000000de0       0x58 build/stm32f3xx_hal_gpio.o
 .debug_aranges
                0x0000000000000e38       0x88 build/stm32f3xx_hal_dma.o
 .debug_aranges
                0x0000000000000ec0       0xa8 build/stm32f3xx_hal_cortex.o
 .debug_aranges
                0x0000000000000f68       0x50 build/stm32f3xx_hal_pwr_ex.o
 .debug_aranges
                0x0000000000000fb8       0x20 build/dma.o
 .debug_aranges
                0x0000000000000fd8       0x28 build/startup_stm32f373xc.o

.debug_ranges   0x0000000000000000      0xf38
 .debug_ranges  0x0000000000000000       0x70 build/main.o
 .debug_ranges  0x0000000000000070       0x78 build/stm32f3xx_it.o
 .debug_ranges  0x00000000000000e8       0x10 build/stm32f3xx_hal_msp.o
 .debug_ranges  0x00000000000000f8       0x18 build/system_stm32f3xx.o
 .debug_ranges  0x0000000000000110       0x68 build/ssd1306.o
 .debug_ranges  0x0000000000000178       0x38 build/pitch.o
 .debug_ranges  0x00000000000001b0       0x10 build/gpio.o
 .debug_ranges  0x00000000000001c0       0x20 build/i2c.o
 .debug_ranges  0x00000000000001e0       0x30 build/sdadc.o
 .debug_ranges  0x0000000000000210       0x60 build/tim.o
 .debug_ranges  0x0000000000000270      0x250 build/stm32f3xx_hal_i2c.o
 .debug_ranges  0x00000000000004c0       0x38 build/stm32f3xx_hal_i2c_ex.o
 .debug_ranges  0x00000000000004f8      0x1e8 build/stm32f3xx_hal_sdadc.o
 .debug_ranges  0x00000000000006e0      0x368 build/stm32f3xx_hal_tim.o
 .debug_ranges  0x0000000000000a48      0x120 build/stm32f3xx_hal_tim_ex.o
 .debug_ranges  0x0000000000000b68       0xd0 build/stm32f3xx_hal.o
 .debug_ranges  0x0000000000000c38       0x98 build/stm32f3xx_hal_rcc.o
 .debug_ranges  0x0000000000000cd0       0x40 build/stm32f3xx_hal_rcc_ex.o
 .debug_ranges  0x0000000000000d10       0x48 build/stm32f3xx_hal_gpio.o
 .debug_ranges  0x0000000000000d58       0x78 build/stm32f3xx_hal_dma.o
 .debug_ranges  0x0000000000000dd0       0xf8 build/stm32f3xx_hal_cortex.o
 .debug_ranges  0x0000000000000ec8       0x40 build/stm32f3xx_hal_pwr_ex.o
 .debug_ranges  0x0000000000000f08       0x10 build/dma.o
 .debug_ranges  0x0000000000000f18       0x20 build/startup_stm32f373xc.o

.debug_line     0x0000000000000000     0x8671
 .debug_line    0x0000000000000000      0x48d build/main.o
 .debug_line    0x000000000000048d      0x369 build/stm32f3xx_it.o
 .debug_line    0x00000000000007f6      0x249 build/stm32f3xx_hal_msp.o
 .debug_line    0x0000000000000a3f      0x273 build/system_stm32f3xx.o
 .debug_line    0x0000000000000cb2      0x431 build/ssd1306.o
 .debug_line    0x00000000000010e3      0x3e6 build/pitch.o
 .debug_line    0x00000000000014c9      0x10c build/ips_font.o
 .debug_line    0x00000000000015d5      0x28d build/gpio.o
 .debug_line    0x0000000000001862      0x311 build/i2c.o
 .debug_line    0x0000000000001b73      0x39c build/sdadc.o
 .debug_line    0x0000000000001f0f      0x42d build/tim.o
 .debug_line    0x000000000000233c     0x140c build/stm32f3xx_hal_i2c.o
 .debug_line    0x0000000000003748      0x3e1 build/stm32f3xx_hal_i2c_ex.o
 .debug_line    0x0000000000003b29      0xb63 build/stm32f3xx_hal_sdadc.o
 .debug_line    0x000000000000468c     0x13bd build/stm32f3xx_hal_tim.o
 .debug_line    0x0000000000005a49      0x7e3 build/stm32f3xx_hal_tim_ex.o
 .debug_line    0x000000000000622c      0x459 build/stm32f3xx_hal.o
 .debug_line    0x0000000000006685      0x79d build/stm32f3xx_hal_rcc.o
 .debug_line    0x0000000000006e22      0x4ea build/stm32f3xx_hal_rcc_ex.o
 .debug_line    0x000000000000730c      0x3f4 build/stm32f3xx_hal_gpio.o
 .debug_line    0x0000000000007700      0x4ed build/stm32f3xx_hal_dma.o
 .debug_line    0x0000000000007bed      0x4ad build/stm32f3xx_hal_cortex.o
 .debug_line    0x000000000000809a      0x30b build/stm32f3xx_hal_pwr_ex.o
 .debug_line    0x00000000000083a5      0x259 build/dma.o
 .debug_line    0x00000000000085fe       0x73 build/startup_stm32f373xc.o

.debug_str      0x0000000000000000     0x4c52
 .debug_str     0x0000000000000000     0x1495 build/main.o
                                       0x15a5 (size before relaxing)
 .debug_str     0x0000000000001495      0x193 build/stm32f3xx_it.o
                                        0x99a (size before relaxing)
 .debug_str     0x0000000000001628       0x7e build/stm32f3xx_hal_msp.o
                                        0x6bf (size before relaxing)
 .debug_str     0x00000000000016a6       0xab build/system_stm32f3xx.o
                                        0x749 (size before relaxing)
 .debug_str     0x0000000000001751      0x14b build/ssd1306.o
                                        0xd15 (size before relaxing)
 .debug_str     0x000000000000189c      0x10d build/pitch.o
                                        0xcfc (size before relaxing)
 .debug_str     0x00000000000019a9       0x2c build/ips_font.o
                                        0x1f3 (size before relaxing)
 .debug_str     0x00000000000019d5      0x474 build/gpio.o
                                        0xb3f (size before relaxing)
 .debug_str     0x0000000000001e49       0xb3 build/i2c.o
                                        0xca3 (size before relaxing)
 .debug_str     0x0000000000001efc      0x191 build/sdadc.o
                                        0xd9e (size before relaxing)
 .debug_str     0x000000000000208d      0x292 build/tim.o
                                        0xdfb (size before relaxing)
 .debug_str     0x000000000000231f      0x7a7 build/stm32f3xx_hal_i2c.o
                                       0x1321 (size before relaxing)
 .debug_str     0x0000000000002ac6       0xb5 build/stm32f3xx_hal_i2c_ex.o
                                        0xc8e (size before relaxing)
 .debug_str     0x0000000000002b7b      0x50d build/stm32f3xx_hal_sdadc.o
                                       0x1264 (size before relaxing)
 .debug_str     0x0000000000003088      0xb8d build/stm32f3xx_hal_tim.o
                                       0x1840 (size before relaxing)
 .debug_str     0x0000000000003c15      0x437 build/stm32f3xx_hal_tim_ex.o
                                       0x1042 (size before relaxing)
 .debug_str     0x000000000000404c      0x24a build/stm32f3xx_hal.o
                                        0xd67 (size before relaxing)
 .debug_str     0x0000000000004296      0x1d1 build/stm32f3xx_hal_rcc.o
                                        0xacc (size before relaxing)
 .debug_str     0x0000000000004467       0xbc build/stm32f3xx_hal_rcc_ex.o
                                        0x96c (size before relaxing)
 .debug_str     0x0000000000004523       0xec build/stm32f3xx_hal_gpio.o
                                        0x8c5 (size before relaxing)
 .debug_str     0x000000000000460f      0x1e5 build/stm32f3xx_hal_dma.o
                                        0xad4 (size before relaxing)
 .debug_str     0x00000000000047f4      0x354 build/stm32f3xx_hal_cortex.o
                                        0xf85 (size before relaxing)
 .debug_str     0x0000000000004b48       0xdc build/stm32f3xx_hal_pwr_ex.o
                                        0x7c1 (size before relaxing)
 .debug_str     0x0000000000004c24        0xa build/dma.o
                                        0xaae (size before relaxing)
 .debug_str     0x0000000000004c2e       0x24 build/startup_stm32f373xc.o
                                         0x49 (size before relaxing)

.comment        0x0000000000000000       0x7f
 .comment       0x0000000000000000       0x7f build/main.o
                                         0x80 (size before relaxing)
 .comment       0x000000000000007f       0x80 build/stm32f3xx_it.o
 .comment       0x000000000000007f       0x80 build/stm32f3xx_hal_msp.o
 .comment       0x000000000000007f       0x80 build/system_stm32f3xx.o
 .comment       0x000000000000007f       0x80 build/ssd1306.o
 .comment       0x000000000000007f       0x80 build/pitch.o
 .comment       0x000000000000007f       0x80 build/ips_font.o
 .comment       0x000000000000007f       0x80 build/gpio.o
 .comment       0x000000000000007f       0x80 build/i2c.o
 .comment       0x000000000000007f       0x80 build/sdadc.o
 .comment       0x000000000000007f       0x80 build/tim.o
 .comment       0x000000000000007f       0x80 build/stm32f3xx_hal_i2c.o
 .comment       0x000000000000007f       0x80 build/stm32f3xx_hal_i2c_ex.o
 .comment       0x000000000000007f       0x80 build/stm32f3xx_hal_sdadc.o
 .comment       0x000000000000007f       0x80 build/stm32f3xx_hal_tim.o
 .comment       0x000000000000007f       0x80 build/stm32f3xx_hal_tim_ex.o
 .comment       0x000000000000007f       0x80 build/stm32f3xx_hal.o
 .comment       0x000000000000007f       0x80 build/stm32f3xx_hal_rcc.o
 .comment       0x000000000000007f       0x80 build/stm32f3xx_hal_rcc_ex.o
 .comment       0x000000000000007f       0x80 build/stm32f3xx_hal_gpio.o
 .comment       0x000000000000007f       0x80 build/stm32f3xx_hal_dma.o
 .comment       0x000000000000007f       0x80 build/stm32f3xx_hal_cortex.o
 .comment       0x000000000000007f       0x80 build/stm32f3xx_hal_pwr_ex.o
 .comment       0x000000000000007f       0x80 build/dma.o

.debug_frame    0x0000000000000000     0x38c8
 .debug_frame   0x0000000000000000       0xc4 build/main.o
 .debug_frame   0x00000000000000c4      0x138 build/stm32f3xx_it.o
 .debug_frame   0x00000000000001fc       0x28 build/stm32f3xx_hal_msp.o
 .debug_frame   0x0000000000000224       0x30 build/system_stm32f3xx.o
 .debug_frame   0x0000000000000254      0x170 build/ssd1306.o
 .debug_frame   0x00000000000003c4       0xbc build/pitch.o
 .debug_frame   0x0000000000000480       0x3c build/gpio.o
 .debug_frame   0x00000000000004bc       0x6c build/i2c.o
 .debug_frame   0x0000000000000528       0xb8 build/sdadc.o
 .debug_frame   0x00000000000005e0      0x148 build/tim.o
 .debug_frame   0x0000000000000728      0x968 build/stm32f3xx_hal_i2c.o
 .debug_frame   0x0000000000001090       0x80 build/stm32f3xx_hal_i2c_ex.o
 .debug_frame   0x0000000000001110      0x63c build/stm32f3xx_hal_sdadc.o
 .debug_frame   0x000000000000174c      0xb4c build/stm32f3xx_hal_tim.o
 .debug_frame   0x0000000000002298      0x3bc build/stm32f3xx_hal_tim_ex.o
 .debug_frame   0x0000000000002654      0x1e0 build/stm32f3xx_hal.o
 .debug_frame   0x0000000000002834      0x19c build/stm32f3xx_hal_rcc.o
 .debug_frame   0x00000000000029d0       0x88 build/stm32f3xx_hal_rcc_ex.o
 .debug_frame   0x0000000000002a58      0x10c build/stm32f3xx_hal_gpio.o
 .debug_frame   0x0000000000002b64      0x190 build/stm32f3xx_hal_dma.o
 .debug_frame   0x0000000000002cf4      0x16c build/stm32f3xx_hal_cortex.o
 .debug_frame   0x0000000000002e60       0x94 build/stm32f3xx_hal_pwr_ex.o
 .debug_frame   0x0000000000002ef4       0x2c build/dma.o
 .debug_frame   0x0000000000002f20       0xcc /usr/local/Cellar/arm-none-eabi-gcc/7-2018-q2-update/gcc/bin/../lib/gcc/arm-none-eabi/7.3.1/../../../../arm-none-eabi/lib/thumb/v7e-m/fpv4-sp/hard/libc_nano.a(lib_a-efgcvt.o)
 .debug_frame   0x0000000000002fec       0x2c /usr/local/Cellar/arm-none-eabi-gcc/7-2018-q2-update/gcc/bin/../lib/gcc/arm-none-eabi/7.3.1/../../../../arm-none-eabi/lib/thumb/v7e-m/fpv4-sp/hard/libc_nano.a(lib_a-init.o)
 .debug_frame   0x0000000000003018       0x20 /usr/local/Cellar/arm-none-eabi-gcc/7-2018-q2-update/gcc/bin/../lib/gcc/arm-none-eabi/7.3.1/../../../../arm-none-eabi/lib/thumb/v7e-m/fpv4-sp/hard/libc_nano.a(lib_a-memset.o)
 .debug_frame   0x0000000000003038      0x108 /usr/local/Cellar/arm-none-eabi-gcc/7-2018-q2-update/gcc/bin/../lib/gcc/arm-none-eabi/7.3.1/../../../../arm-none-eabi/lib/thumb/v7e-m/fpv4-sp/hard/libc_nano.a(lib_a-ecvtbuf.o)
 .debug_frame   0x0000000000003140      0x244 /usr/local/Cellar/arm-none-eabi-gcc/7-2018-q2-update/gcc/bin/../lib/gcc/arm-none-eabi/7.3.1/../../../../arm-none-eabi/lib/thumb/v7e-m/fpv4-sp/hard/libc_nano.a(lib_a-mprec.o)
 .debug_frame   0x0000000000003384       0x2c /usr/local/Cellar/arm-none-eabi-gcc/7-2018-q2-update/gcc/bin/../lib/gcc/arm-none-eabi/7.3.1/../../../../arm-none-eabi/lib/thumb/v7e-m/fpv4-sp/hard/libc_nano.a(lib_a-nano-callocr.o)
 .debug_frame   0x00000000000033b0       0x2c /usr/local/Cellar/arm-none-eabi-gcc/7-2018-q2-update/gcc/bin/../lib/gcc/arm-none-eabi/7.3.1/../../../../arm-none-eabi/lib/thumb/v7e-m/fpv4-sp/hard/libc_nano.a(lib_a-nano-mallocr.o)
 .debug_frame   0x00000000000033dc       0x2c /usr/local/Cellar/arm-none-eabi-gcc/7-2018-q2-update/gcc/bin/../lib/gcc/arm-none-eabi/7.3.1/../../../../arm-none-eabi/lib/thumb/v7e-m/fpv4-sp/hard/libc_nano.a(lib_a-sbrkr.o)
 .debug_frame   0x0000000000003408       0x20 /usr/local/Cellar/arm-none-eabi-gcc/7-2018-q2-update/gcc/bin/../lib/gcc/arm-none-eabi/7.3.1/../../../../arm-none-eabi/lib/thumb/v7e-m/fpv4-sp/hard/libc_nano.a(lib_a-strcpy.o)
 .debug_frame   0x0000000000003428       0x70 /usr/local/Cellar/arm-none-eabi-gcc/7-2018-q2-update/gcc/bin/../lib/gcc/arm-none-eabi/7.3.1/../../../../arm-none-eabi/lib/thumb/v7e-m/fpv4-sp/hard/libc_nano.a(lib_a-dtoa.o)
 .debug_frame   0x0000000000003498       0x30 /usr/local/Cellar/arm-none-eabi-gcc/7-2018-q2-update/gcc/bin/../lib/gcc/arm-none-eabi/7.3.1/../../../../arm-none-eabi/lib/thumb/v7e-m/fpv4-sp/hard/libc_nano.a(lib_a-malloc.o)
 .debug_frame   0x00000000000034c8       0x28 /usr/local/Cellar/arm-none-eabi-gcc/7-2018-q2-update/gcc/bin/../lib/gcc/arm-none-eabi/7.3.1/../../../../arm-none-eabi/lib/thumb/v7e-m/fpv4-sp/hard/libc_nano.a(lib_a-memcpy-stub.o)
 .debug_frame   0x00000000000034f0       0x30 /usr/local/Cellar/arm-none-eabi-gcc/7-2018-q2-update/gcc/bin/../lib/gcc/arm-none-eabi/7.3.1/../../../../arm-none-eabi/lib/thumb/v7e-m/fpv4-sp/hard/libc_nano.a(lib_a-mlock.o)
 .debug_frame   0x0000000000003520       0x5c /usr/local/Cellar/arm-none-eabi-gcc/7-2018-q2-update/gcc/bin/../lib/gcc/arm-none-eabi/7.3.1/../../../../arm-none-eabi/lib/thumb/v7e-m/fpv4-sp/hard/libc_nano.a(lib_a-reent.o)
 .debug_frame   0x000000000000357c       0x28 /usr/local/Cellar/arm-none-eabi-gcc/7-2018-q2-update/gcc/bin/../lib/gcc/arm-none-eabi/7.3.1/../../../../arm-none-eabi/lib/thumb/v7e-m/fpv4-sp/hard/libm.a(lib_a-wf_log2.o)
 .debug_frame   0x00000000000035a4       0x50 /usr/local/Cellar/arm-none-eabi-gcc/7-2018-q2-update/gcc/bin/../lib/gcc/arm-none-eabi/7.3.1/../../../../arm-none-eabi/lib/thumb/v7e-m/fpv4-sp/hard/libm.a(lib_a-wf_log.o)
 .debug_frame   0x00000000000035f4       0x4c /usr/local/Cellar/arm-none-eabi-gcc/7-2018-q2-update/gcc/bin/../lib/gcc/arm-none-eabi/7.3.1/../../../../arm-none-eabi/lib/thumb/v7e-m/fpv4-sp/hard/libm.a(lib_a-ef_log.o)
 .debug_frame   0x0000000000003640       0x20 /usr/local/Cellar/arm-none-eabi-gcc/7-2018-q2-update/gcc/bin/../lib/gcc/arm-none-eabi/7.3.1/../../../../arm-none-eabi/lib/thumb/v7e-m/fpv4-sp/hard/libm.a(lib_a-s_matherr.o)
 .debug_frame   0x0000000000003660       0x20 /usr/local/Cellar/arm-none-eabi-gcc/7-2018-q2-update/gcc/bin/../lib/gcc/arm-none-eabi/7.3.1/../../../../arm-none-eabi/lib/thumb/v7e-m/fpv4-sp/hard/libm.a(lib_a-s_nan.o)
 .debug_frame   0x0000000000003680       0x20 /usr/local/Cellar/arm-none-eabi-gcc/7-2018-q2-update/gcc/bin/../lib/gcc/arm-none-eabi/7.3.1/../../../../arm-none-eabi/lib/thumb/v7e-m/fpv4-sp/hard/libnosys.a(sbrk.o)
 .debug_frame   0x00000000000036a0       0xac /usr/local/Cellar/arm-none-eabi-gcc/7-2018-q2-update/gcc/bin/../lib/gcc/arm-none-eabi/7.3.1/thumb/v7e-m/fpv4-sp/hard/libgcc.a(_arm_addsubdf3.o)
 .debug_frame   0x000000000000374c       0x50 /usr/local/Cellar/arm-none-eabi-gcc/7-2018-q2-update/gcc/bin/../lib/gcc/arm-none-eabi/7.3.1/thumb/v7e-m/fpv4-sp/hard/libgcc.a(_arm_muldivdf3.o)
 .debug_frame   0x000000000000379c       0xc4 /usr/local/Cellar/arm-none-eabi-gcc/7-2018-q2-update/gcc/bin/../lib/gcc/arm-none-eabi/7.3.1/thumb/v7e-m/fpv4-sp/hard/libgcc.a(_arm_cmpdf2.o)
 .debug_frame   0x0000000000003860       0x24 /usr/local/Cellar/arm-none-eabi-gcc/7-2018-q2-update/gcc/bin/../lib/gcc/arm-none-eabi/7.3.1/thumb/v7e-m/fpv4-sp/hard/libgcc.a(_arm_fixdfsi.o)
 .debug_frame   0x0000000000003884       0x24 /usr/local/Cellar/arm-none-eabi-gcc/7-2018-q2-update/gcc/bin/../lib/gcc/arm-none-eabi/7.3.1/thumb/v7e-m/fpv4-sp/hard/libgcc.a(_arm_truncdfsf2.o)
 .debug_frame   0x00000000000038a8       0x20 /usr/local/Cellar/arm-none-eabi-gcc/7-2018-q2-update/gcc/bin/../lib/gcc/arm-none-eabi/7.3.1/../../../../arm-none-eabi/lib/thumb/v7e-m/fpv4-sp/hard/libc_nano.a(lib_a-errno.o)

Cross Reference Table

Symbol                                            File
ADC1_IRQHandler                                   build/startup_stm32f373xc.o
AHBPrescTable                                     build/system_stm32f3xx.o
                                                  build/stm32f3xx_hal_rcc.o
APBPrescTable                                     build/system_stm32f3xx.o
                                                  build/stm32f3xx_hal_rcc.o
BusFault_Handler                                  build/stm32f3xx_it.o
CAN_RX0_IRQHandler                                build/startup_stm32f373xc.o
CAN_RX1_IRQHandler                                build/startup_stm32f373xc.o
CAN_SCE_IRQHandler                                build/startup_stm32f373xc.o
CAN_TX_IRQHandler                                 build/startup_stm32f373xc.o
CEC_IRQHandler                                    build/startup_stm32f373xc.o
COMP1_2_IRQHandler                                build/startup_stm32f373xc.o
DMA1_Channel1_IRQHandler                          build/startup_stm32f373xc.o
DMA1_Channel2_IRQHandler                          build/startup_stm32f373xc.o
DMA1_Channel3_IRQHandler                          build/startup_stm32f373xc.o
DMA1_Channel4_IRQHandler                          build/startup_stm32f373xc.o
DMA1_Channel5_IRQHandler                          build/startup_stm32f373xc.o
DMA1_Channel6_IRQHandler                          build/startup_stm32f373xc.o
DMA1_Channel7_IRQHandler                          build/startup_stm32f373xc.o
DMA2_Channel1_IRQHandler                          build/startup_stm32f373xc.o
DMA2_Channel2_IRQHandler                          build/startup_stm32f373xc.o
DMA2_Channel3_IRQHandler                          build/stm32f3xx_it.o
DMA2_Channel4_IRQHandler                          build/stm32f3xx_it.o
DMA2_Channel5_IRQHandler                          build/stm32f3xx_it.o
DebugMon_Handler                                  build/stm32f3xx_it.o
Default_Handler                                   build/startup_stm32f373xc.o
EXTI0_IRQHandler                                  build/startup_stm32f373xc.o
EXTI15_10_IRQHandler                              build/startup_stm32f373xc.o
EXTI1_IRQHandler                                  build/startup_stm32f373xc.o
EXTI2_TSC_IRQHandler                              build/startup_stm32f373xc.o
EXTI3_IRQHandler                                  build/stm32f3xx_it.o
EXTI4_IRQHandler                                  build/startup_stm32f373xc.o
EXTI9_5_IRQHandler                                build/stm32f3xx_it.o
Error_Handler                                     build/main.o
                                                  build/tim.o
                                                  build/sdadc.o
                                                  build/i2c.o
FLASH_IRQHandler                                  build/startup_stm32f373xc.o
FLASH_PageErase                                   build/stm32f3xx_hal_flash_ex.o
                                                  build/stm32f3xx_hal_flash.o
FLASH_WaitForLastOperation                        build/stm32f3xx_hal_flash.o
                                                  build/stm32f3xx_hal_flash_ex.o
FPU_IRQHandler                                    build/startup_stm32f373xc.o
Font_11x18                                        build/ips_font.o
Font_16x26                                        build/ips_font.o
Font_7x10                                         build/ips_font.o
                                                  build/main.o
HAL_DBGMCU_DisableDBGSleepMode                    build/stm32f3xx_hal.o
HAL_DBGMCU_DisableDBGStandbyMode                  build/stm32f3xx_hal.o
HAL_DBGMCU_DisableDBGStopMode                     build/stm32f3xx_hal.o
HAL_DBGMCU_EnableDBGSleepMode                     build/stm32f3xx_hal.o
HAL_DBGMCU_EnableDBGStandbyMode                   build/stm32f3xx_hal.o
HAL_DBGMCU_EnableDBGStopMode                      build/stm32f3xx_hal.o
HAL_DMA_Abort                                     build/stm32f3xx_hal_dma.o
                                                  build/stm32f3xx_hal_tim.o
                                                  build/stm32f3xx_hal_sdadc.o
HAL_DMA_Abort_IT                                  build/stm32f3xx_hal_dma.o
                                                  build/stm32f3xx_hal_i2c.o
HAL_DMA_DeInit                                    build/stm32f3xx_hal_dma.o
                                                  build/sdadc.o
HAL_DMA_GetError                                  build/stm32f3xx_hal_dma.o
HAL_DMA_GetState                                  build/stm32f3xx_hal_dma.o
HAL_DMA_IRQHandler                                build/stm32f3xx_hal_dma.o
                                                  build/stm32f3xx_it.o
HAL_DMA_Init                                      build/stm32f3xx_hal_dma.o
                                                  build/sdadc.o
HAL_DMA_PollForTransfer                           build/stm32f3xx_hal_dma.o
HAL_DMA_RegisterCallback                          build/stm32f3xx_hal_dma.o
HAL_DMA_Start                                     build/stm32f3xx_hal_dma.o
HAL_DMA_Start_IT                                  build/stm32f3xx_hal_dma.o
                                                  build/stm32f3xx_hal_tim_ex.o
                                                  build/stm32f3xx_hal_tim.o
                                                  build/stm32f3xx_hal_sdadc.o
                                                  build/stm32f3xx_hal_i2c.o
HAL_DMA_UnRegisterCallback                        build/stm32f3xx_hal_dma.o
HAL_DeInit                                        build/stm32f3xx_hal.o
HAL_Delay                                         build/stm32f3xx_hal.o
                                                  build/stm32f3xx_hal_sdadc.o
                                                  build/ssd1306.o
HAL_FLASHEx_Erase                                 build/stm32f3xx_hal_flash_ex.o
HAL_FLASHEx_Erase_IT                              build/stm32f3xx_hal_flash_ex.o
HAL_FLASHEx_OBErase                               build/stm32f3xx_hal_flash_ex.o
HAL_FLASHEx_OBGetConfig                           build/stm32f3xx_hal_flash_ex.o
HAL_FLASHEx_OBGetUserData                         build/stm32f3xx_hal_flash_ex.o
HAL_FLASHEx_OBProgram                             build/stm32f3xx_hal_flash_ex.o
HAL_FLASH_EndOfOperationCallback                  build/stm32f3xx_hal_flash.o
HAL_FLASH_GetError                                build/stm32f3xx_hal_flash.o
HAL_FLASH_IRQHandler                              build/stm32f3xx_hal_flash.o
HAL_FLASH_Lock                                    build/stm32f3xx_hal_flash.o
HAL_FLASH_OB_Launch                               build/stm32f3xx_hal_flash.o
HAL_FLASH_OB_Lock                                 build/stm32f3xx_hal_flash.o
HAL_FLASH_OB_Unlock                               build/stm32f3xx_hal_flash.o
HAL_FLASH_OperationErrorCallback                  build/stm32f3xx_hal_flash.o
HAL_FLASH_Program                                 build/stm32f3xx_hal_flash.o
HAL_FLASH_Program_IT                              build/stm32f3xx_hal_flash.o
HAL_FLASH_Unlock                                  build/stm32f3xx_hal_flash.o
HAL_GPIO_DeInit                                   build/stm32f3xx_hal_gpio.o
                                                  build/tim.o
                                                  build/sdadc.o
                                                  build/i2c.o
HAL_GPIO_EXTI_Callback                            build/main.o
HAL_GPIO_EXTI_IRQHandler                          build/stm32f3xx_hal_gpio.o
                                                  build/stm32f3xx_it.o
HAL_GPIO_Init                                     build/stm32f3xx_hal_gpio.o
                                                  build/stm32f3xx_hal_rcc.o
                                                  build/tim.o
                                                  build/sdadc.o
                                                  build/i2c.o
                                                  build/gpio.o
HAL_GPIO_LockPin                                  build/stm32f3xx_hal_gpio.o
HAL_GPIO_ReadPin                                  build/stm32f3xx_hal_gpio.o
HAL_GPIO_TogglePin                                build/stm32f3xx_hal_gpio.o
HAL_GPIO_WritePin                                 build/stm32f3xx_hal_gpio.o
HAL_GetDEVID                                      build/stm32f3xx_hal.o
HAL_GetHalVersion                                 build/stm32f3xx_hal.o
HAL_GetREVID                                      build/stm32f3xx_hal.o
HAL_GetTick                                       build/stm32f3xx_hal.o
                                                  build/stm32f3xx_hal_flash.o
                                                  build/stm32f3xx_hal_dma.o
                                                  build/stm32f3xx_hal_rcc_ex.o
                                                  build/stm32f3xx_hal_rcc.o
                                                  build/stm32f3xx_hal_sdadc.o
                                                  build/stm32f3xx_hal_i2c.o
                                                  build/main.o
HAL_GetTickFreq                                   build/stm32f3xx_hal.o
HAL_GetTickPrio                                   build/stm32f3xx_hal.o
HAL_GetUIDw0                                      build/stm32f3xx_hal.o
HAL_GetUIDw1                                      build/stm32f3xx_hal.o
HAL_GetUIDw2                                      build/stm32f3xx_hal.o
HAL_I2CEx_ConfigAnalogFilter                      build/stm32f3xx_hal_i2c_ex.o
                                                  build/i2c.o
HAL_I2CEx_ConfigDigitalFilter                     build/stm32f3xx_hal_i2c_ex.o
                                                  build/i2c.o
HAL_I2CEx_DisableFastModePlus                     build/stm32f3xx_hal_i2c_ex.o
HAL_I2CEx_DisableWakeUp                           build/stm32f3xx_hal_i2c_ex.o
HAL_I2CEx_EnableFastModePlus                      build/stm32f3xx_hal_i2c_ex.o
HAL_I2CEx_EnableWakeUp                            build/stm32f3xx_hal_i2c_ex.o