Archive member included to satisfy reference by file (symbol)

/usr/local/Caskroom/gcc-arm-embedded/10-2020-q4-major/gcc-arm-none-eabi-10-2020-q4-major/bin/../lib/gcc/arm-none-eabi/10.2.1/../../../../arm-none-eabi/lib/thumb/v7e-m+fp/hard/libc_nano.a(lib_a-efgcvt.o)
                              build/main.o (gcvt)
/usr/local/Caskroom/gcc-arm-embedded/10-2020-q4-major/gcc-arm-none-eabi-10-2020-q4-major/bin/../lib/gcc/arm-none-eabi/10.2.1/../../../../arm-none-eabi/lib/thumb/v7e-m+fp/hard/libc_nano.a(lib_a-exit.o)
                              /usr/local/Caskroom/gcc-arm-embedded/10-2020-q4-major/gcc-arm-none-eabi-10-2020-q4-major/bin/../lib/gcc/arm-none-eabi/10.2.1/../../../../arm-none-eabi/lib/thumb/v7e-m+fp/hard/crt0.o (exit)
/usr/local/Caskroom/gcc-arm-embedded/10-2020-q4-major/gcc-arm-none-eabi-10-2020-q4-major/bin/../lib/gcc/arm-none-eabi/10.2.1/../../../../arm-none-eabi/lib/thumb/v7e-m+fp/hard/libc_nano.a(lib_a-impure.o)
                              /usr/local/Caskroom/gcc-arm-embedded/10-2020-q4-major/gcc-arm-none-eabi-10-2020-q4-major/bin/../lib/gcc/arm-none-eabi/10.2.1/../../../../arm-none-eabi/lib/thumb/v7e-m+fp/hard/libc_nano.a(lib_a-exit.o) (_global_impure_ptr)
/usr/local/Caskroom/gcc-arm-embedded/10-2020-q4-major/gcc-arm-none-eabi-10-2020-q4-major/bin/../lib/gcc/arm-none-eabi/10.2.1/../../../../arm-none-eabi/lib/thumb/v7e-m+fp/hard/libc_nano.a(lib_a-init.o)
                              /usr/local/Caskroom/gcc-arm-embedded/10-2020-q4-major/gcc-arm-none-eabi-10-2020-q4-major/bin/../lib/gcc/arm-none-eabi/10.2.1/../../../../arm-none-eabi/lib/thumb/v7e-m+fp/hard/crt0.o (__libc_init_array)
/usr/local/Caskroom/gcc-arm-embedded/10-2020-q4-major/gcc-arm-none-eabi-10-2020-q4-major/bin/../lib/gcc/arm-none-eabi/10.2.1/../../../../arm-none-eabi/lib/thumb/v7e-m+fp/hard/libc_nano.a(lib_a-memset.o)
                              /usr/local/Caskroom/gcc-arm-embedded/10-2020-q4-major/gcc-arm-none-eabi-10-2020-q4-major/bin/../lib/gcc/arm-none-eabi/10.2.1/../../../../arm-none-eabi/lib/thumb/v7e-m+fp/hard/crt0.o (memset)
/usr/local/Caskroom/gcc-arm-embedded/10-2020-q4-major/gcc-arm-none-eabi-10-2020-q4-major/bin/../lib/gcc/arm-none-eabi/10.2.1/../../../../arm-none-eabi/lib/thumb/v7e-m+fp/hard/libc_nano.a(lib_a-ecvtbuf.o)
                              /usr/local/Caskroom/gcc-arm-embedded/10-2020-q4-major/gcc-arm-none-eabi-10-2020-q4-major/bin/../lib/gcc/arm-none-eabi/10.2.1/../../../../arm-none-eabi/lib/thumb/v7e-m+fp/hard/libc_nano.a(lib_a-efgcvt.o) (fcvtbuf)
/usr/local/Caskroom/gcc-arm-embedded/10-2020-q4-major/gcc-arm-none-eabi-10-2020-q4-major/bin/../lib/gcc/arm-none-eabi/10.2.1/../../../../arm-none-eabi/lib/thumb/v7e-m+fp/hard/libc_nano.a(lib_a-mprec.o)
                              /usr/local/Caskroom/gcc-arm-embedded/10-2020-q4-major/gcc-arm-none-eabi-10-2020-q4-major/bin/../lib/gcc/arm-none-eabi/10.2.1/../../../../arm-none-eabi/lib/thumb/v7e-m+fp/hard/libc_nano.a(lib_a-ecvtbuf.o) (_mprec_log10)
/usr/local/Caskroom/gcc-arm-embedded/10-2020-q4-major/gcc-arm-none-eabi-10-2020-q4-major/bin/../lib/gcc/arm-none-eabi/10.2.1/../../../../arm-none-eabi/lib/thumb/v7e-m+fp/hard/libc_nano.a(lib_a-nano-callocr.o)
                              /usr/local/Caskroom/gcc-arm-embedded/10-2020-q4-major/gcc-arm-none-eabi-10-2020-q4-major/bin/../lib/gcc/arm-none-eabi/10.2.1/../../../../arm-none-eabi/lib/thumb/v7e-m+fp/hard/libc_nano.a(lib_a-mprec.o) (_calloc_r)
/usr/local/Caskroom/gcc-arm-embedded/10-2020-q4-major/gcc-arm-none-eabi-10-2020-q4-major/bin/../lib/gcc/arm-none-eabi/10.2.1/../../../../arm-none-eabi/lib/thumb/v7e-m+fp/hard/libc_nano.a(lib_a-nano-mallocr.o)
                              /usr/local/Caskroom/gcc-arm-embedded/10-2020-q4-major/gcc-arm-none-eabi-10-2020-q4-major/bin/../lib/gcc/arm-none-eabi/10.2.1/../../../../arm-none-eabi/lib/thumb/v7e-m+fp/hard/libc_nano.a(lib_a-nano-callocr.o) (_malloc_r)
/usr/local/Caskroom/gcc-arm-embedded/10-2020-q4-major/gcc-arm-none-eabi-10-2020-q4-major/bin/../lib/gcc/arm-none-eabi/10.2.1/../../../../arm-none-eabi/lib/thumb/v7e-m+fp/hard/libc_nano.a(lib_a-nano-reallocr.o)
                              /usr/local/Caskroom/gcc-arm-embedded/10-2020-q4-major/gcc-arm-none-eabi-10-2020-q4-major/bin/../lib/gcc/arm-none-eabi/10.2.1/../../../../arm-none-eabi/lib/thumb/v7e-m+fp/hard/libc_nano.a(lib_a-ecvtbuf.o) (_realloc_r)
/usr/local/Caskroom/gcc-arm-embedded/10-2020-q4-major/gcc-arm-none-eabi-10-2020-q4-major/bin/../lib/gcc/arm-none-eabi/10.2.1/../../../../arm-none-eabi/lib/thumb/v7e-m+fp/hard/libc_nano.a(lib_a-sbrkr.o)
                              /usr/local/Caskroom/gcc-arm-embedded/10-2020-q4-major/gcc-arm-none-eabi-10-2020-q4-major/bin/../lib/gcc/arm-none-eabi/10.2.1/../../../../arm-none-eabi/lib/thumb/v7e-m+fp/hard/libc_nano.a(lib_a-nano-mallocr.o) (_sbrk_r)
/usr/local/Caskroom/gcc-arm-embedded/10-2020-q4-major/gcc-arm-none-eabi-10-2020-q4-major/bin/../lib/gcc/arm-none-eabi/10.2.1/../../../../arm-none-eabi/lib/thumb/v7e-m+fp/hard/libc_nano.a(lib_a-strcpy.o)
[...]
Memory Configuration

Name             Origin             Length             Attributes
RAM              0x0000000020000000 0x0000000000008000 xrw
FLASH            0x0000000008000000 0x0000000000040000 xr
*default*        0x0000000000000000 0xffffffffffffffff

Linker script and memory map

LOAD /usr/local/Caskroom/gcc-arm-embedded/10-2020-q4-major/gcc-arm-none-eabi-10-2020-q4-major/bin/../lib/gcc/arm-none-eabi/10.2.1/thumb/v7e-m+fp/hard/crti.o
LOAD /usr/local/Caskroom/gcc-arm-embedded/10-2020-q4-major/gcc-arm-none-eabi-10-2020-q4-major/bin/../lib/gcc/arm-none-eabi/10.2.1/thumb/v7e-m+fp/hard/crtbegin.o
LOAD /usr/local/Caskroom/gcc-arm-embedded/10-2020-q4-major/gcc-arm-none-eabi-10-2020-q4-major/bin/../lib/gcc/arm-none-eabi/10.2.1/../../../../arm-none-eabi/lib/thumb/v7e-m+fp/hard/crt0.o
LOAD build/main.o
LOAD build/stm32f3xx_it.o
LOAD build/stm32f3xx_hal_msp.o
LOAD build/system_stm32f3xx.o
LOAD build/gpio.o
LOAD build/i2c.o
LOAD build/sdadc.o
LOAD build/tim.o
LOAD build/dma.o
LOAD build/stm32f3xx_hal_i2c.o
LOAD build/stm32f3xx_hal_i2c_ex.o
LOAD build/stm32f3xx_hal_sdadc.o
LOAD build/stm32f3xx_hal_tim.o
LOAD build/stm32f3xx_hal_tim_ex.o
LOAD build/stm32f3xx_hal.o
LOAD build/stm32f3xx_hal_rcc.o
LOAD build/stm32f3xx_hal_rcc_ex.o
LOAD build/stm32f3xx_hal_gpio.o
LOAD build/stm32f3xx_hal_dma.o
LOAD build/stm32f3xx_hal_cortex.o
LOAD build/stm32f3xx_hal_pwr.o
LOAD build/stm32f3xx_hal_pwr_ex.o
LOAD build/stm32f3xx_hal_flash.o
LOAD build/stm32f3xx_hal_flash_ex.o
LOAD build/yin.o
LOAD build/ssd1306.o
LOAD build/ips_font.o
LOAD build/startup_stm32f373xc.o
LOAD /usr/local/Caskroom/gcc-arm-embedded/10-2020-q4-major/gcc-arm-none-eabi-10-2020-q4-major/bin/../lib/gcc/arm-none-eabi/10.2.1/../../../../arm-none-eabi/lib/thumb/v7e-m+fp/hard/libc_nano.a
LOAD /usr/local/Caskroom/gcc-arm-embedded/10-2020-q4-major/gcc-arm-none-eabi-10-2020-q4-major/bin/../lib/gcc/arm-none-eabi/10.2.1/../../../../arm-none-eabi/lib/thumb/v7e-m+fp/hard/libm.a
LOAD /usr/local/Caskroom/gcc-arm-embedded/10-2020-q4-major/gcc-arm-none-eabi-10-2020-q4-major/bin/../lib/gcc/arm-none-eabi/10.2.1/../../../../arm-none-eabi/lib/thumb/v7e-m+fp/hard/libnosys.a
START GROUP
LOAD /usr/local/Caskroom/gcc-arm-embedded/10-2020-q4-major/gcc-arm-none-eabi-10-2020-q4-major/bin/../lib/gcc/arm-none-eabi/10.2.1/thumb/v7e-m+fp/hard/libgcc.a
LOAD /usr/local/Caskroom/gcc-arm-embedded/10-2020-q4-major/gcc-arm-none-eabi-10-2020-q4-major/bin/../lib/gcc/arm-none-eabi/10.2.1/../../../../arm-none-eabi/lib/thumb/v7e-m+fp/hard/libc_nano.a
END GROUP
START GROUP
LOAD /usr/local/Caskroom/gcc-arm-embedded/10-2020-q4-major/gcc-arm-none-eabi-10-2020-q4-major/bin/../lib/gcc/arm-none-eabi/10.2.1/thumb/v7e-m+fp/hard/libgcc.a
LOAD /usr/local/Caskroom/gcc-arm-embedded/10-2020-q4-major/gcc-arm-none-eabi-10-2020-q4-major/bin/../lib/gcc/arm-none-eabi/10.2.1/../../../../arm-none-eabi/lib/thumb/v7e-m+fp/hard/libc_nano.a
END GROUP
LOAD /usr/local/Caskroom/gcc-arm-embedded/10-2020-q4-major/gcc-arm-none-eabi-10-2020-q4-major/bin/../lib/gcc/arm-none-eabi/10.2.1/thumb/v7e-m+fp/hard/crtend.o
LOAD /usr/local/Caskroom/gcc-arm-embedded/10-2020-q4-major/gcc-arm-none-eabi-10-2020-q4-major/bin/../lib/gcc/arm-none-eabi/10.2.1/thumb/v7e-m+fp/hard/crtn.o
                0x0000000020008000                _estack = 0x20008000
                0x0000000000000200                _Min_Heap_Size = 0x200
                0x0000000000000400                _Min_Stack_Size = 0x400

.isr_vector     0x0000000008000000      0x188
                0x0000000008000000                . = ALIGN (0x4)
 *(.isr_vector)
 .isr_vector    0x0000000008000000      0x188 build/startup_stm32f373xc.o
                0x0000000008000000                g_pfnVectors
                0x0000000008000188                . = ALIGN (0x4)

.text           0x0000000008000190     0x6720
                0x0000000008000190                . = ALIGN (0x4)
 *(.text)
 .text          0x0000000008000190       0x40 /usr/local/Caskroom/gcc-arm-embedded/10-2020-q4-major/gcc-arm-none-eabi-10-2020-q4-major/bin/../lib/gcc/arm-none-eabi/10.2.1/thumb/v7e-m+fp/hard/crtbegin.o
 .text          0x00000000080001d0       0xa0 /usr/local/Caskroom/gcc-arm-embedded/10-2020-q4-major/gcc-arm-none-eabi-10-2020-q4-major/bin/../lib/gcc/arm-none-eabi/10.2.1/../../../../arm-none-eabi/lib/thumb/v7e-m+fp/hard/libc_nano.a(lib_a-memchr.o)
                0x00000000080001d0                memchr
 .text          0x0000000008000270      0x378 /usr/local/Caskroom/gcc-arm-embedded/10-2020-q4-major/gcc-arm-none-eabi-10-2020-q4-major/bin/../lib/gcc/arm-none-eabi/10.2.1/thumb/v7e-m+fp/hard/libgcc.a(_arm_addsubdf3.o)
                0x0000000008000270                __aeabi_drsub
                0x0000000008000278                __subdf3
                0x0000000008000278                __aeabi_dsub
                0x000000000800027c                __aeabi_dadd
                0x000000000800027c                __adddf3
                0x00000000080004f4                __aeabi_ui2d
                0x00000000080004f4                __floatunsidf
                0x0000000008000514                __floatsidf
                0x0000000008000514                __aeabi_i2d
                0x0000000008000538                __extendsfdf2
                0x0000000008000538                __aeabi_f2d
                0x000000000800057c                __aeabi_ul2d
                0x000000000800057c                __floatundidf
                0x000000000800058c                __aeabi_l2d
                0x000000000800058c                __floatdidf
 .text          0x00000000080005e8      0x424 /usr/local/Caskroom/gcc-arm-embedded/10-2020-q4-major/gcc-arm-none-eabi-10-2020-q4-major/bin/../lib/gcc/arm-none-eabi/10.2.1/thumb/v7e-m+fp/hard/libgcc.a(_arm_muldivdf3.o)
                0x00000000080005e8                __aeabi_dmul
                0x00000000080005e8                __muldf3
                0x000000000800083c                __aeabi_ddiv
                0x000000000800083c                __divdf3
 .text          0x0000000008000a0c      0x110 /usr/local/Caskroom/gcc-arm-embedded/10-2020-q4-major/gcc-arm-none-eabi-10-2020-q4-major/bin/../lib/gcc/arm-none-eabi/10.2.1/thumb/v7e-m+fp/hard/libgcc.a(_arm_cmpdf2.o)
                0x0000000008000a0c                __gedf2
                0x0000000008000a0c                __gtdf2
                0x0000000008000a14                __ledf2
                0x0000000008000a14                __ltdf2
                0x0000000008000a1c                __cmpdf2
                0x0000000008000a1c                __eqdf2
                0x0000000008000a1c                __nedf2
                0x0000000008000a98                __aeabi_cdrcmple
                0x0000000008000aa8                __aeabi_cdcmple
                0x0000000008000aa8                __aeabi_cdcmpeq
                0x0000000008000ab8                __aeabi_dcmpeq
                0x0000000008000acc                __aeabi_dcmplt
                0x0000000008000ae0                __aeabi_dcmple
                0x0000000008000af4                __aeabi_dcmpge
                0x0000000008000b08                __aeabi_dcmpgt
 .text          0x0000000008000b1c       0x50 /usr/local/Caskroom/gcc-arm-embedded/10-2020-q4-major/gcc-arm-none-eabi-10-2020-q4-major/bin/../lib/gcc/arm-none-eabi/10.2.1/thumb/v7e-m+fp/hard/libgcc.a(_arm_fixdfsi.o)
                0x0000000008000b1c                __fixdfsi
                0x0000000008000b1c                __aeabi_d2iz
 *(.text*)
 .text.SystemClock_Config
                0x0000000008000b6c       0x8e build/main.o
                0x0000000008000b6c                SystemClock_Config
 *fill*         0x0000000008000bfa        0x2 
 .text.main     0x0000000008000bfc      0x22c build/main.o
                0x0000000008000bfc                main
 .text.HAL_GPIO_EXTI_Callback
                0x0000000008000e28        0x2 build/main.o
                0x0000000008000e28                HAL_GPIO_EXTI_Callback
 *fill*         0x0000000008000e2a        0x2 
 .text.HAL_SDADC_InjectedConvCpltCallback
                0x0000000008000e2c       0x18 build/main.o
                0x0000000008000e2c                HAL_SDADC_InjectedConvCpltCallback
 .text.Error_Handler
                0x0000000008000e44        0x2 build/main.o
                0x0000000008000e44                Error_Handler
 .text.NMI_Handler
                0x0000000008000e46        0x2 build/stm32f3xx_it.o
                0x0000000008000e46                NMI_Handler
 .text.HardFault_Handler
                0x0000000008000e48        0x2 build/stm32f3xx_it.o
                0x0000000008000e48                HardFault_Handler
 .text.MemManage_Handler
                0x0000000008000e4a        0x2 build/stm32f3xx_it.o
                0x0000000008000e4a                MemManage_Handler
 .text.BusFault_Handler
                0x0000000008000e4c        0x2 build/stm32f3xx_it.o
                0x0000000008000e4c                BusFault_Handler
 .text.UsageFault_Handler
                0x0000000008000e4e        0x2 build/stm32f3xx_it.o
                0x0000000008000e4e                UsageFault_Handler
 .text.SVC_Handler
                0x0000000008000e50        0x2 build/stm32f3xx_it.o
                0x0000000008000e50                SVC_Handler
 .text.DebugMon_Handler
                0x0000000008000e52        0x2 build/stm32f3xx_it.o
                0x0000000008000e52                DebugMon_Handler
 .text.PendSV_Handler
                0x0000000008000e54        0x2 build/stm32f3xx_it.o
                0x0000000008000e54                PendSV_Handler
 .text.SysTick_Handler
                0x0000000008000e56        0x8 build/stm32f3xx_it.o
                0x0000000008000e56                SysTick_Handler
 .text.EXTI3_IRQHandler
                0x0000000008000e5e        0xa build/stm32f3xx_it.o
                0x0000000008000e5e                EXTI3_IRQHandler
 .text.EXTI9_5_IRQHandler
                0x0000000008000e68       0x1a build/stm32f3xx_it.o
                0x0000000008000e68                EXTI9_5_IRQHandler
 *fill*         0x0000000008000e82        0x2 
 .text.DMA2_Channel3_IRQHandler
                0x0000000008000e84       0x10 build/stm32f3xx_it.o
                0x0000000008000e84                DMA2_Channel3_IRQHandler
 .text.DMA2_Channel4_IRQHandler
                0x0000000008000e94       0x10 build/stm32f3xx_it.o
                0x0000000008000e94                DMA2_Channel4_IRQHandler
 .text.DMA2_Channel5_IRQHandler
                0x0000000008000ea4       0x10 build/stm32f3xx_it.o
                0x0000000008000ea4                DMA2_Channel5_IRQHandler
 .text.HAL_MspInit
                0x0000000008000eb4       0x30 build/stm32f3xx_hal_msp.o
                0x0000000008000eb4                HAL_MspInit
 .text.SystemInit
                0x0000000008000ee4       0x1c build/system_stm32f3xx.o
                0x0000000008000ee4                SystemInit
 .text.MX_GPIO_Init
                0x0000000008000f00      0x12c build/gpio.o
                0x0000000008000f00                MX_GPIO_Init
 .text.MX_I2C1_Init
                0x000000000800102c       0x64 build/i2c.o
                0x000000000800102c                MX_I2C1_Init
 .text.HAL_I2C_MspInit
                0x0000000008001090       0x6c build/i2c.o
                0x0000000008001090                HAL_I2C_MspInit
 .text.MX_SDADC1_Init
                0x00000000080010fc       0xc4 build/sdadc.o
                0x00000000080010fc                MX_SDADC1_Init
 .text.MX_SDADC2_Init
                0x00000000080011c0       0x68 build/sdadc.o
                0x00000000080011c0                MX_SDADC2_Init
 .text.MX_SDADC3_Init
                0x0000000008001228       0x68 build/sdadc.o
                0x0000000008001228                MX_SDADC3_Init
 .text.HAL_SDADC_MspInit
                0x0000000008001290      0x1a4 build/sdadc.o
                0x0000000008001290                HAL_SDADC_MspInit
 .text.MX_TIM4_Init
                0x0000000008001434       0x68 build/tim.o
                0x0000000008001434                MX_TIM4_Init
 .text.MX_TIM13_Init
                0x000000000800149c       0x70 build/tim.o
                0x000000000800149c                MX_TIM13_Init
 .text.HAL_TIM_PWM_MspInit
                0x000000000800150c       0x4c build/tim.o
                0x000000000800150c                HAL_TIM_PWM_MspInit
 .text.HAL_TIM_Encoder_MspInit
                0x0000000008001558       0x68 build/tim.o
                0x0000000008001558                HAL_TIM_Encoder_MspInit
 .text.HAL_TIM_Base_MspInit
                0x00000000080015c0       0x2c build/tim.o
                0x00000000080015c0                HAL_TIM_Base_MspInit
 .text.HAL_TIM_MspPostInit
                0x00000000080015ec       0xc8 build/tim.o
                0x00000000080015ec                HAL_TIM_MspPostInit
 .text.MX_TIM2_Init
                0x00000000080016b4       0xb8 build/tim.o
                0x00000000080016b4                MX_TIM2_Init
 .text.MX_TIM3_Init
                0x000000000800176c       0xa8 build/tim.o
                0x000000000800176c                MX_TIM3_Init
 .text.MX_DMA_Init
                0x0000000008001814       0x54 build/dma.o
                0x0000000008001814                MX_DMA_Init
 .text.I2C_Flush_TXDR
                0x0000000008001868       0x22 build/stm32f3xx_hal_i2c.o
 .text.I2C_TransferConfig
                0x000000000800188a       0x38 build/stm32f3xx_hal_i2c.o
 .text.I2C_IsAcknowledgeFailed
                0x00000000080018c2       0x82 build/stm32f3xx_hal_i2c.o
 .text.I2C_WaitOnTXISFlagUntilTimeout
                0x0000000008001944       0x54 build/stm32f3xx_hal_i2c.o
 .text.I2C_WaitOnFlagUntilTimeout
                0x0000000008001998       0x50 build/stm32f3xx_hal_i2c.o
 .text.I2C_RequestMemoryWrite
                0x00000000080019e8       0x90 build/stm32f3xx_hal_i2c.o
 .text.I2C_WaitOnSTOPFlagUntilTimeout
                0x0000000008001a78       0x4e build/stm32f3xx_hal_i2c.o
 .text.HAL_I2C_Init
                0x0000000008001ac6       0xbc build/stm32f3xx_hal_i2c.o
                0x0000000008001ac6                HAL_I2C_Init
 .text.HAL_I2C_Mem_Write
                0x0000000008001b82      0x1d4 build/stm32f3xx_hal_i2c.o
                0x0000000008001b82                HAL_I2C_Mem_Write
 .text.HAL_I2CEx_ConfigAnalogFilter
                0x0000000008001d56       0x5c build/stm32f3xx_hal_i2c_ex.o
                0x0000000008001d56                HAL_I2CEx_ConfigAnalogFilter
 .text.HAL_I2CEx_ConfigDigitalFilter
                0x0000000008001db2       0x58 build/stm32f3xx_hal_i2c_ex.o
                0x0000000008001db2                HAL_I2CEx_ConfigDigitalFilter
 .text.SDADC_ExitInitMode
                0x0000000008001e0a        0xc build/stm32f3xx_hal_sdadc.o
 .text.SDADC_GetInjChannelsNbr
                0x0000000008001e16       0x1c build/stm32f3xx_hal_sdadc.o
 .text.SDADC_EnterInitMode
                0x0000000008001e32       0x2e build/stm32f3xx_hal_sdadc.o
 .text.SDADC_InjConvStart
                0x0000000008001e60       0x60 build/stm32f3xx_hal_sdadc.o
 .text.SDADC_InjConvStop
                0x0000000008001ec0       0xb6 build/stm32f3xx_hal_sdadc.o
 *fill*         0x0000000008001f76        0x2 
 .text.HAL_SDADC_Init
                0x0000000008001f78       0xa4 build/stm32f3xx_hal_sdadc.o
                0x0000000008001f78                HAL_SDADC_Init
 .text.HAL_SDADC_PrepareChannelConfig
                0x000000000800201c       0x46 build/stm32f3xx_hal_sdadc.o
                0x000000000800201c                HAL_SDADC_PrepareChannelConfig
 *fill*         0x0000000008002062        0x2 
 .text.HAL_SDADC_AssociateChannelConfig
                0x0000000008002064       0x64 build/stm32f3xx_hal_sdadc.o
                0x0000000008002064                HAL_SDADC_AssociateChannelConfig
 .text.HAL_SDADC_InjectedConfigChannel
                0x00000000080020c8       0x42 build/stm32f3xx_hal_sdadc.o
                0x00000000080020c8                HAL_SDADC_InjectedConfigChannel
 *fill*         0x000000000800210a        0x2 
 .text.HAL_SDADC_SelectRegularTrigger
                0x000000000800210c       0x30 build/stm32f3xx_hal_sdadc.o
                0x000000000800210c                HAL_SDADC_SelectRegularTrigger
 .text.HAL_SDADC_SelectInjectedTrigger
                0x000000000800213c       0x2c build/stm32f3xx_hal_sdadc.o
                0x000000000800213c                HAL_SDADC_SelectInjectedTrigger
 .text.HAL_SDADC_SelectInjectedExtTrigger
                0x0000000008002168       0x44 build/stm32f3xx_hal_sdadc.o
                0x0000000008002168                HAL_SDADC_SelectInjectedExtTrigger
 .text.HAL_SDADC_SelectInjectedDelay
                0x00000000080021ac       0x40 build/stm32f3xx_hal_sdadc.o
                0x00000000080021ac                HAL_SDADC_SelectInjectedDelay
 .text.HAL_SDADC_CalibrationStart
                0x00000000080021ec       0x50 build/stm32f3xx_hal_sdadc.o
                0x00000000080021ec                HAL_SDADC_CalibrationStart
 .text.HAL_SDADC_PollForCalibEvent
                0x000000000800223c       0x50 build/stm32f3xx_hal_sdadc.o
                0x000000000800223c                HAL_SDADC_PollForCalibEvent
 .text.HAL_SDADC_InjectedStart_DMA
                0x000000000800228c       0xa0 build/stm32f3xx_hal_sdadc.o
                0x000000000800228c                HAL_SDADC_InjectedStart_DMA
 .text.HAL_SDADC_InjectedStop_DMA
                0x000000000800232c       0x38 build/stm32f3xx_hal_sdadc.o
                0x000000000800232c                HAL_SDADC_InjectedStop_DMA
 .text.HAL_SDADC_InjectedConvHalfCpltCallback
                0x0000000008002364        0x2 build/stm32f3xx_hal_sdadc.o
                0x0000000008002364                HAL_SDADC_InjectedConvHalfCpltCallback
 .text.SDADC_DMAInjectedHalfConvCplt
                0x0000000008002366        0xa build/stm32f3xx_hal_sdadc.o
 .text.SDADC_DMAInjectedConvCplt
                0x0000000008002370        0xa build/stm32f3xx_hal_sdadc.o
 .text.HAL_SDADC_ErrorCallback
                0x000000000800237a        0x2 build/stm32f3xx_hal_sdadc.o
                0x000000000800237a                HAL_SDADC_ErrorCallback
 .text.SDADC_DMAError
                0x000000000800237c        0xe build/stm32f3xx_hal_sdadc.o
 *fill*         0x000000000800238a        0x2 
 .text.TIM_Base_SetConfig
                0x000000000800238c       0xc4 build/stm32f3xx_hal_tim.o
                0x000000000800238c                TIM_Base_SetConfig
 .text.HAL_TIM_Base_Init
                0x0000000008002450       0x34 build/stm32f3xx_hal_tim.o
                0x0000000008002450                HAL_TIM_Base_Init
 .text.HAL_TIM_PWM_Init
                0x0000000008002484       0x34 build/stm32f3xx_hal_tim.o
                0x0000000008002484                HAL_TIM_PWM_Init
 .text.HAL_TIM_Encoder_Init
                0x00000000080024b8       0x9e build/stm32f3xx_hal_tim.o
                0x00000000080024b8                HAL_TIM_Encoder_Init
 *fill*         0x0000000008002556        0x2 
 .text.TIM_OC1_SetConfig
                0x0000000008002558       0x7c build/stm32f3xx_hal_tim.o
                0x0000000008002558                TIM_OC1_SetConfig
 .text.TIM_OC2_SetConfig
                0x00000000080025d4       0x5c build/stm32f3xx_hal_tim.o
                0x00000000080025d4                TIM_OC2_SetConfig
 .text.TIM_OC3_SetConfig
                0x0000000008002630       0x58 build/stm32f3xx_hal_tim.o
                0x0000000008002630                TIM_OC3_SetConfig
 .text.TIM_OC4_SetConfig
                0x0000000008002688       0x54 build/stm32f3xx_hal_tim.o
                0x0000000008002688                TIM_OC4_SetConfig
 .text.HAL_TIM_PWM_ConfigChannel
                0x00000000080026dc       0xdc build/stm32f3xx_hal_tim.o
                0x00000000080026dc                HAL_TIM_PWM_ConfigChannel
 .text.TIM_CCxChannelCmd
                0x00000000080027b8       0x1a build/stm32f3xx_hal_tim.o
                0x00000000080027b8                TIM_CCxChannelCmd
 *fill*         0x00000000080027d2        0x2 
 .text.HAL_TIM_PWM_Start
                0x00000000080027d4       0x40 build/stm32f3xx_hal_tim.o
                0x00000000080027d4                HAL_TIM_PWM_Start
 .text.HAL_TIM_PWM_Start_IT
                0x0000000008002814       0x84 build/stm32f3xx_hal_tim.o
                0x0000000008002814                HAL_TIM_PWM_Start_IT
 .text.HAL_TIMEx_MasterConfigSynchronization
                0x0000000008002898       0x52 build/stm32f3xx_hal_tim_ex.o
                0x0000000008002898                HAL_TIMEx_MasterConfigSynchronization
 *fill*         0x00000000080028ea        0x2 
 .text.HAL_InitTick
                0x00000000080028ec       0x4c build/stm32f3xx_hal.o
                0x00000000080028ec                HAL_InitTick
 .text.HAL_Init
                0x0000000008002938       0x24 build/stm32f3xx_hal.o
                0x0000000008002938                HAL_Init
 .text.HAL_IncTick
                0x000000000800295c       0x18 build/stm32f3xx_hal.o
                0x000000000800295c                HAL_IncTick
 .text.HAL_GetTick
                0x0000000008002974        0xc build/stm32f3xx_hal.o
                0x0000000008002974                HAL_GetTick
 .text.HAL_Delay
                0x0000000008002980       0x28 build/stm32f3xx_hal.o
                0x0000000008002980                HAL_Delay
 .text.HAL_RCC_OscConfig
                0x00000000080029a8      0x608 build/stm32f3xx_hal_rcc.o
                0x00000000080029a8                HAL_RCC_OscConfig
 .text.HAL_RCC_GetSysClockFreq
                0x0000000008002fb0       0x70 build/stm32f3xx_hal_rcc.o
                0x0000000008002fb0                HAL_RCC_GetSysClockFreq
 .text.HAL_RCC_ClockConfig
                0x0000000008003020      0x1a0 build/stm32f3xx_hal_rcc.o
                0x0000000008003020                HAL_RCC_ClockConfig
 .text.HAL_RCCEx_PeriphCLKConfig
                0x00000000080031c0      0x208 build/stm32f3xx_hal_rcc_ex.o
                0x00000000080031c0                HAL_RCCEx_PeriphCLKConfig
 .text.HAL_GPIO_Init
                0x00000000080033c8      0x19c build/stm32f3xx_hal_gpio.o
                0x00000000080033c8                HAL_GPIO_Init
 .text.HAL_GPIO_EXTI_IRQHandler
                0x0000000008003564       0x1c build/stm32f3xx_hal_gpio.o
                0x0000000008003564                HAL_GPIO_EXTI_IRQHandler
 .text.DMA_SetConfig
                0x0000000008003580       0x2c build/stm32f3xx_hal_dma.o
 .text.DMA_CalcBaseAndBitshift
                0x00000000080035ac       0x4c build/stm32f3xx_hal_dma.o
 .text.HAL_DMA_Init
                0x00000000080035f8       0x50 build/stm32f3xx_hal_dma.o
                0x00000000080035f8                HAL_DMA_Init
 .text.HAL_DMA_Start_IT
                0x0000000008003648       0x74 build/stm32f3xx_hal_dma.o
                0x0000000008003648                HAL_DMA_Start_IT
 .text.HAL_DMA_Abort
                0x00000000080036bc       0x2e build/stm32f3xx_hal_dma.o
                0x00000000080036bc                HAL_DMA_Abort
 .text.HAL_DMA_IRQHandler
                0x00000000080036ea       0xb4 build/stm32f3xx_hal_dma.o
                0x00000000080036ea                HAL_DMA_IRQHandler
 *fill*         0x000000000800379e        0x2 
 .text.HAL_NVIC_SetPriorityGrouping
                0x00000000080037a0       0x24 build/stm32f3xx_hal_cortex.o
                0x00000000080037a0                HAL_NVIC_SetPriorityGrouping
 .text.HAL_NVIC_SetPriority
                0x00000000080037c4       0x70 build/stm32f3xx_hal_cortex.o
                0x00000000080037c4                HAL_NVIC_SetPriority
 .text.HAL_NVIC_EnableIRQ
                0x0000000008003834       0x18 build/stm32f3xx_hal_cortex.o
                0x0000000008003834                HAL_NVIC_EnableIRQ
 .text.HAL_SYSTICK_Config
                0x000000000800384c       0x28 build/stm32f3xx_hal_cortex.o
                0x000000000800384c                HAL_SYSTICK_Config
 .text.HAL_PWREx_EnableSDADC
                0x0000000008003874       0x2c build/stm32f3xx_hal_pwr_ex.o
                0x0000000008003874                HAL_PWREx_EnableSDADC
 .text.Yin_difference
                0x00000000080038a0       0x56 build/yin.o
                0x00000000080038a0                Yin_difference
 *fill*         0x00000000080038f6        0x2 
 .text.Yin_cumulativeMeanNormalizedDifference
                0x00000000080038f8       0x40 build/yin.o
                0x00000000080038f8                Yin_cumulativeMeanNormalizedDifference
 .text.Yin_absoluteThreshold
                0x0000000008003938       0x9a build/yin.o
                0x0000000008003938                Yin_absoluteThreshold
 .text.Yin_parabolicInterpolation
                0x00000000080039d2       0xbe build/yin.o
                0x00000000080039d2                Yin_parabolicInterpolation
 .text.Yin_getPitch
                0x0000000008003a90       0x80 build/yin.o
                0x0000000008003a90                Yin_getPitch
 .text.ssd1306_WriteCommand
                0x0000000008003b10       0x2c build/ssd1306.o
                0x0000000008003b10                ssd1306_WriteCommand
 .text.ssd1306_WriteData
                0x0000000008003b3c       0x28 build/ssd1306.o
                0x0000000008003b3c                ssd1306_WriteData
 .text.ssd1306_Fill
                0x0000000008003b64       0x20 build/ssd1306.o
                0x0000000008003b64                ssd1306_Fill
 .text.ssd1306_UpdateScreen
                0x0000000008003b84       0x4c build/ssd1306.o
                0x0000000008003b84                ssd1306_UpdateScreen
 .text.ssd1306_Init
                0x0000000008003bd0       0xcc build/ssd1306.o
                0x0000000008003bd0                ssd1306_Init
 .text.ssd1306_DrawPixel
                0x0000000008003c9c       0x54 build/ssd1306.o
                0x0000000008003c9c                ssd1306_DrawPixel
 .text.ssd1306_WriteChar
                0x0000000008003cf0       0xbc build/ssd1306.o
                0x0000000008003cf0                ssd1306_WriteChar
 .text.ssd1306_SetCursor
                0x0000000008003dac        0xc build/ssd1306.o
                0x0000000008003dac                ssd1306_SetCursor
 .text.ssd1306_WriteString
                0x0000000008003db8       0x3a build/ssd1306.o
                0x0000000008003db8                ssd1306_WriteString
 *fill*         0x0000000008003df2        0x2 
 .text.Reset_Handler
                0x0000000008003df4       0x50 build/startup_stm32f373xc.o
                0x0000000008003df4                Reset_Handler
 .text.Default_Handler
                0x0000000008003e44        0x2 build/startup_stm32f373xc.o
                0x0000000008003e44                EXTI2_TSC_IRQHandler
                0x0000000008003e44                USB_HP_IRQHandler
                0x0000000008003e44                PVD_IRQHandler
                0x0000000008003e44                TAMP_STAMP_IRQHandler
                0x0000000008003e44                EXTI0_IRQHandler
                0x0000000008003e44                I2C2_EV_IRQHandler
                0x0000000008003e44                FPU_IRQHandler
                0x0000000008003e44                CAN_TX_IRQHandler
                0x0000000008003e44                SPI1_IRQHandler
                0x0000000008003e44                CAN_SCE_IRQHandler
                0x0000000008003e44                DMA2_Channel2_IRQHandler
                0x0000000008003e44                DMA1_Channel4_IRQHandler
                0x0000000008003e44                ADC1_IRQHandler
                0x0000000008003e44                TIM17_IRQHandler
                0x0000000008003e44                USART3_IRQHandler
                0x0000000008003e44                DMA1_Channel7_IRQHandler
                0x0000000008003e44                TIM4_IRQHandler
                0x0000000008003e44                CAN_RX1_IRQHandler
                0x0000000008003e44                DMA2_Channel1_IRQHandler
                0x0000000008003e44                I2C1_EV_IRQHandler
                0x0000000008003e44                DMA1_Channel6_IRQHandler
                0x0000000008003e44                TIM16_IRQHandler
                0x0000000008003e44                TIM3_IRQHandler
                0x0000000008003e44                RCC_IRQHandler
                0x0000000008003e44                DMA1_Channel1_IRQHandler
                0x0000000008003e44                Default_Handler
                0x0000000008003e44                CEC_IRQHandler
                0x0000000008003e44                EXTI15_10_IRQHandler
                0x0000000008003e44                TIM14_IRQHandler
                0x0000000008003e44                TIM13_IRQHandler
                0x0000000008003e44                TIM12_IRQHandler
                0x0000000008003e44                TIM7_IRQHandler
                0x0000000008003e44                TIM5_IRQHandler
                0x0000000008003e44                SDADC2_IRQHandler
                0x0000000008003e44                TIM15_IRQHandler
                0x0000000008003e44                TIM6_DAC1_IRQHandler
                0x0000000008003e44                RTC_WKUP_IRQHandler
                0x0000000008003e44                SPI2_IRQHandler
                0x0000000008003e44                DMA1_Channel5_IRQHandler
                0x0000000008003e44                USB_LP_IRQHandler
                0x0000000008003e44                EXTI4_IRQHandler
                0x0000000008003e44                COMP1_2_IRQHandler
                0x0000000008003e44                TIM18_DAC2_IRQHandler
                0x0000000008003e44                DMA1_Channel3_IRQHandler
                0x0000000008003e44                WWDG_IRQHandler
                0x0000000008003e44                SDADC1_IRQHandler
                0x0000000008003e44                TIM2_IRQHandler
                0x0000000008003e44                EXTI1_IRQHandler
                0x0000000008003e44                SDADC3_IRQHandler
                0x0000000008003e44                USART2_IRQHandler
                0x0000000008003e44                TIM19_IRQHandler
                0x0000000008003e44                I2C2_ER_IRQHandler
                0x0000000008003e44                DMA1_Channel2_IRQHandler
                0x0000000008003e44                FLASH_IRQHandler
                0x0000000008003e44                USART1_IRQHandler
                0x0000000008003e44                SPI3_IRQHandler
                0x0000000008003e44                CAN_RX0_IRQHandler
                0x0000000008003e44                I2C1_ER_IRQHandler
                0x0000000008003e44                USBWakeUp_IRQHandler
                0x0000000008003e44                RTC_Alarm_IRQHandler
 *fill*         0x0000000008003e46        0x2 
 .text.gcvt     0x0000000008003e48       0x48 /usr/local/Caskroom/gcc-arm-embedded/10-2020-q4-major/gcc-arm-none-eabi-10-2020-q4-major/bin/../lib/gcc/arm-none-eabi/10.2.1/../../../../arm-none-eabi/lib/thumb/v7e-m+fp/hard/libc_nano.a(lib_a-efgcvt.o)
                0x0000000008003e48                gcvt
 .text.__libc_init_array
                0x0000000008003e90       0x48 /usr/local/Caskroom/gcc-arm-embedded/10-2020-q4-major/gcc-arm-none-eabi-10-2020-q4-major/bin/../lib/gcc/arm-none-eabi/10.2.1/../../../../arm-none-eabi/lib/thumb/v7e-m+fp/hard/libc_nano.a(lib_a-init.o)
                0x0000000008003e90                __libc_init_array
 .text.memset   0x0000000008003ed8       0x10 /usr/local/Caskroom/gcc-arm-embedded/10-2020-q4-major/gcc-arm-none-eabi-10-2020-q4-major/bin/../lib/gcc/arm-none-eabi/10.2.1/../../../../arm-none-eabi/lib/thumb/v7e-m+fp/hard/libc_nano.a(lib_a-memset.o)
                0x0000000008003ed8                memset
 .text.print_e  0x0000000008003ee8       0xee /usr/local/Caskroom/gcc-arm-embedded/10-2020-q4-major/gcc-arm-none-eabi-10-2020-q4-major/bin/../lib/gcc/arm-none-eabi/10.2.1/../../../../arm-none-eabi/lib/thumb/v7e-m+fp/hard/libc_nano.a(lib_a-ecvtbuf.o)
 *fill*         0x0000000008003fd6        0x2 
 .text._gcvt    0x0000000008003fd8      0x180 /usr/local/Caskroom/gcc-arm-embedded/10-2020-q4-major/gcc-arm-none-eabi-10-2020-q4-major/bin/../lib/gcc/arm-none-eabi/10.2.1/../../../../arm-none-eabi/lib/thumb/v7e-m+fp/hard/libc_nano.a(lib_a-ecvtbuf.o)
                0x0000000008003fd8                _gcvt
 .text._Balloc  0x0000000008004158       0x80 /usr/local/Caskroom/gcc-arm-embedded/10-2020-q4-major/gcc-arm-none-eabi-10-2020-q4-major/bin/../lib/gcc/arm-none-eabi/10.2.1/../../../../arm-none-eabi/lib/thumb/v7e-m+fp/hard/libc_nano.a(lib_a-mprec.o)
                0x0000000008004158                _Balloc
 .text._Bfree   0x00000000080041d8       0x44 /usr/local/Caskroom/gcc-arm-embedded/10-2020-q4-major/gcc-arm-none-eabi-10-2020-q4-major/bin/../lib/gcc/arm-none-eabi/10.2.1/../../../../arm-none-eabi/lib/thumb/v7e-m+fp/hard/libc_nano.a(lib_a-mprec.o)
                0x00000000080041d8                _Bfree
 .text.__multadd
                0x000000000800421c       0x8c /usr/local/Caskroom/gcc-arm-embedded/10-2020-q4-major/gcc-arm-none-eabi-10-2020-q4-major/bin/../lib/gcc/arm-none-eabi/10.2.1/../../../../arm-none-eabi/lib/thumb/v7e-m+fp/hard/libc_nano.a(lib_a-mprec.o)
                0x000000000800421c                __multadd
 .text.__hi0bits
                0x00000000080042a8       0x40 /usr/local/Caskroom/gcc-arm-embedded/10-2020-q4-major/gcc-arm-none-eabi-10-2020-q4-major/bin/../lib/gcc/arm-none-eabi/10.2.1/../../../../arm-none-eabi/lib/thumb/v7e-m+fp/hard/libc_nano.a(lib_a-mprec.o)
                0x00000000080042a8                __hi0bits
 .text.__lo0bits
                0x00000000080042e8       0x5e /usr/local/Caskroom/gcc-arm-embedded/10-2020-q4-major/gcc-arm-none-eabi-10-2020-q4-major/bin/../lib/gcc/arm-none-eabi/10.2.1/../../../../arm-none-eabi/lib/thumb/v7e-m+fp/hard/libc_nano.a(lib_a-mprec.o)
                0x00000000080042e8                __lo0bits
 *fill*         0x0000000008004346        0x2 
 .text.__i2b    0x0000000008004348       0x2c /usr/local/Caskroom/gcc-arm-embedded/10-2020-q4-major/gcc-arm-none-eabi-10-2020-q4-major/bin/../lib/gcc/arm-none-eabi/10.2.1/../../../../arm-none-eabi/lib/thumb/v7e-m+fp/hard/libc_nano.a(lib_a-mprec.o)
                0x0000000008004348                __i2b
 .text.__multiply
                0x0000000008004374      0x154 /usr/local/Caskroom/gcc-arm-embedded/10-2020-q4-major/gcc-arm-none-eabi-10-2020-q4-major/bin/../lib/gcc/arm-none-eabi/10.2.1/../../../../arm-none-eabi/lib/thumb/v7e-m+fp/hard/libc_nano.a(lib_a-mprec.o)
                0x0000000008004374                __multiply
 .text.__pow5mult
                0x00000000080044c8       0xb4 /usr/local/Caskroom/gcc-arm-embedded/10-2020-q4-major/gcc-arm-none-eabi-10-2020-q4-major/bin/../lib/gcc/arm-none-eabi/10.2.1/../../../../arm-none-eabi/lib/thumb/v7e-m+fp/hard/libc_nano.a(lib_a-mprec.o)
                0x00000000080044c8                __pow5mult
 .text.__lshift
                0x000000000800457c       0xe0 /usr/local/Caskroom/gcc-arm-embedded/10-2020-q4-major/gcc-arm-none-eabi-10-2020-q4-major/bin/../lib/gcc/arm-none-eabi/10.2.1/../../../../arm-none-eabi/lib/thumb/v7e-m+fp/hard/libc_nano.a(lib_a-mprec.o)
                0x000000000800457c                __lshift
 .text.__mcmp   0x000000000800465c       0x38 /usr/local/Caskroom/gcc-arm-embedded/10-2020-q4-major/gcc-arm-none-eabi-10-2020-q4-major/bin/../lib/gcc/arm-none-eabi/10.2.1/../../../../arm-none-eabi/lib/thumb/v7e-m+fp/hard/libc_nano.a(lib_a-mprec.o)
                0x000000000800465c                __mcmp
 .text.__mdiff  0x0000000008004694      0x114 /usr/local/Caskroom/gcc-arm-embedded/10-2020-q4-major/gcc-arm-none-eabi-10-2020-q4-major/bin/../lib/gcc/arm-none-eabi/10.2.1/../../../../arm-none-eabi/lib/thumb/v7e-m+fp/hard/libc_nano.a(lib_a-mprec.o)
                0x0000000008004694                __mdiff
 .text.__d2b    0x00000000080047a8       0xb8 /usr/local/Caskroom/gcc-arm-embedded/10-2020-q4-major/gcc-arm-none-eabi-10-2020-q4-major/bin/../lib/gcc/arm-none-eabi/10.2.1/../../../../arm-none-eabi/lib/thumb/v7e-m+fp/hard/libc_nano.a(lib_a-mprec.o)
                0x00000000080047a8                __d2b
 .text._mprec_log10
                0x0000000008004860       0x3c /usr/local/Caskroom/gcc-arm-embedded/10-2020-q4-major/gcc-arm-none-eabi-10-2020-q4-major/bin/../lib/gcc/arm-none-eabi/10.2.1/../../../../arm-none-eabi/lib/thumb/v7e-m+fp/hard/libc_nano.a(lib_a-mprec.o)
                0x0000000008004860                _mprec_log10
 .text._calloc_r
                0x000000000800489c       0x1e /usr/local/Caskroom/gcc-arm-embedded/10-2020-q4-major/gcc-arm-none-eabi-10-2020-q4-major/bin/../lib/gcc/arm-none-eabi/10.2.1/../../../../arm-none-eabi/lib/thumb/v7e-m+fp/hard/libc_nano.a(lib_a-nano-callocr.o)
                0x000000000800489c                _calloc_r
 *fill*         0x00000000080048ba        0x2 
 .text._malloc_r
                0x00000000080048bc       0xb4 /usr/local/Caskroom/gcc-arm-embedded/10-2020-q4-major/gcc-arm-none-eabi-10-2020-q4-major/bin/../lib/gcc/arm-none-eabi/10.2.1/../../../../arm-none-eabi/lib/thumb/v7e-m+fp/hard/libc_nano.a(lib_a-nano-mallocr.o)
                0x00000000080048bc                _malloc_r
 .text._sbrk_r  0x0000000008004970       0x20 /usr/local/Caskroom/gcc-arm-embedded/10-2020-q4-major/gcc-arm-none-eabi-10-2020-q4-major/bin/../lib/gcc/arm-none-eabi/10.2.1/../../../../arm-none-eabi/lib/thumb/v7e-m+fp/hard/libc_nano.a(lib_a-sbrkr.o)
                0x0000000008004970                _sbrk_r
 .text.strcpy   0x0000000008004990       0x10 /usr/local/Caskroom/gcc-arm-embedded/10-2020-q4-major/gcc-arm-none-eabi-10-2020-q4-major/bin/../lib/gcc/arm-none-eabi/10.2.1/../../../../arm-none-eabi/lib/thumb/v7e-m+fp/hard/libc_nano.a(lib_a-strcpy.o)
                0x0000000008004990                strcpy
 .text.__assert_func
                0x00000000080049a0       0x3c /usr/local/Caskroom/gcc-arm-embedded/10-2020-q4-major/gcc-arm-none-eabi-10-2020-q4-major/bin/../lib/gcc/arm-none-eabi/10.2.1/../../../../arm-none-eabi/lib/thumb/v7e-m+fp/hard/libc_nano.a(lib_a-assert.o)
                0x00000000080049a0                __assert_func
 .text.quorem   0x00000000080049dc      0x116 /usr/local/Caskroom/gcc-arm-embedded/10-2020-q4-major/gcc-arm-none-eabi-10-2020-q4-major/bin/../lib/gcc/arm-none-eabi/10.2.1/../../../../arm-none-eabi/lib/thumb/v7e-m+fp/hard/libc_nano.a(lib_a-dtoa.o)
 *fill*         0x0000000008004af2        0x6 
 .text._dtoa_r  0x0000000008004af8      0xbdc /usr/local/Caskroom/gcc-arm-embedded/10-2020-q4-major/gcc-arm-none-eabi-10-2020-q4-major/bin/../lib/gcc/arm-none-eabi/10.2.1/../../../../arm-none-eabi/lib/thumb/v7e-m+fp/hard/libc_nano.a(lib_a-dtoa.o)
                0x0000000008004af8                _dtoa_r
 .text.fprintf  0x00000000080056d4       0x24 /usr/local/Caskroom/gcc-arm-embedded/10-2020-q4-major/gcc-arm-none-eabi-10-2020-q4-major/bin/../lib/gcc/arm-none-eabi/10.2.1/../../../../arm-none-eabi/lib/thumb/v7e-m+fp/hard/libc_nano.a(lib_a-fprintf.o)
                0x00000000080056d4                fprintf
                0x00000000080056d4                fiprintf
 .text.malloc   0x00000000080056f8       0x10 /usr/local/Caskroom/gcc-arm-embedded/10-2020-q4-major/gcc-arm-none-eabi-10-2020-q4-major/bin/../lib/gcc/arm-none-eabi/10.2.1/../../../../arm-none-eabi/lib/thumb/v7e-m+fp/hard/libc_nano.a(lib_a-malloc.o)
                0x00000000080056f8                malloc
 .text.memcpy   0x0000000008005708       0x1c /usr/local/Caskroom/gcc-arm-embedded/10-2020-q4-major/gcc-arm-none-eabi-10-2020-q4-major/bin/../lib/gcc/arm-none-eabi/10.2.1/../../../../arm-none-eabi/lib/thumb/v7e-m+fp/hard/libc_nano.a(lib_a-memcpy-stub.o)
                0x0000000008005708                memcpy
 .text.__malloc_lock
                0x0000000008005724        0xc /usr/local/Caskroom/gcc-arm-embedded/10-2020-q4-major/gcc-arm-none-eabi-10-2020-q4-major/bin/../lib/gcc/arm-none-eabi/10.2.1/../../../../arm-none-eabi/lib/thumb/v7e-m+fp/hard/libc_nano.a(lib_a-mlock.o)
                0x0000000008005724                __malloc_lock
 .text.__malloc_unlock
                0x0000000008005730        0xc /usr/local/Caskroom/gcc-arm-embedded/10-2020-q4-major/gcc-arm-none-eabi-10-2020-q4-major/bin/../lib/gcc/arm-none-eabi/10.2.1/../../../../arm-none-eabi/lib/thumb/v7e-m+fp/hard/libc_nano.a(lib_a-mlock.o)
                0x0000000008005730                __malloc_unlock
 .text._free_r  0x000000000800573c       0x98 /usr/local/Caskroom/gcc-arm-embedded/10-2020-q4-major/gcc-arm-none-eabi-10-2020-q4-major/bin/../lib/gcc/arm-none-eabi/10.2.1/../../../../arm-none-eabi/lib/thumb/v7e-m+fp/hard/libc_nano.a(lib_a-nano-freer.o)
                0x000000000800573c                _free_r
 .text.__sfputc_r
                0x00000000080057d4       0x2e /usr/local/Caskroom/gcc-arm-embedded/10-2020-q4-major/gcc-arm-none-eabi-10-2020-q4-major/bin/../lib/gcc/arm-none-eabi/10.2.1/../../../../arm-none-eabi/lib/thumb/v7e-m+fp/hard/libc_nano.a(lib_a-nano-vfprintf.o)
 .text.__sfputs_r
                0x0000000008005802       0x24 /usr/local/Caskroom/gcc-arm-embedded/10-2020-q4-major/gcc-arm-none-eabi-10-2020-q4-major/bin/../lib/gcc/arm-none-eabi/10.2.1/../../../../arm-none-eabi/lib/thumb/v7e-m+fp/hard/libc_nano.a(lib_a-nano-vfprintf.o)
                0x0000000008005802                __sfputs_r
 *fill*         0x0000000008005826        0x2 
 .text._vfprintf_r
                0x0000000008005828      0x260 /usr/local/Caskroom/gcc-arm-embedded/10-2020-q4-major/gcc-arm-none-eabi-10-2020-q4-major/bin/../lib/gcc/arm-none-eabi/10.2.1/../../../../arm-none-eabi/lib/thumb/v7e-m+fp/hard/libc_nano.a(lib_a-nano-vfprintf.o)
                0x0000000008005828                _vfiprintf_r
                0x0000000008005828                _vfprintf_r
 .text._printf_common
                0x0000000008005a88       0xda /usr/local/Caskroom/gcc-arm-embedded/10-2020-q4-major/gcc-arm-none-eabi-10-2020-q4-major/bin/../lib/gcc/arm-none-eabi/10.2.1/../../../../arm-none-eabi/lib/thumb/v7e-m+fp/hard/libc_nano.a(lib_a-nano-vfprintf_i.o)
                0x0000000008005a88                _printf_common
 *fill*         0x0000000008005b62        0x2 
 .text._printf_i
                0x0000000008005b64      0x24c /usr/local/Caskroom/gcc-arm-embedded/10-2020-q4-major/gcc-arm-none-eabi-10-2020-q4-major/bin/../lib/gcc/arm-none-eabi/10.2.1/../../../../arm-none-eabi/lib/thumb/v7e-m+fp/hard/libc_nano.a(lib_a-nano-vfprintf_i.o)
                0x0000000008005b64                _printf_i
 .text.__swbuf_r
                0x0000000008005db0       0xa4 /usr/local/Caskroom/gcc-arm-embedded/10-2020-q4-major/gcc-arm-none-eabi-10-2020-q4-major/bin/../lib/gcc/arm-none-eabi/10.2.1/../../../../arm-none-eabi/lib/thumb/v7e-m+fp/hard/libc_nano.a(lib_a-wbuf.o)
                0x0000000008005db0                __swbuf_r
 .text.__swsetup_r
                0x0000000008005e54       0xdc /usr/local/Caskroom/gcc-arm-embedded/10-2020-q4-major/gcc-arm-none-eabi-10-2020-q4-major/bin/../lib/gcc/arm-none-eabi/10.2.1/../../../../arm-none-eabi/lib/thumb/v7e-m+fp/hard/libc_nano.a(lib_a-wsetup.o)
                0x0000000008005e54                __swsetup_r
 .text.abort    0x0000000008005f30        0xe /usr/local/Caskroom/gcc-arm-embedded/10-2020-q4-major/gcc-arm-none-eabi-10-2020-q4-major/bin/../lib/gcc/arm-none-eabi/10.2.1/../../../../arm-none-eabi/lib/thumb/v7e-m+fp/hard/libc_nano.a(lib_a-abort.o)
                0x0000000008005f30                abort
 *fill*         0x0000000008005f3e        0x2 
 .text.__sflush_r
                0x0000000008005f40      0x10c /usr/local/Caskroom/gcc-arm-embedded/10-2020-q4-major/gcc-arm-none-eabi-10-2020-q4-major/bin/../lib/gcc/arm-none-eabi/10.2.1/../../../../arm-none-eabi/lib/thumb/v7e-m+fp/hard/libc_nano.a(lib_a-fflush.o)
                0x0000000008005f40                __sflush_r
 .text._fflush_r
                0x000000000800604c       0x78 /usr/local/Caskroom/gcc-arm-embedded/10-2020-q4-major/gcc-arm-none-eabi-10-2020-q4-major/bin/../lib/gcc/arm-none-eabi/10.2.1/../../../../arm-none-eabi/lib/thumb/v7e-m+fp/hard/libc_nano.a(lib_a-fflush.o)
                0x000000000800604c                _fflush_r
 .text.std      0x00000000080060c4       0x48 /usr/local/Caskroom/gcc-arm-embedded/10-2020-q4-major/gcc-arm-none-eabi-10-2020-q4-major/bin/../lib/gcc/arm-none-eabi/10.2.1/../../../../arm-none-eabi/lib/thumb/v7e-m+fp/hard/libc_nano.a(lib_a-findfp.o)
 .text._cleanup_r
                0x000000000800610c        0xc /usr/local/Caskroom/gcc-arm-embedded/10-2020-q4-major/gcc-arm-none-eabi-10-2020-q4-major/bin/../lib/gcc/arm-none-eabi/10.2.1/../../../../arm-none-eabi/lib/thumb/v7e-m+fp/hard/libc_nano.a(lib_a-findfp.o)
                0x000000000800610c                _cleanup_r
 .text.__sfmoreglue
                0x0000000008006118       0x2c /usr/local/Caskroom/gcc-arm-embedded/10-2020-q4-major/gcc-arm-none-eabi-10-2020-q4-major/bin/../lib/gcc/arm-none-eabi/10.2.1/../../../../arm-none-eabi/lib/thumb/v7e-m+fp/hard/libc_nano.a(lib_a-findfp.o)
                0x0000000008006118                __sfmoreglue
 .text.__sfp_lock_acquire
                0x0000000008006144        0xc /usr/local/Caskroom/gcc-arm-embedded/10-2020-q4-major/gcc-arm-none-eabi-10-2020-q4-major/bin/../lib/gcc/arm-none-eabi/10.2.1/../../../../arm-none-eabi/lib/thumb/v7e-m+fp/hard/libc_nano.a(lib_a-findfp.o)
                0x0000000008006144                __sfp_lock_acquire
 .text.__sfp_lock_release
                0x0000000008006150        0xc /usr/local/Caskroom/gcc-arm-embedded/10-2020-q4-major/gcc-arm-none-eabi-10-2020-q4-major/bin/../lib/gcc/arm-none-eabi/10.2.1/../../../../arm-none-eabi/lib/thumb/v7e-m+fp/hard/libc_nano.a(lib_a-findfp.o)
                0x0000000008006150                __sfp_lock_release
 .text.__sinit_lock_acquire
                0x000000000800615c        0xc /usr/local/Caskroom/gcc-arm-embedded/10-2020-q4-major/gcc-arm-none-eabi-10-2020-q4-major/bin/../lib/gcc/arm-none-eabi/10.2.1/../../../../arm-none-eabi/lib/thumb/v7e-m+fp/hard/libc_nano.a(lib_a-findfp.o)
                0x000000000800615c                __sinit_lock_acquire
 .text.__sinit_lock_release
                0x0000000008006168        0xc /usr/local/Caskroom/gcc-arm-embedded/10-2020-q4-major/gcc-arm-none-eabi-10-2020-q4-major/bin/../lib/gcc/arm-none-eabi/10.2.1/../../../../arm-none-eabi/lib/thumb/v7e-m+fp/hard/libc_nano.a(lib_a-findfp.o)
                0x0000000008006168                __sinit_lock_release
 .text.__sinit  0x0000000008006174       0x70 /usr/local/Caskroom/gcc-arm-embedded/10-2020-q4-major/gcc-arm-none-eabi-10-2020-q4-major/bin/../lib/gcc/arm-none-eabi/10.2.1/../../../../arm-none-eabi/lib/thumb/v7e-m+fp/hard/libc_nano.a(lib_a-findfp.o)
                0x0000000008006174                __sinit
 .text.__sfp    0x00000000080061e4       0x8c /usr/local/Caskroom/gcc-arm-embedded/10-2020-q4-major/gcc-arm-none-eabi-10-2020-q4-major/bin/../lib/gcc/arm-none-eabi/10.2.1/../../../../arm-none-eabi/lib/thumb/v7e-m+fp/hard/libc_nano.a(lib_a-findfp.o)
                0x00000000080061e4                __sfp
 .text._fwalk_reent
                0x0000000008006270       0x3e /usr/local/Caskroom/gcc-arm-embedded/10-2020-q4-major/gcc-arm-none-eabi-10-2020-q4-major/bin/../lib/gcc/arm-none-eabi/10.2.1/../../../../arm-none-eabi/lib/thumb/v7e-m+fp/hard/libc_nano.a(lib_a-fwalk.o)
                0x0000000008006270                _fwalk_reent
 .text.__retarget_lock_init_recursive
                0x00000000080062ae        0x2 /usr/local/Caskroom/gcc-arm-embedded/10-2020-q4-major/gcc-arm-none-eabi-10-2020-q4-major/bin/../lib/gcc/arm-none-eabi/10.2.1/../../../../arm-none-eabi/lib/thumb/v7e-m+fp/hard/libc_nano.a(lib_a-lock.o)
                0x00000000080062ae                __retarget_lock_init_recursive
 .text.__retarget_lock_acquire_recursive
                0x00000000080062b0        0x2 /usr/local/Caskroom/gcc-arm-embedded/10-2020-q4-major/gcc-arm-none-eabi-10-2020-q4-major/bin/../lib/gcc/arm-none-eabi/10.2.1/../../../../arm-none-eabi/lib/thumb/v7e-m+fp/hard/libc_nano.a(lib_a-lock.o)
                0x00000000080062b0                __retarget_lock_acquire_recursive
 .text.__retarget_lock_release_recursive
                0x00000000080062b2        0x2 /usr/local/Caskroom/gcc-arm-embedded/10-2020-q4-major/gcc-arm-none-eabi-10-2020-q4-major/bin/../lib/gcc/arm-none-eabi/10.2.1/../../../../arm-none-eabi/lib/thumb/v7e-m+fp/hard/libc_nano.a(lib_a-lock.o)
                0x00000000080062b2                __retarget_lock_release_recursive
 .text.__swhatbuf_r
                0x00000000080062b4       0x4a /usr/local/Caskroom/gcc-arm-embedded/10-2020-q4-major/gcc-arm-none-eabi-10-2020-q4-major/bin/../lib/gcc/arm-none-eabi/10.2.1/../../../../arm-none-eabi/lib/thumb/v7e-m+fp/hard/libc_nano.a(lib_a-makebuf.o)
                0x00000000080062b4                __swhatbuf_r
 *fill*         0x00000000080062fe        0x2 
 .text.__smakebuf_r
                0x0000000008006300       0x80 /usr/local/Caskroom/gcc-arm-embedded/10-2020-q4-major/gcc-arm-none-eabi-10-2020-q4-major/bin/../lib/gcc/arm-none-eabi/10.2.1/../../../../arm-none-eabi/lib/thumb/v7e-m+fp/hard/libc_nano.a(lib_a-makebuf.o)
                0x0000000008006300                __smakebuf_r
 .text._raise_r
                0x0000000008006380       0x50 /usr/local/Caskroom/gcc-arm-embedded/10-2020-q4-major/gcc-arm-none-eabi-10-2020-q4-major/bin/../lib/gcc/arm-none-eabi/10.2.1/../../../../arm-none-eabi/lib/thumb/v7e-m+fp/hard/libc_nano.a(lib_a-signal.o)
                0x0000000008006380                _raise_r
 .text.raise    0x00000000080063d0       0x10 /usr/local/Caskroom/gcc-arm-embedded/10-2020-q4-major/gcc-arm-none-eabi-10-2020-q4-major/bin/../lib/gcc/arm-none-eabi/10.2.1/../../../../arm-none-eabi/lib/thumb/v7e-m+fp/hard/libc_nano.a(lib_a-signal.o)
                0x00000000080063d0                raise
 .text._kill_r  0x00000000080063e0       0x24 /usr/local/Caskroom/gcc-arm-embedded/10-2020-q4-major/gcc-arm-none-eabi-10-2020-q4-major/bin/../lib/gcc/arm-none-eabi/10.2.1/../../../../arm-none-eabi/lib/thumb/v7e-m+fp/hard/libc_nano.a(lib_a-signalr.o)
                0x00000000080063e0                _kill_r
 .text._getpid_r
                0x0000000008006404        0x4 /usr/local/Caskroom/gcc-arm-embedded/10-2020-q4-major/gcc-arm-none-eabi-10-2020-q4-major/bin/../lib/gcc/arm-none-eabi/10.2.1/../../../../arm-none-eabi/lib/thumb/v7e-m+fp/hard/libc_nano.a(lib_a-signalr.o)
                0x0000000008006404                _getpid_r
 .text.__sread  0x0000000008006408       0x22 /usr/local/Caskroom/gcc-arm-embedded/10-2020-q4-major/gcc-arm-none-eabi-10-2020-q4-major/bin/../lib/gcc/arm-none-eabi/10.2.1/../../../../arm-none-eabi/lib/thumb/v7e-m+fp/hard/libc_nano.a(lib_a-stdio.o)
                0x0000000008006408                __sread
 .text.__swrite
                0x000000000800642a       0x38 /usr/local/Caskroom/gcc-arm-embedded/10-2020-q4-major/gcc-arm-none-eabi-10-2020-q4-major/bin/../lib/gcc/arm-none-eabi/10.2.1/../../../../arm-none-eabi/lib/thumb/v7e-m+fp/hard/libc_nano.a(lib_a-stdio.o)
                0x000000000800642a                __swrite
 .text.__sseek  0x0000000008006462       0x24 /usr/local/Caskroom/gcc-arm-embedded/10-2020-q4-major/gcc-arm-none-eabi-10-2020-q4-major/bin/../lib/gcc/arm-none-eabi/10.2.1/../../../../arm-none-eabi/lib/thumb/v7e-m+fp/hard/libc_nano.a(lib_a-stdio.o)
                0x0000000008006462                __sseek
 .text.__sclose
                0x0000000008006486        0x8 /usr/local/Caskroom/gcc-arm-embedded/10-2020-q4-major/gcc-arm-none-eabi-10-2020-q4-major/bin/../lib/gcc/arm-none-eabi/10.2.1/../../../../arm-none-eabi/lib/thumb/v7e-m+fp/hard/libc_nano.a(lib_a-stdio.o)
                0x0000000008006486                __sclose
 *fill*         0x000000000800648e        0x2 
 .text._write_r
                0x0000000008006490       0x24 /usr/local/Caskroom/gcc-arm-embedded/10-2020-q4-major/gcc-arm-none-eabi-10-2020-q4-major/bin/../lib/gcc/arm-none-eabi/10.2.1/../../../../arm-none-eabi/lib/thumb/v7e-m+fp/hard/libc_nano.a(lib_a-writer.o)
                0x0000000008006490                _write_r
 .text._close_r
                0x00000000080064b4       0x20 /usr/local/Caskroom/gcc-arm-embedded/10-2020-q4-major/gcc-arm-none-eabi-10-2020-q4-major/bin/../lib/gcc/arm-none-eabi/10.2.1/../../../../arm-none-eabi/lib/thumb/v7e-m+fp/hard/libc_nano.a(lib_a-closer.o)
                0x00000000080064b4                _close_r
 .text._fstat_r
                0x00000000080064d4       0x24 /usr/local/Caskroom/gcc-arm-embedded/10-2020-q4-major/gcc-arm-none-eabi-10-2020-q4-major/bin/../lib/gcc/arm-none-eabi/10.2.1/../../../../arm-none-eabi/lib/thumb/v7e-m+fp/hard/libc_nano.a(lib_a-fstatr.o)
                0x00000000080064d4                _fstat_r
 .text._isatty_r
                0x00000000080064f8       0x20 /usr/local/Caskroom/gcc-arm-embedded/10-2020-q4-major/gcc-arm-none-eabi-10-2020-q4-major/bin/../lib/gcc/arm-none-eabi/10.2.1/../../../../arm-none-eabi/lib/thumb/v7e-m+fp/hard/libc_nano.a(lib_a-isattyr.o)
                0x00000000080064f8                _isatty_r
 .text._lseek_r
                0x0000000008006518       0x24 /usr/local/Caskroom/gcc-arm-embedded/10-2020-q4-major/gcc-arm-none-eabi-10-2020-q4-major/bin/../lib/gcc/arm-none-eabi/10.2.1/../../../../arm-none-eabi/lib/thumb/v7e-m+fp/hard/libc_nano.a(lib_a-lseekr.o)
                0x0000000008006518                _lseek_r
 .text._read_r  0x000000000800653c       0x24 /usr/local/Caskroom/gcc-arm-embedded/10-2020-q4-major/gcc-arm-none-eabi-10-2020-q4-major/bin/../lib/gcc/arm-none-eabi/10.2.1/../../../../arm-none-eabi/lib/thumb/v7e-m+fp/hard/libc_nano.a(lib_a-readr.o)
                0x000000000800653c                _read_r
 .text.log2f    0x0000000008006560       0x14 /usr/local/Caskroom/gcc-arm-embedded/10-2020-q4-major/gcc-arm-none-eabi-10-2020-q4-major/bin/../lib/gcc/arm-none-eabi/10.2.1/../../../../arm-none-eabi/lib/thumb/v7e-m+fp/hard/libm.a(lib_a-wf_log2.o)
                0x0000000008006560                log2f
 .text.logf     0x0000000008006574       0x6c /usr/local/Caskroom/gcc-arm-embedded/10-2020-q4-major/gcc-arm-none-eabi-10-2020-q4-major/bin/../lib/gcc/arm-none-eabi/10.2.1/../../../../arm-none-eabi/lib/thumb/v7e-m+fp/hard/libm.a(lib_a-wf_log.o)
                0x0000000008006574                logf
 .text.__ieee754_logf
                0x00000000080065e0      0x200 /usr/local/Caskroom/gcc-arm-embedded/10-2020-q4-major/gcc-arm-none-eabi-10-2020-q4-major/bin/../lib/gcc/arm-none-eabi/10.2.1/../../../../arm-none-eabi/lib/thumb/v7e-m+fp/hard/libm.a(lib_a-ef_log.o)
                0x00000000080065e0                __ieee754_logf
 .text.nanf     0x00000000080067e0        0xc /usr/local/Caskroom/gcc-arm-embedded/10-2020-q4-major/gcc-arm-none-eabi-10-2020-q4-major/bin/../lib/gcc/arm-none-eabi/10.2.1/../../../../arm-none-eabi/lib/thumb/v7e-m+fp/hard/libm.a(lib_a-sf_nan.o)
                0x00000000080067e0                nanf
 .text._close   0x00000000080067ec       0x10 /usr/local/Caskroom/gcc-arm-embedded/10-2020-q4-major/gcc-arm-none-eabi-10-2020-q4-major/bin/../lib/gcc/arm-none-eabi/10.2.1/../../../../arm-none-eabi/lib/thumb/v7e-m+fp/hard/libnosys.a(close.o)
                0x00000000080067ec                _close
 .text._fstat   0x00000000080067fc       0x10 /usr/local/Caskroom/gcc-arm-embedded/10-2020-q4-major/gcc-arm-none-eabi-10-2020-q4-major/bin/../lib/gcc/arm-none-eabi/10.2.1/../../../../arm-none-eabi/lib/thumb/v7e-m+fp/hard/libnosys.a(fstat.o)
                0x00000000080067fc                _fstat
 .text._getpid  0x000000000800680c       0x10 /usr/local/Caskroom/gcc-arm-embedded/10-2020-q4-major/gcc-arm-none-eabi-10-2020-q4-major/bin/../lib/gcc/arm-none-eabi/10.2.1/../../../../arm-none-eabi/lib/thumb/v7e-m+fp/hard/libnosys.a(getpid.o)
                0x000000000800680c                _getpid
 .text._isatty  0x000000000800681c       0x10 /usr/local/Caskroom/gcc-arm-embedded/10-2020-q4-major/gcc-arm-none-eabi-10-2020-q4-major/bin/../lib/gcc/arm-none-eabi/10.2.1/../../../../arm-none-eabi/lib/thumb/v7e-m+fp/hard/libnosys.a(isatty.o)
                0x000000000800681c                _isatty
 .text._kill    0x000000000800682c       0x10 /usr/local/Caskroom/gcc-arm-embedded/10-2020-q4-major/gcc-arm-none-eabi-10-2020-q4-major/bin/../lib/gcc/arm-none-eabi/10.2.1/../../../../arm-none-eabi/lib/thumb/v7e-m+fp/hard/libnosys.a(kill.o)
                0x000000000800682c                _kill
 .text._lseek   0x000000000800683c       0x10 /usr/local/Caskroom/gcc-arm-embedded/10-2020-q4-major/gcc-arm-none-eabi-10-2020-q4-major/bin/../lib/gcc/arm-none-eabi/10.2.1/../../../../arm-none-eabi/lib/thumb/v7e-m+fp/hard/libnosys.a(lseek.o)
                0x000000000800683c                _lseek
 .text._read    0x000000000800684c       0x10 /usr/local/Caskroom/gcc-arm-embedded/10-2020-q4-major/gcc-arm-none-eabi-10-2020-q4-major/bin/../lib/gcc/arm-none-eabi/10.2.1/../../../../arm-none-eabi/lib/thumb/v7e-m+fp/hard/libnosys.a(read.o)
                0x000000000800684c                _read
 .text._sbrk    0x000000000800685c       0x1c /usr/local/Caskroom/gcc-arm-embedded/10-2020-q4-major/gcc-arm-none-eabi-10-2020-q4-major/bin/../lib/gcc/arm-none-eabi/10.2.1/../../../../arm-none-eabi/lib/thumb/v7e-m+fp/hard/libnosys.a(sbrk.o)
                0x000000000800685c                _sbrk
 .text._write   0x0000000008006878       0x10 /usr/local/Caskroom/gcc-arm-embedded/10-2020-q4-major/gcc-arm-none-eabi-10-2020-q4-major/bin/../lib/gcc/arm-none-eabi/10.2.1/../../../../arm-none-eabi/lib/thumb/v7e-m+fp/hard/libnosys.a(write.o)
                0x0000000008006878                _write
 .text._exit    0x0000000008006888        0x4 /usr/local/Caskroom/gcc-arm-embedded/10-2020-q4-major/gcc-arm-none-eabi-10-2020-q4-major/bin/../lib/gcc/arm-none-eabi/10.2.1/../../../../arm-none-eabi/lib/thumb/v7e-m+fp/hard/libnosys.a(_exit.o)
                0x0000000008006888                _exit
 .text.__errno  0x000000000800688c        0xc /usr/local/Caskroom/gcc-arm-embedded/10-2020-q4-major/gcc-arm-none-eabi-10-2020-q4-major/bin/../lib/gcc/arm-none-eabi/10.2.1/../../../../arm-none-eabi/lib/thumb/v7e-m+fp/hard/libc_nano.a(lib_a-errno.o)
                0x000000000800688c                __errno
 *(.glue_7)
 .glue_7        0x0000000008006898        0x0 linker stubs
 *(.glue_7t)
 .glue_7t       0x0000000008006898        0x0 linker stubs
 *(.eh_frame)
 .eh_frame      0x0000000008006898        0x0 /usr/local/Caskroom/gcc-arm-embedded/10-2020-q4-major/gcc-arm-none-eabi-10-2020-q4-major/bin/../lib/gcc/arm-none-eabi/10.2.1/thumb/v7e-m+fp/hard/crtbegin.o
 *(.init)
 .init          0x0000000008006898        0x4 /usr/local/Caskroom/gcc-arm-embedded/10-2020-q4-major/gcc-arm-none-eabi-10-2020-q4-major/bin/../lib/gcc/arm-none-eabi/10.2.1/thumb/v7e-m+fp/hard/crti.o
                0x0000000008006898                _init
 .init          0x000000000800689c        0x8 /usr/local/Caskroom/gcc-arm-embedded/10-2020-q4-major/gcc-arm-none-eabi-10-2020-q4-major/bin/../lib/gcc/arm-none-eabi/10.2.1/thumb/v7e-m+fp/hard/crtn.o
 *(.fini)
 .fini          0x00000000080068a4        0x4 /usr/local/Caskroom/gcc-arm-embedded/10-2020-q4-major/gcc-arm-none-eabi-10-2020-q4-major/bin/../lib/gcc/arm-none-eabi/10.2.1/thumb/v7e-m+fp/hard/crti.o
                0x00000000080068a4                _fini
 .fini          0x00000000080068a8        0x8 /usr/local/Caskroom/gcc-arm-embedded/10-2020-q4-major/gcc-arm-none-eabi-10-2020-q4-major/bin/../lib/gcc/arm-none-eabi/10.2.1/thumb/v7e-m+fp/hard/crtn.o
                0x00000000080068b0                . = ALIGN (0x4)
                0x00000000080068b0                _etext = .

.vfp11_veneer   0x00000000080068b0        0x0
 .vfp11_veneer  0x00000000080068b0        0x0 linker stubs

.v4_bx          0x00000000080068b0        0x0
 .v4_bx         0x00000000080068b0        0x0 linker stubs

.iplt           0x00000000080068b0        0x0
 .iplt          0x00000000080068b0        0x0 /usr/local/Caskroom/gcc-arm-embedded/10-2020-q4-major/gcc-arm-none-eabi-10-2020-q4-major/bin/../lib/gcc/arm-none-eabi/10.2.1/thumb/v7e-m+fp/hard/crtbegin.o

.rodata         0x00000000080068b0      0xa78
                0x00000000080068b0                . = ALIGN (0x4)
 *(.rodata)
 .rodata        0x00000000080068b0       0x18 build/main.o
 *(.rodata*)
 .rodata.AHBPrescTable
                0x00000000080068c8       0x10 build/system_stm32f3xx.o
                0x00000000080068c8                AHBPrescTable
 .rodata.aPLLMULFactorTable
                0x00000000080068d8       0x10 build/stm32f3xx_hal_rcc.o
                0x00000000080068d8                aPLLMULFactorTable
 .rodata.aPredivFactorTable
                0x00000000080068e8       0x10 build/stm32f3xx_hal_rcc.o
                0x00000000080068e8                aPredivFactorTable
 .rodata.Font7x10
                0x00000000080068f8      0x76c build/ips_font.o
 .rodata._global_impure_ptr
                0x0000000008007064        0x4 /usr/local/Caskroom/gcc-arm-embedded/10-2020-q4-major/gcc-arm-none-eabi-10-2020-q4-major/bin/../lib/gcc/arm-none-eabi/10.2.1/../../../../arm-none-eabi/lib/thumb/v7e-m+fp/hard/libc_nano.a(lib_a-impure.o)
                0x0000000008007064                _global_impure_ptr
 .rodata._Balloc.str1.1
                0x0000000008007068       0x71 /usr/local/Caskroom/gcc-arm-embedded/10-2020-q4-major/gcc-arm-none-eabi-10-2020-q4-major/bin/../lib/gcc/arm-none-eabi/10.2.1/../../../../arm-none-eabi/lib/thumb/v7e-m+fp/hard/libc_nano.a(lib_a-mprec.o)
 .rodata.__multadd.str1.1
                0x00000000080070d9       0x11 /usr/local/Caskroom/gcc-arm-embedded/10-2020-q4-major/gcc-arm-none-eabi-10-2020-q4-major/bin/../lib/gcc/arm-none-eabi/10.2.1/../../../../arm-none-eabi/lib/thumb/v7e-m+fp/hard/libc_nano.a(lib_a-mprec.o)
 *fill*         0x00000000080070ea        0x6 
 .rodata.__mprec_bigtens
                0x00000000080070f0       0x28 /usr/local/Caskroom/gcc-arm-embedded/10-2020-q4-major/gcc-arm-none-eabi-10-2020-q4-major/bin/../lib/gcc/arm-none-eabi/10.2.1/../../../../arm-none-eabi/lib/thumb/v7e-m+fp/hard/libc_nano.a(lib_a-mprec.o)
                0x00000000080070f0                __mprec_bigtens
 .rodata.__mprec_tens
                0x0000000008007118       0xc8 /usr/local/Caskroom/gcc-arm-embedded/10-2020-q4-major/gcc-arm-none-eabi-10-2020-q4-major/bin/../lib/gcc/arm-none-eabi/10.2.1/../../../../arm-none-eabi/lib/thumb/v7e-m+fp/hard/libc_nano.a(lib_a-mprec.o)
                0x0000000008007118                __mprec_tens
 .rodata.p05.0  0x00000000080071e0        0xc /usr/local/Caskroom/gcc-arm-embedded/10-2020-q4-major/gcc-arm-none-eabi-10-2020-q4-major/bin/../lib/gcc/arm-none-eabi/10.2.1/../../../../arm-none-eabi/lib/thumb/v7e-m+fp/hard/libc_nano.a(lib_a-mprec.o)
 .rodata.__assert_func.str1.1
                0x00000000080071ec       0x3c /usr/local/Caskroom/gcc-arm-embedded/10-2020-q4-major/gcc-arm-none-eabi-10-2020-q4-major/bin/../lib/gcc/arm-none-eabi/10.2.1/../../../../arm-none-eabi/lib/thumb/v7e-m+fp/hard/libc_nano.a(lib_a-assert.o)
                                         0x3d (size before relaxing)
 .rodata._dtoa_r.str1.1
                0x0000000008007228       0x68 /usr/local/Caskroom/gcc-arm-embedded/10-2020-q4-major/gcc-arm-none-eabi-10-2020-q4-major/bin/../lib/gcc/arm-none-eabi/10.2.1/../../../../arm-none-eabi/lib/thumb/v7e-m+fp/hard/libc_nano.a(lib_a-dtoa.o)
                                         0x90 (size before relaxing)
 .rodata._vfprintf_r.str1.1
                0x0000000008007290       0x11 /usr/local/Caskroom/gcc-arm-embedded/10-2020-q4-major/gcc-arm-none-eabi-10-2020-q4-major/bin/../lib/gcc/arm-none-eabi/10.2.1/../../../../arm-none-eabi/lib/thumb/v7e-m+fp/hard/libc_nano.a(lib_a-nano-vfprintf.o)
 .rodata._printf_i.str1.1
                0x00000000080072a1       0x22 /usr/local/Caskroom/gcc-arm-embedded/10-2020-q4-major/gcc-arm-none-eabi-10-2020-q4-major/bin/../lib/gcc/arm-none-eabi/10.2.1/../../../../arm-none-eabi/lib/thumb/v7e-m+fp/hard/libc_nano.a(lib_a-nano-vfprintf_i.o)
 *fill*         0x00000000080072c3        0x1 
 .rodata.__sf_fake_stderr
                0x00000000080072c4       0x20 /usr/local/Caskroom/gcc-arm-embedded/10-2020-q4-major/gcc-arm-none-eabi-10-2020-q4-major/bin/../lib/gcc/arm-none-eabi/10.2.1/../../../../arm-none-eabi/lib/thumb/v7e-m+fp/hard/libc_nano.a(lib_a-findfp.o)
                0x00000000080072c4                __sf_fake_stderr
 .rodata.__sf_fake_stdin
                0x00000000080072e4       0x20 /usr/local/Caskroom/gcc-arm-embedded/10-2020-q4-major/gcc-arm-none-eabi-10-2020-q4-major/bin/../lib/gcc/arm-none-eabi/10.2.1/../../../../arm-none-eabi/lib/thumb/v7e-m+fp/hard/libc_nano.a(lib_a-findfp.o)
                0x00000000080072e4                __sf_fake_stdin
 .rodata.__sf_fake_stdout
                0x0000000008007304       0x20 /usr/local/Caskroom/gcc-arm-embedded/10-2020-q4-major/gcc-arm-none-eabi-10-2020-q4-major/bin/../lib/gcc/arm-none-eabi/10.2.1/../../../../arm-none-eabi/lib/thumb/v7e-m+fp/hard/libc_nano.a(lib_a-findfp.o)
                0x0000000008007304                __sf_fake_stdout
 .rodata.logf.str1.4
                0x0000000008007324        0x1 /usr/local/Caskroom/gcc-arm-embedded/10-2020-q4-major/gcc-arm-none-eabi-10-2020-q4-major/bin/../lib/gcc/arm-none-eabi/10.2.1/../../../../arm-none-eabi/lib/thumb/v7e-m+fp/hard/libm.a(lib_a-wf_log.o)
                0x0000000008007328                . = ALIGN (0x4)
 *fill*         0x0000000008007325        0x3 

.rel.dyn        0x0000000008007328        0x0
 .rel.iplt      0x0000000008007328        0x0 /usr/local/Caskroom/gcc-arm-embedded/10-2020-q4-major/gcc-arm-none-eabi-10-2020-q4-major/bin/../lib/gcc/arm-none-eabi/10.2.1/thumb/v7e-m+fp/hard/crtbegin.o

.ARM.extab
 *(.ARM.extab* .gnu.linkonce.armextab.*)

.ARM            0x0000000008007328        0x0
                0x0000000008007328                __exidx_start = .
 *(.ARM.exidx*)
                0x0000000008007328                __exidx_end = .

.preinit_array  0x0000000008007328        0x0
                0x0000000008007328                PROVIDE (__preinit_array_start = .)
 *(.preinit_array*)
                0x0000000008007328                PROVIDE (__preinit_array_end = .)

.init_array     0x0000000008007328        0x4
                0x0000000008007328                PROVIDE (__init_array_start = .)
 *(SORT_BY_NAME(.init_array.*))
 *(.init_array*)
 .init_array    0x0000000008007328        0x4 /usr/local/Caskroom/gcc-arm-embedded/10-2020-q4-major/gcc-arm-none-eabi-10-2020-q4-major/bin/../lib/gcc/arm-none-eabi/10.2.1/thumb/v7e-m+fp/hard/crtbegin.o
                0x000000000800732c                PROVIDE (__init_array_end = .)

.fini_array     0x000000000800732c        0x4
                [!provide]                        PROVIDE (__fini_array_start = .)
 *(SORT_BY_NAME(.fini_array.*))
 *(.fini_array*)
 .fini_array    0x000000000800732c        0x4 /usr/local/Caskroom/gcc-arm-embedded/10-2020-q4-major/gcc-arm-none-eabi-10-2020-q4-major/bin/../lib/gcc/arm-none-eabi/10.2.1/thumb/v7e-m+fp/hard/crtbegin.o
                [!provide]                        PROVIDE (__fini_array_end = .)
                0x0000000008007330                _sidata = LOADADDR (.data)

.data           0x0000000020000000       0x7c load address 0x0000000008007330
                0x0000000020000000                . = ALIGN (0x4)
                0x0000000020000000                _sdata = .
 *(.data)
 *(.data*)
 .data.SystemCoreClock
                0x0000000020000000        0x4 build/system_stm32f3xx.o
                0x0000000020000000                SystemCoreClock
 .data.uwTickFreq
                0x0000000020000004        0x1 build/stm32f3xx_hal.o
                0x0000000020000004                uwTickFreq
 *fill*         0x0000000020000005        0x3 
 .data.uwTickPrio
                0x0000000020000008        0x4 build/stm32f3xx_hal.o
                0x0000000020000008                uwTickPrio
 .data.Font_7x10
                0x000000002000000c        0x8 build/ips_font.o
                0x000000002000000c                Font_7x10
 .data._impure_ptr
                0x0000000020000014        0x4 /usr/local/Caskroom/gcc-arm-embedded/10-2020-q4-major/gcc-arm-none-eabi-10-2020-q4-major/bin/../lib/gcc/arm-none-eabi/10.2.1/../../../../arm-none-eabi/lib/thumb/v7e-m+fp/hard/libc_nano.a(lib_a-impure.o)
                0x0000000020000014                _impure_ptr
 .data.impure_data
                0x0000000020000018       0x60 /usr/local/Caskroom/gcc-arm-embedded/10-2020-q4-major/gcc-arm-none-eabi-10-2020-q4-major/bin/../lib/gcc/arm-none-eabi/10.2.1/../../../../arm-none-eabi/lib/thumb/v7e-m+fp/hard/libc_nano.a(lib_a-impure.o)
 .data.__fdlib_version
                0x0000000020000078        0x1 /usr/local/Caskroom/gcc-arm-embedded/10-2020-q4-major/gcc-arm-none-eabi-10-2020-q4-major/bin/../lib/gcc/arm-none-eabi/10.2.1/../../../../arm-none-eabi/lib/thumb/v7e-m+fp/hard/libm.a(lib_a-s_lib_ver.o)
                0x0000000020000078                __fdlib_version
                0x000000002000007c                . = ALIGN (0x4)
 *fill*         0x0000000020000079        0x3 
                0x000000002000007c                _edata = .

.igot.plt       0x000000002000007c        0x0 load address 0x00000000080073ac
 .igot.plt      0x000000002000007c        0x0 /usr/local/Caskroom/gcc-arm-embedded/10-2020-q4-major/gcc-arm-none-eabi-10-2020-q4-major/bin/../lib/gcc/arm-none-eabi/10.2.1/thumb/v7e-m+fp/hard/crtbegin.o
                0x000000002000007c                . = ALIGN (0x4)

.bss            0x000000002000007c     0x2f30 load address 0x00000000080073ac
                0x000000002000007c                _sbss = .
                0x000000002000007c                __bss_start__ = _sbss
 *(.bss)
 .bss           0x000000002000007c       0x1c /usr/local/Caskroom/gcc-arm-embedded/10-2020-q4-major/gcc-arm-none-eabi-10-2020-q4-major/bin/../lib/gcc/arm-none-eabi/10.2.1/thumb/v7e-m+fp/hard/crtbegin.o
 *(.bss*)
 .bss.audiobuffer
                0x0000000020000098     0x1000 build/main.o
                0x0000000020000098                audiobuffer
 .bss.dmainput  0x0000000020001098     0x1000 build/main.o
                0x0000000020001098                dmainput
 .bss.ready     0x0000000020002098        0x1 build/main.o
                0x0000000020002098                ready
 *fill*         0x0000000020002099        0x3 
 .bss.hi2c1     0x000000002000209c       0x4c build/i2c.o
                0x000000002000209c                hi2c1
 .bss.hdma_sdadc1
                0x00000000200020e8       0x44 build/sdadc.o
                0x00000000200020e8                hdma_sdadc1
 .bss.hdma_sdadc2
                0x000000002000212c       0x44 build/sdadc.o
                0x000000002000212c                hdma_sdadc2
 .bss.hdma_sdadc3
                0x0000000020002170       0x44 build/sdadc.o
                0x0000000020002170                hdma_sdadc3
 .bss.hsdadc1   0x00000000200021b4       0x44 build/sdadc.o
                0x00000000200021b4                hsdadc1
 .bss.hsdadc2   0x00000000200021f8       0x44 build/sdadc.o
                0x00000000200021f8                hsdadc2
 .bss.hsdadc3   0x000000002000223c       0x44 build/sdadc.o
                0x000000002000223c                hsdadc3
 .bss.htim13    0x0000000020002280       0x40 build/tim.o
                0x0000000020002280                htim13
 .bss.htim2     0x00000000200022c0       0x40 build/tim.o
                0x00000000200022c0                htim2
 .bss.htim3     0x0000000020002300       0x40 build/tim.o
                0x0000000020002300                htim3
 .bss.htim4     0x0000000020002340       0x40 build/tim.o
                0x0000000020002340                htim4
 .bss.uwTick    0x0000000020002380        0x4 build/stm32f3xx_hal.o
                0x0000000020002380                uwTick
 .bss.yinobject
                0x0000000020002384      0x80c build/yin.o
                0x0000000020002384                yinobject
 .bss.SSD1306   0x0000000020002b90        0x6 build/ssd1306.o
                0x0000000020002b90                SSD1306
 *fill*         0x0000000020002b96        0x2 
 .bss.SSD1306_Buffer
                0x0000000020002b98      0x400 build/ssd1306.o
                0x0000000020002b98                SSD1306_Buffer
 .bss.__malloc_free_list
                0x0000000020002f98        0x4 /usr/local/Caskroom/gcc-arm-embedded/10-2020-q4-major/gcc-arm-none-eabi-10-2020-q4-major/bin/../lib/gcc/arm-none-eabi/10.2.1/../../../../arm-none-eabi/lib/thumb/v7e-m+fp/hard/libc_nano.a(lib_a-nano-mallocr.o)
                0x0000000020002f98                __malloc_free_list
 .bss.__malloc_sbrk_start
                0x0000000020002f9c        0x4 /usr/local/Caskroom/gcc-arm-embedded/10-2020-q4-major/gcc-arm-none-eabi-10-2020-q4-major/bin/../lib/gcc/arm-none-eabi/10.2.1/../../../../arm-none-eabi/lib/thumb/v7e-m+fp/hard/libc_nano.a(lib_a-nano-mallocr.o)
                0x0000000020002f9c                __malloc_sbrk_start
 .bss.errno     0x0000000020002fa0        0x4 /usr/local/Caskroom/gcc-arm-embedded/10-2020-q4-major/gcc-arm-none-eabi-10-2020-q4-major/bin/../lib/gcc/arm-none-eabi/10.2.1/../../../../arm-none-eabi/lib/thumb/v7e-m+fp/hard/libc_nano.a(lib_a-reent.o)
                0x0000000020002fa0                errno
 .bss.__lock___malloc_recursive_mutex
                0x0000000020002fa4        0x1 /usr/local/Caskroom/gcc-arm-embedded/10-2020-q4-major/gcc-arm-none-eabi-10-2020-q4-major/bin/../lib/gcc/arm-none-eabi/10.2.1/../../../../arm-none-eabi/lib/thumb/v7e-m+fp/hard/libc_nano.a(lib_a-lock.o)
                0x0000000020002fa4                __lock___malloc_recursive_mutex
 .bss.__lock___sfp_recursive_mutex
                0x0000000020002fa5        0x1 /usr/local/Caskroom/gcc-arm-embedded/10-2020-q4-major/gcc-arm-none-eabi-10-2020-q4-major/bin/../lib/gcc/arm-none-eabi/10.2.1/../../../../arm-none-eabi/lib/thumb/v7e-m+fp/hard/libc_nano.a(lib_a-lock.o)
                0x0000000020002fa5                __lock___sfp_recursive_mutex
 .bss.__lock___sinit_recursive_mutex
                0x0000000020002fa6        0x1 /usr/local/Caskroom/gcc-arm-embedded/10-2020-q4-major/gcc-arm-none-eabi-10-2020-q4-major/bin/../lib/gcc/arm-none-eabi/10.2.1/../../../../arm-none-eabi/lib/thumb/v7e-m+fp/hard/libc_nano.a(lib_a-lock.o)
                0x0000000020002fa6                __lock___sinit_recursive_mutex
 *fill*         0x0000000020002fa7        0x1 
 .bss.heap_end.0
                0x0000000020002fa8        0x4 /usr/local/Caskroom/gcc-arm-embedded/10-2020-q4-major/gcc-arm-none-eabi-10-2020-q4-major/bin/../lib/gcc/arm-none-eabi/10.2.1/../../../../arm-none-eabi/lib/thumb/v7e-m+fp/hard/libnosys.a(sbrk.o)
 *(COMMON)
                0x0000000020002fac                . = ALIGN (0x4)
                0x0000000020002fac                _ebss = .
                0x0000000020002fac                __bss_end__ = _ebss

._user_heap_stack
                0x0000000020002fac      0x604 load address 0x00000000080073ac
                0x0000000020002fb0                . = ALIGN (0x8)
 *fill*         0x0000000020002fac        0x4 
                0x0000000020002fb0                PROVIDE (end = .)
                [!provide]                        PROVIDE (_end = .)
                0x00000000200031b0                . = (. + _Min_Heap_Size)
 *fill*         0x0000000020002fb0      0x200 
                0x00000000200035b0                . = (. + _Min_Stack_Size)
 *fill*         0x00000000200031b0      0x400 
                0x00000000200035b0                . = ALIGN (0x8)

/DISCARD/
 libc.a(*)
 libm.a(*)
 libgcc.a(*)

.ARM.attributes
                0x0000000000000000       0x30
 *(.ARM.attributes)
 .ARM.attributes
                0x0000000000000000       0x1e /usr/local/Caskroom/gcc-arm-embedded/10-2020-q4-major/gcc-arm-none-eabi-10-2020-q4-major/bin/../lib/gcc/arm-none-eabi/10.2.1/thumb/v7e-m+fp/hard/crti.o
 .ARM.attributes
                0x000000000000001e       0x34 /usr/local/Caskroom/gcc-arm-embedded/10-2020-q4-major/gcc-arm-none-eabi-10-2020-q4-major/bin/../lib/gcc/arm-none-eabi/10.2.1/thumb/v7e-m+fp/hard/crtbegin.o
 .ARM.attributes
                0x0000000000000052       0x34 build/main.o
 .ARM.attributes
                0x0000000000000086       0x34 build/stm32f3xx_it.o
 .ARM.attributes
                0x00000000000000ba       0x34 build/stm32f3xx_hal_msp.o
 .ARM.attributes
                0x00000000000000ee       0x34 build/system_stm32f3xx.o
 .ARM.attributes
                0x0000000000000122       0x34 build/gpio.o
 .ARM.attributes
                0x0000000000000156       0x34 build/i2c.o
 .ARM.attributes
                0x000000000000018a       0x34 build/sdadc.o
 .ARM.attributes
                0x00000000000001be       0x34 build/tim.o
 .ARM.attributes
                0x00000000000001f2       0x34 build/dma.o
 .ARM.attributes
                0x0000000000000226       0x34 build/stm32f3xx_hal_i2c.o
 .ARM.attributes
                0x000000000000025a       0x34 build/stm32f3xx_hal_i2c_ex.o
 .ARM.attributes
                0x000000000000028e       0x34 build/stm32f3xx_hal_sdadc.o
 .ARM.attributes
                0x00000000000002c2       0x34 build/stm32f3xx_hal_tim.o
 .ARM.attributes
                0x00000000000002f6       0x34 build/stm32f3xx_hal_tim_ex.o
 .ARM.attributes
                0x000000000000032a       0x34 build/stm32f3xx_hal.o
 .ARM.attributes
                0x000000000000035e       0x34 build/stm32f3xx_hal_rcc.o
 .ARM.attributes
                0x0000000000000392       0x34 build/stm32f3xx_hal_rcc_ex.o
 .ARM.attributes
                0x00000000000003c6       0x34 build/stm32f3xx_hal_gpio.o
 .ARM.attributes
                0x00000000000003fa       0x34 build/stm32f3xx_hal_dma.o
 .ARM.attributes
                0x000000000000042e       0x34 build/stm32f3xx_hal_cortex.o
 .ARM.attributes
                0x0000000000000462       0x34 build/stm32f3xx_hal_pwr_ex.o
 .ARM.attributes
                0x0000000000000496       0x34 build/yin.o
 .ARM.attributes
                0x00000000000004ca       0x34 build/ssd1306.o
 .ARM.attributes
                0x00000000000004fe       0x39 build/ips_font.o
 .ARM.attributes
                0x0000000000000537       0x21 build/startup_stm32f373xc.o
 .ARM.attributes
                0x0000000000000558       0x34 /usr/local/Caskroom/gcc-arm-embedded/10-2020-q4-major/gcc-arm-none-eabi-10-2020-q4-major/bin/../lib/gcc/arm-none-eabi/10.2.1/../../../../arm-none-eabi/lib/thumb/v7e-m+fp/hard/libc_nano.a(lib_a-efgcvt.o)
 .ARM.attributes
                0x000000000000058c       0x32 /usr/local/Caskroom/gcc-arm-embedded/10-2020-q4-major/gcc-arm-none-eabi-10-2020-q4-major/bin/../lib/gcc/arm-none-eabi/10.2.1/../../../../arm-none-eabi/lib/thumb/v7e-m+fp/hard/libc_nano.a(lib_a-impure.o)
 .ARM.attributes
                0x00000000000005be       0x34 /usr/local/Caskroom/gcc-arm-embedded/10-2020-q4-major/gcc-arm-none-eabi-10-2020-q4-major/bin/../lib/gcc/arm-none-eabi/10.2.1/../../../../arm-none-eabi/lib/thumb/v7e-m+fp/hard/libc_nano.a(lib_a-init.o)
 .ARM.attributes
                0x00000000000005f2       0x34 /usr/local/Caskroom/gcc-arm-embedded/10-2020-q4-major/gcc-arm-none-eabi-10-2020-q4-major/bin/../lib/gcc/arm-none-eabi/10.2.1/../../../../arm-none-eabi/lib/thumb/v7e-m+fp/hard/libc_nano.a(lib_a-memset.o)
 .ARM.attributes
                0x0000000000000626       0x34 /usr/local/Caskroom/gcc-arm-embedded/10-2020-q4-major/gcc-arm-none-eabi-10-2020-q4-major/bin/../lib/gcc/arm-none-eabi/10.2.1/../../../../arm-none-eabi/lib/thumb/v7e-m+fp/hard/libc_nano.a(lib_a-ecvtbuf.o)
 .ARM.attributes
                0x000000000000065a       0x34 /usr/local/Caskroom/gcc-arm-embedded/10-2020-q4-major/gcc-arm-none-eabi-10-2020-q4-major/bin/../lib/gcc/arm-none-eabi/10.2.1/../../../../arm-none-eabi/lib/thumb/v7e-m+fp/hard/libc_nano.a(lib_a-mprec.o)
 .ARM.attributes
                0x000000000000068e       0x34 /usr/local/Caskroom/gcc-arm-embedded/10-2020-q4-major/gcc-arm-none-eabi-10-2020-q4-major/bin/../lib/gcc/arm-none-eabi/10.2.1/../../../../arm-none-eabi/lib/thumb/v7e-m+fp/hard/libc_nano.a(lib_a-nano-callocr.o)
 .ARM.attributes
                0x00000000000006c2       0x34 /usr/local/Caskroom/gcc-arm-embedded/10-2020-q4-major/gcc-arm-none-eabi-10-2020-q4-major/bin/../lib/gcc/arm-none-eabi/10.2.1/../../../../arm-none-eabi/lib/thumb/v7e-m+fp/hard/libc_nano.a(lib_a-nano-mallocr.o)
 .ARM.attributes
                0x00000000000006f6       0x34 /usr/local/Caskroom/gcc-arm-embedded/10-2020-q4-major/gcc-arm-none-eabi-10-2020-q4-major/bin/../lib/gcc/arm-none-eabi/10.2.1/../../../../arm-none-eabi/lib/thumb/v7e-m+fp/hard/libc_nano.a(lib_a-sbrkr.o)
 .ARM.attributes
                0x000000000000072a       0x34 /usr/local/Caskroom/gcc-arm-embedded/10-2020-q4-major/gcc-arm-none-eabi-10-2020-q4-major/bin/../lib/gcc/arm-none-eabi/10.2.1/../../../../arm-none-eabi/lib/thumb/v7e-m+fp/hard/libc_nano.a(lib_a-strcpy.o)
 .ARM.attributes
                0x000000000000075e       0x34 /usr/local/Caskroom/gcc-arm-embedded/10-2020-q4-major/gcc-arm-none-eabi-10-2020-q4-major/bin/../lib/gcc/arm-none-eabi/10.2.1/../../../../arm-none-eabi/lib/thumb/v7e-m+fp/hard/libc_nano.a(lib_a-assert.o)
 .ARM.attributes
                0x0000000000000792       0x34 /usr/local/Caskroom/gcc-arm-embedded/10-2020-q4-major/gcc-arm-none-eabi-10-2020-q4-major/bin/../lib/gcc/arm-none-eabi/10.2.1/../../../../arm-none-eabi/lib/thumb/v7e-m+fp/hard/libc_nano.a(lib_a-dtoa.o)
 .ARM.attributes
                0x00000000000007c6       0x34 /usr/local/Caskroom/gcc-arm-embedded/10-2020-q4-major/gcc-arm-none-eabi-10-2020-q4-major/bin/../lib/gcc/arm-none-eabi/10.2.1/../../../../arm-none-eabi/lib/thumb/v7e-m+fp/hard/libc_nano.a(lib_a-fprintf.o)
 .ARM.attributes
                0x00000000000007fa       0x34 /usr/local/Caskroom/gcc-arm-embedded/10-2020-q4-major/gcc-arm-none-eabi-10-2020-q4-major/bin/../lib/gcc/arm-none-eabi/10.2.1/../../../../arm-none-eabi/lib/thumb/v7e-m+fp/hard/libc_nano.a(lib_a-malloc.o)
 .ARM.attributes
                0x000000000000082e       0x34 /usr/local/Caskroom/gcc-arm-embedded/10-2020-q4-major/gcc-arm-none-eabi-10-2020-q4-major/bin/../lib/gcc/arm-none-eabi/10.2.1/../../../../arm-none-eabi/lib/thumb/v7e-m+fp/hard/libc_nano.a(lib_a-memcpy-stub.o)
 .ARM.attributes
                0x0000000000000862       0x34 /usr/local/Caskroom/gcc-arm-embedded/10-2020-q4-major/gcc-arm-none-eabi-10-2020-q4-major/bin/../lib/gcc/arm-none-eabi/10.2.1/../../../../arm-none-eabi/lib/thumb/v7e-m+fp/hard/libc_nano.a(lib_a-mlock.o)
 .ARM.attributes
                0x0000000000000896       0x34 /usr/local/Caskroom/gcc-arm-embedded/10-2020-q4-major/gcc-arm-none-eabi-10-2020-q4-major/bin/../lib/gcc/arm-none-eabi/10.2.1/../../../../arm-none-eabi/lib/thumb/v7e-m+fp/hard/libc_nano.a(lib_a-nano-freer.o)
 .ARM.attributes
                0x00000000000008ca       0x34 /usr/local/Caskroom/gcc-arm-embedded/10-2020-q4-major/gcc-arm-none-eabi-10-2020-q4-major/bin/../lib/gcc/arm-none-eabi/10.2.1/../../../../arm-none-eabi/lib/thumb/v7e-m+fp/hard/libc_nano.a(lib_a-nano-vfprintf.o)
 .ARM.attributes
                0x00000000000008fe       0x34 /usr/local/Caskroom/gcc-arm-embedded/10-2020-q4-major/gcc-arm-none-eabi-10-2020-q4-major/bin/../lib/gcc/arm-none-eabi/10.2.1/../../../../arm-none-eabi/lib/thumb/v7e-m+fp/hard/libc_nano.a(lib_a-nano-vfprintf_i.o)
 .ARM.attributes
                0x0000000000000932       0x34 /usr/local/Caskroom/gcc-arm-embedded/10-2020-q4-major/gcc-arm-none-eabi-10-2020-q4-major/bin/../lib/gcc/arm-none-eabi/10.2.1/../../../../arm-none-eabi/lib/thumb/v7e-m+fp/hard/libc_nano.a(lib_a-reent.o)
 .ARM.attributes
                0x0000000000000966       0x34 /usr/local/Caskroom/gcc-arm-embedded/10-2020-q4-major/gcc-arm-none-eabi-10-2020-q4-major/bin/../lib/gcc/arm-none-eabi/10.2.1/../../../../arm-none-eabi/lib/thumb/v7e-m+fp/hard/libc_nano.a(lib_a-wbuf.o)
 .ARM.attributes
                0x000000000000099a       0x34 /usr/local/Caskroom/gcc-arm-embedded/10-2020-q4-major/gcc-arm-none-eabi-10-2020-q4-major/bin/../lib/gcc/arm-none-eabi/10.2.1/../../../../arm-none-eabi/lib/thumb/v7e-m+fp/hard/libc_nano.a(lib_a-wsetup.o)
 .ARM.attributes
                0x00000000000009ce       0x34 /usr/local/Caskroom/gcc-arm-embedded/10-2020-q4-major/gcc-arm-none-eabi-10-2020-q4-major/bin/../lib/gcc/arm-none-eabi/10.2.1/../../../../arm-none-eabi/lib/thumb/v7e-m+fp/hard/libc_nano.a(lib_a-abort.o)
 .ARM.attributes
                0x0000000000000a02       0x34 /usr/local/Caskroom/gcc-arm-embedded/10-2020-q4-major/gcc-arm-none-eabi-10-2020-q4-major/bin/../lib/gcc/arm-none-eabi/10.2.1/../../../../arm-none-eabi/lib/thumb/v7e-m+fp/hard/libc_nano.a(lib_a-fflush.o)
 .ARM.attributes
                0x0000000000000a36       0x34 /usr/local/Caskroom/gcc-arm-embedded/10-2020-q4-major/gcc-arm-none-eabi-10-2020-q4-major/bin/../lib/gcc/arm-none-eabi/10.2.1/../../../../arm-none-eabi/lib/thumb/v7e-m+fp/hard/libc_nano.a(lib_a-findfp.o)
 .ARM.attributes
                0x0000000000000a6a       0x34 /usr/local/Caskroom/gcc-arm-embedded/10-2020-q4-major/gcc-arm-none-eabi-10-2020-q4-major/bin/../lib/gcc/arm-none-eabi/10.2.1/../../../../arm-none-eabi/lib/thumb/v7e-m+fp/hard/libc_nano.a(lib_a-fwalk.o)
 .ARM.attributes
                0x0000000000000a9e       0x34 /usr/local/Caskroom/gcc-arm-embedded/10-2020-q4-major/gcc-arm-none-eabi-10-2020-q4-major/bin/../lib/gcc/arm-none-eabi/10.2.1/../../../../arm-none-eabi/lib/thumb/v7e-m+fp/hard/libc_nano.a(lib_a-lock.o)
 .ARM.attributes
                0x0000000000000ad2       0x34 /usr/local/Caskroom/gcc-arm-embedded/10-2020-q4-major/gcc-arm-none-eabi-10-2020-q4-major/bin/../lib/gcc/arm-none-eabi/10.2.1/../../../../arm-none-eabi/lib/thumb/v7e-m+fp/hard/libc_nano.a(lib_a-makebuf.o)
 .ARM.attributes
                0x0000000000000b06       0x1c /usr/local/Caskroom/gcc-arm-embedded/10-2020-q4-major/gcc-arm-none-eabi-10-2020-q4-major/bin/../lib/gcc/arm-none-eabi/10.2.1/../../../../arm-none-eabi/lib/thumb/v7e-m+fp/hard/libc_nano.a(lib_a-memchr.o)
 .ARM.attributes
                0x0000000000000b22       0x34 /usr/local/Caskroom/gcc-arm-embedded/10-2020-q4-major/gcc-arm-none-eabi-10-2020-q4-major/bin/../lib/gcc/arm-none-eabi/10.2.1/../../../../arm-none-eabi/lib/thumb/v7e-m+fp/hard/libc_nano.a(lib_a-signal.o)
 .ARM.attributes
                0x0000000000000b56       0x34 /usr/local/Caskroom/gcc-arm-embedded/10-2020-q4-major/gcc-arm-none-eabi-10-2020-q4-major/bin/../lib/gcc/arm-none-eabi/10.2.1/../../../../arm-none-eabi/lib/thumb/v7e-m+fp/hard/libc_nano.a(lib_a-signalr.o)
 .ARM.attributes
                0x0000000000000b8a       0x34 /usr/local/Caskroom/gcc-arm-embedded/10-2020-q4-major/gcc-arm-none-eabi-10-2020-q4-major/bin/../lib/gcc/arm-none-eabi/10.2.1/../../../../arm-none-eabi/lib/thumb/v7e-m+fp/hard/libc_nano.a(lib_a-stdio.o)
 .ARM.attributes
                0x0000000000000bbe       0x34 /usr/local/Caskroom/gcc-arm-embedded/10-2020-q4-major/gcc-arm-none-eabi-10-2020-q4-major/bin/../lib/gcc/arm-none-eabi/10.2.1/../../../../arm-none-eabi/lib/thumb/v7e-m+fp/hard/libc_nano.a(lib_a-writer.o)
 .ARM.attributes
                0x0000000000000bf2       0x34 /usr/local/Caskroom/gcc-arm-embedded/10-2020-q4-major/gcc-arm-none-eabi-10-2020-q4-major/bin/../lib/gcc/arm-none-eabi/10.2.1/../../../../arm-none-eabi/lib/thumb/v7e-m+fp/hard/libc_nano.a(lib_a-closer.o)
 .ARM.attributes
                0x0000000000000c26       0x34 /usr/local/Caskroom/gcc-arm-embedded/10-2020-q4-major/gcc-arm-none-eabi-10-2020-q4-major/bin/../lib/gcc/arm-none-eabi/10.2.1/../../../../arm-none-eabi/lib/thumb/v7e-m+fp/hard/libc_nano.a(lib_a-fstatr.o)
 .ARM.attributes
                0x0000000000000c5a       0x34 /usr/local/Caskroom/gcc-arm-embedded/10-2020-q4-major/gcc-arm-none-eabi-10-2020-q4-major/bin/../lib/gcc/arm-none-eabi/10.2.1/../../../../arm-none-eabi/lib/thumb/v7e-m+fp/hard/libc_nano.a(lib_a-isattyr.o)
 .ARM.attributes
                0x0000000000000c8e       0x34 /usr/local/Caskroom/gcc-arm-embedded/10-2020-q4-major/gcc-arm-none-eabi-10-2020-q4-major/bin/../lib/gcc/arm-none-eabi/10.2.1/../../../../arm-none-eabi/lib/thumb/v7e-m+fp/hard/libc_nano.a(lib_a-lseekr.o)
 .ARM.attributes
                0x0000000000000cc2       0x34 /usr/local/Caskroom/gcc-arm-embedded/10-2020-q4-major/gcc-arm-none-eabi-10-2020-q4-major/bin/../lib/gcc/arm-none-eabi/10.2.1/../../../../arm-none-eabi/lib/thumb/v7e-m+fp/hard/libc_nano.a(lib_a-readr.o)
 .ARM.attributes
                0x0000000000000cf6       0x34 /usr/local/Caskroom/gcc-arm-embedded/10-2020-q4-major/gcc-arm-none-eabi-10-2020-q4-major/bin/../lib/gcc/arm-none-eabi/10.2.1/../../../../arm-none-eabi/lib/thumb/v7e-m+fp/hard/libm.a(lib_a-wf_log2.o)
 .ARM.attributes
                0x0000000000000d2a       0x34 /usr/local/Caskroom/gcc-arm-embedded/10-2020-q4-major/gcc-arm-none-eabi-10-2020-q4-major/bin/../lib/gcc/arm-none-eabi/10.2.1/../../../../arm-none-eabi/lib/thumb/v7e-m+fp/hard/libm.a(lib_a-wf_log.o)
 .ARM.attributes
                0x0000000000000d5e       0x34 /usr/local/Caskroom/gcc-arm-embedded/10-2020-q4-major/gcc-arm-none-eabi-10-2020-q4-major/bin/../lib/gcc/arm-none-eabi/10.2.1/../../../../arm-none-eabi/lib/thumb/v7e-m+fp/hard/libm.a(lib_a-ef_log.o)
 .ARM.attributes
                0x0000000000000d92       0x32 /usr/local/Caskroom/gcc-arm-embedded/10-2020-q4-major/gcc-arm-none-eabi-10-2020-q4-major/bin/../lib/gcc/arm-none-eabi/10.2.1/../../../../arm-none-eabi/lib/thumb/v7e-m+fp/hard/libm.a(lib_a-s_lib_ver.o)
 .ARM.attributes
                0x0000000000000dc4       0x34 /usr/local/Caskroom/gcc-arm-embedded/10-2020-q4-major/gcc-arm-none-eabi-10-2020-q4-major/bin/../lib/gcc/arm-none-eabi/10.2.1/../../../../arm-none-eabi/lib/thumb/v7e-m+fp/hard/libm.a(lib_a-sf_nan.o)
 .ARM.attributes
                0x0000000000000df8       0x34 /usr/local/Caskroom/gcc-arm-embedded/10-2020-q4-major/gcc-arm-none-eabi-10-2020-q4-major/bin/../lib/gcc/arm-none-eabi/10.2.1/../../../../arm-none-eabi/lib/thumb/v7e-m+fp/hard/libnosys.a(close.o)
 .ARM.attributes
                0x0000000000000e2c       0x34 /usr/local/Caskroom/gcc-arm-embedded/10-2020-q4-major/gcc-arm-none-eabi-10-2020-q4-major/bin/../lib/gcc/arm-none-eabi/10.2.1/../../../../arm-none-eabi/lib/thumb/v7e-m+fp/hard/libnosys.a(fstat.o)
 .ARM.attributes
                0x0000000000000e60       0x34 /usr/local/Caskroom/gcc-arm-embedded/10-2020-q4-major/gcc-arm-none-eabi-10-2020-q4-major/bin/../lib/gcc/arm-none-eabi/10.2.1/../../../../arm-none-eabi/lib/thumb/v7e-m+fp/hard/libnosys.a(getpid.o)
 .ARM.attributes
                0x0000000000000e94       0x34 /usr/local/Caskroom/gcc-arm-embedded/10-2020-q4-major/gcc-arm-none-eabi-10-2020-q4-major/bin/../lib/gcc/arm-none-eabi/10.2.1/../../../../arm-none-eabi/lib/thumb/v7e-m+fp/hard/libnosys.a(isatty.o)
 .ARM.attributes
                0x0000000000000ec8       0x34 /usr/local/Caskroom/gcc-arm-embedded/10-2020-q4-major/gcc-arm-none-eabi-10-2020-q4-major/bin/../lib/gcc/arm-none-eabi/10.2.1/../../../../arm-none-eabi/lib/thumb/v7e-m+fp/hard/libnosys.a(kill.o)
 .ARM.attributes
                0x0000000000000efc       0x34 /usr/local/Caskroom/gcc-arm-embedded/10-2020-q4-major/gcc-arm-none-eabi-10-2020-q4-major/bin/../lib/gcc/arm-none-eabi/10.2.1/../../../../arm-none-eabi/lib/thumb/v7e-m+fp/hard/libnosys.a(lseek.o)
 .ARM.attributes
                0x0000000000000f30       0x34 /usr/local/Caskroom/gcc-arm-embedded/10-2020-q4-major/gcc-arm-none-eabi-10-2020-q4-major/bin/../lib/gcc/arm-none-eabi/10.2.1/../../../../arm-none-eabi/lib/thumb/v7e-m+fp/hard/libnosys.a(read.o)
 .ARM.attributes
                0x0000000000000f64       0x34 /usr/local/Caskroom/gcc-arm-embedded/10-2020-q4-major/gcc-arm-none-eabi-10-2020-q4-major/bin/../lib/gcc/arm-none-eabi/10.2.1/../../../../arm-none-eabi/lib/thumb/v7e-m+fp/hard/libnosys.a(sbrk.o)
 .ARM.attributes
                0x0000000000000f98       0x34 /usr/local/Caskroom/gcc-arm-embedded/10-2020-q4-major/gcc-arm-none-eabi-10-2020-q4-major/bin/../lib/gcc/arm-none-eabi/10.2.1/../../../../arm-none-eabi/lib/thumb/v7e-m+fp/hard/libnosys.a(write.o)
 .ARM.attributes
                0x0000000000000fcc       0x34 /usr/local/Caskroom/gcc-arm-embedded/10-2020-q4-major/gcc-arm-none-eabi-10-2020-q4-major/bin/../lib/gcc/arm-none-eabi/10.2.1/../../../../arm-none-eabi/lib/thumb/v7e-m+fp/hard/libnosys.a(_exit.o)
 .ARM.attributes
                0x0000000000001000       0x1e /usr/local/Caskroom/gcc-arm-embedded/10-2020-q4-major/gcc-arm-none-eabi-10-2020-q4-major/bin/../lib/gcc/arm-none-eabi/10.2.1/thumb/v7e-m+fp/hard/libgcc.a(_arm_addsubdf3.o)
 .ARM.attributes
                0x000000000000101e       0x1e /usr/local/Caskroom/gcc-arm-embedded/10-2020-q4-major/gcc-arm-none-eabi-10-2020-q4-major/bin/../lib/gcc/arm-none-eabi/10.2.1/thumb/v7e-m+fp/hard/libgcc.a(_arm_muldivdf3.o)
 .ARM.attributes
                0x000000000000103c       0x1e /usr/local/Caskroom/gcc-arm-embedded/10-2020-q4-major/gcc-arm-none-eabi-10-2020-q4-major/bin/../lib/gcc/arm-none-eabi/10.2.1/thumb/v7e-m+fp/hard/libgcc.a(_arm_cmpdf2.o)
 .ARM.attributes
                0x000000000000105a       0x1e /usr/local/Caskroom/gcc-arm-embedded/10-2020-q4-major/gcc-arm-none-eabi-10-2020-q4-major/bin/../lib/gcc/arm-none-eabi/10.2.1/thumb/v7e-m+fp/hard/libgcc.a(_arm_fixdfsi.o)
 .ARM.attributes
                0x0000000000001078       0x34 /usr/local/Caskroom/gcc-arm-embedded/10-2020-q4-major/gcc-arm-none-eabi-10-2020-q4-major/bin/../lib/gcc/arm-none-eabi/10.2.1/../../../../arm-none-eabi/lib/thumb/v7e-m+fp/hard/libc_nano.a(lib_a-errno.o)
 .ARM.attributes
                0x00000000000010ac       0x1e /usr/local/Caskroom/gcc-arm-embedded/10-2020-q4-major/gcc-arm-none-eabi-10-2020-q4-major/bin/../lib/gcc/arm-none-eabi/10.2.1/thumb/v7e-m+fp/hard/crtn.o
OUTPUT(build/screen.elf elf32-littlearm)
LOAD linker stubs
LOAD /usr/local/Caskroom/gcc-arm-embedded/10-2020-q4-major/gcc-arm-none-eabi-10-2020-q4-major/bin/../lib/gcc/arm-none-eabi/10.2.1/../../../../arm-none-eabi/lib/thumb/v7e-m+fp/hard/libc.a
LOAD /usr/local/Caskroom/gcc-arm-embedded/10-2020-q4-major/gcc-arm-none-eabi-10-2020-q4-major/bin/../lib/gcc/arm-none-eabi/10.2.1/../../../../arm-none-eabi/lib/thumb/v7e-m+fp/hard/libm.a
LOAD /usr/local/Caskroom/gcc-arm-embedded/10-2020-q4-major/gcc-arm-none-eabi-10-2020-q4-major/bin/../lib/gcc/arm-none-eabi/10.2.1/thumb/v7e-m+fp/hard/libgcc.a

.debug_info     0x0000000000000000    0x16003
 .debug_info    0x0000000000000000     0x142c build/main.o
 .debug_info    0x000000000000142c      0x52d build/stm32f3xx_it.o
 .debug_info    0x0000000000001959      0x1d0 build/stm32f3xx_hal_msp.o
 .debug_info    0x0000000000001b29      0x484 build/system_stm32f3xx.o
 .debug_info    0x0000000000001fad      0x69e build/gpio.o
 .debug_info    0x000000000000264b      0xae1 build/i2c.o
 .debug_info    0x000000000000312c      0xee7 build/sdadc.o